26 actionable tasks: 12 executed, 14 from cache
