2026-04-06 14:00:11.090  3369-3457  ActivityTaskManager     system_server                        D  commitVisibility: ActivityRecord{141437674 u0 com.wind.ggbond.classtime.debug/com.wind.ggbond.classtime.MainActivity t10488}: visible=true visibleRequested=true, isInTransition=true 
2026-04-06 14:00:11.090  3369-3457  WindowManager           system_server                        I  Window{2df229a u0 Splash Screen com.wind.ggbond.classtime.debug} state from READY_TO_SHOW to HAS_DRAWN; reason: performShowLocked
2026-04-06 14:00:11.090  3369-3457  WindowStateExtImpl      system_server                        I  onSurfaceShowChange show = true mPackageName = com.wind.ggbond.classtime.debug parentPkgName = com.wind.ggbond.classtime.debug
2026-04-06 14:00:11.090  3369-3457  Transition              system_server                        D  collectOrderChanges onTopTasksEnd: [Task{8ae5751 #10488 type=standard A=10534:com.wind.ggbond.classtime.debug}], reportedOnTop:null, mOnTopTasksStart: [Task{8ae5751 #10488 type=standard A=10534:com.wind.ggbond.classtime.debug}], TDA child: [Task{b2d114e #10476 type=standard A=10412:com.tencent.mobileqq}, Task{d3f55ab #10473 type=standard A=10411:com.tencent.wework}, Task{90903fb #2 type=undefined}, Task{fa67b9f #10469 type=standard A=10518:com.hpbr.bosszhipin}, Task{6d80bc9 #10474 type=standard A=10383:com.tencent.mm}, Task{f92f9d2 #10481 type=standard A=10466:com.ss.android.yumme.video}, Task{4287f81 #10483 type=standard A=10408:android.task.qqmusic}, Task{715ce65 #1 type=home}, Task{1ecdda9 #10471 type=standard A=10526:com.ss.android.ugc.aweme}, Task{8ae5751 #10488 type=standard A=10534:com.wind.ggbond.classtime.debug}]
2026-04-06 14:00:11.090  3369-3457  OplusFlexi...ionManager system_server                        D  fixTransitType type result:1, targets: [ChangeInfo{52c6c95 container=Task{8ae5751 #10488 type=standard A=10534:com.wind.ggbond.classtime.debug} flags=0x10}, ChangeInfo{d3dd1aa container=Task{1ecdda9 #10471 type=standard A=10526:com.ss.android.ugc.aweme} flags=0x10}]
2026-04-06 14:00:11.091  3369-3457  OplusTrans...Controller system_server                        D  onTransactionReady, transition: 1673, info: {id=1673 t=OPEN f=0x0 trk=0 r=[0@Point(0, 0)] c=[{WCT{RemoteToken{4b138ee Task{8ae5751 #10488 type=standard A=10534:com.wind.ggbond.classtime.debug}}} m=OPEN f=NONE leash=Surface(name=Task=10488)/@0x9b43d11 sb=Rect(0, 0 - 1272, 2800) eb=Rect(0, 0 - 1272, 2800) epz=Point(1272, 2800) d=0 taskParent=-1},{WCT{RemoteToken{10dbea Task{1ecdda9 #10471 type=standard A=10526:com.ss.android.ugc.aweme}}} m=TO_BACK f=NONE leash=Surface(name=Task=10471)/@0x51837d5 sb=Rect(0, 0 - 1272, 2800) eb=Rect(0, 0 - 1272, 2800) epz=Point(1272, 2800) d=0 taskParent=-1}] 
                                                                                                    extendInfo=[
                                                                                                     OplusTransitionExtendedInfo{mTmpFinishT=null, mInOplusCompatMode=false, mIsProcessRunning=false, mHasMismatchBoundsTarget=false, mRecentsController=null, mRemoteTransition=null, mIsTranslucentActivityToHome=false, mAvoidInterceptKeyEventToHome=false, mIsFromHome=false, mParentLeash=null, mBackAnimClosingLeash=null, mIsOplusAnimRes=false, mKeepBgForContinuous=false, mIsBalAllow=true, mTaskNotInRecent=false, mIsPredictiveBackAnim=false, mIsMergedWithPredictive=false, mIsLaunchFromSpruce=false, mIsLaunchFromDrive=false, mGlobalSearchPageSwitch=false, mNeedNoAlphaGlobalSearchScene=false, mAssistScreenShowing=false, mSwipeUpBrowserScreenShowing=false, mUserIdTransition=0
                                                                                                    , mInRemoteScene=false, mInPreReady=false, mPreStart=false, mToken=null, mAbortByRemoteFromHome=false, mShellApplyToken=null, mRequestTransitionTaskId=10488, mAbortTransitionOnShell=0, mStartFromShortcut=false, mRemovedTaskId=-1, mTransitionInterruptType=0, mMergeSecondTaskId=-1, mTaskIdStartFromRecents=0, mTransitionId=1673, mCanUseSpringSlideAnim=false, mTransitionLaunchFrom=0, mFoldChangeType=-1, mAnimStartingPosition=[0, 0, 0, 0], mIsOpeningStkDialogActivity=false, mSecondaryHomeToFrontWhenUnFolding=false, mIsNeedApplyStartTForEmbedded=false
                                                                                                    , mNeedCanvasExitAnim=false, mMergeSecondTaskAnimation=false, mIsLaunchUnityStart=false, mIsLaunchFromAssistantByDefault=false, mSkipRemoteTransitionfalse, mIsStartFromKeyguard=false flags=0x0, mWCT=null, mIsOpenMergeToInValidPredictive=false}]}, targets : [ChangeInfo{52c6c95 container=Task{8ae5751 #10488 type=standard A=10534:com.wind.ggbond.classtime.debug} flags=0x10}, ChangeInfo{d3dd1aa container=Task{1ecdda9 #10471 type=standard A=10526:com.ss.android.ugc.aweme} flags=0x10}], participants: {ActivityRecord{47736546 u0 com.ss.android.ugc.aweme/.splash.SplashActivity t10471}, ActivityRecord{141437674 u0 com.wind.ggbond.classtime.debug/com.wind.ggbond.classtime.MainActivity t10488}, Task{8ae5751 #10488 type=standard A=10534:com.wind.ggbond.classtime.debug}}
2026-04-06 14:00:11.093  3369-3583  OplusAppSwitchListener  system_server                        D  Detect com.wind.ggbond.classtime.debug switch to foreground
2026-04-06 14:00:11.094  3369-3558  OplusThermalStats       system_server                        E  Error getting package info: com.wind.ggbond.classtime.debug
2026-04-06 14:00:11.095 26920-26958 OplusActivityManager    com.wind.ggbond.classtime.debug      D  get AMS extension: android.os.BinderProxy@6f7234d
2026-04-06 14:00:11.097 26920-26957 SurfaceSyncGroup        com.wind.ggbond.classtime.debug      D  preCreateSurfaceSyncGroupTimerThread
2026-04-06 14:00:11.098  6294-9696  Battery                 com.oplus.battery                    W  AppSwitchDetectorV2: OnAppSwitchObserver: onAppExit , info = OplusAppExitInfo = {  targetName = com.ss.android.ugc.aweme hasResumingActivity = true resumingPackageName = com.wind.ggbond.classtime.debug resumingActivityName = com.wind.ggbond.classtime.MainActivity resumingWindowMode = 1 isResumingMultiApp = false isResumingFirstStart = true extension = Bundle[mParcelledData.dataSize=644]} lastReg=1775445710928
2026-04-06 14:00:11.099  6294-9696  Battery                 com.oplus.battery                    W  ThermalControlUtils: mForegroundPkg=com.wind.ggbond.classtime.debug mLastWindowMode=1
2026-04-06 14:00:11.099  6294-9696  Battery                 com.oplus.battery                    W  StateManager: getAppType com.wind.ggbond.classtime.debug, last=1775454919273
2026-04-06 14:00:11.099  6294-9696  Battery                 com.oplus.battery                    W  ThermalControllHandler: tempLevel=[5],userMode=2,gameUserMode=7,appType=-1,envTempType=0,appStates=[],appSwitchSafetyMode=false,split=[],float=[],full=[com.wind.ggbond.classtime.debug], tempGear=[5],configItemName=common_config
2026-04-06 14:00:11.099  6294-9696  Battery                 com.oplus.battery                    W  StateManager: getAppType com.wind.ggbond.classtime.debug, last=1775454919273
2026-04-06 14:00:11.097  4628-23303 BindServiceNotify       com.oplus.exsystemservice            D  notifyActivityExit AppExitInfo{providerName='AddOnAppSwitch', targetName='com.ss.android.ugc.aweme.main.MainActivity', sourceExitInfo=OplusAppExitInfo = {  targetName = com.ss.android.ugc.aweme.main.MainActivity hasResumingActivity = true resumingPackageName = com.wind.ggbond.classtime.debug resumingActivityName = com.wind.ggbond.classtime.MainActivity resumingWindowMode = 1 isResumingMultiApp = false isResumingFirstStart = true extension = Bundle[mParcelledData.dataSize=680]}}
2026-04-06 14:00:11.099  4628-23303 ServiceConnectionHolder com.oplus.exsystemservice            D  unBindIfNeeded activityExit and AppExitInfo{providerName='AddOnAppSwitch', targetName='com.ss.android.ugc.aweme.main.MainActivity', sourceExitInfo=OplusAppExitInfo = {  targetName = com.ss.android.ugc.aweme.main.MainActivity hasResumingActivity = true resumingPackageName = com.wind.ggbond.classtime.debug resumingActivityName = com.wind.ggbond.classtime.MainActivity resumingWindowMode = 1 isResumingMultiApp = false isResumingFirstStart = true extension = Bundle[mParcelledData.dataSize=680]}}
2026-04-06 14:00:11.099 22159-24708 SceneSDK.1...tchAbility com.oplus.metis                      D  onAppSwitchEvent: AppSwitchEvent(timeStamp=1775455211098, eventType=2, targetName=com.ss.android.ugc.aweme, firstStart=false, multiApp=false, windowMode=0, resumingPackageName=com.wind.ggbond.classtime.debug, resumingActivityName=com.wind.ggbond.classtime.MainActivity, isResumingMultiApp=false, isResumingFirstStart=true)
2026-04-06 14:00:11.099 22159-24708 metis_v2_A...aCollector com.oplus.metis                      I  AppExitEvent =  com.ss.android.ugc.aweme, NextAppName = com.wind.ggbond.classtime.debug [base|com.oplus.metis|2.0.20-aa39d14]
2026-04-06 14:00:11.099  3369-3451  WindowManager           system_server                        V  Sent Transition (#1673) createdAt=04-06 14:00:10.988 via request=TransitionRequestInfo { type = OPEN, triggerTask = TaskInfo{userId=0 taskId=10488 effectiveUid=10534 displayId=0 isRunning=true baseIntent=Intent { act=android.intent.action.MAIN cat=[android.intent.category.LAUNCHER] flg=0x10000000 cmp=com.wind.ggbond.classtime.debug/com.wind.ggbond.classtime.MainActivity mCallingUid=2000 } baseActivity=ComponentInfo{com.wind.ggbond.classtime.debug/com.wind.ggbond.classtime.MainActivity} topActivity=ComponentInfo{com.wind.ggbond.classtime.debug/com.wind.ggbond.classtime.MainActivity} origActivity=null realActivity=ComponentInfo{com.wind.ggbond.classtime.debug/com.wind.ggbond.classtime.MainActivity}
                                                                                                     numActivities=1 lastActiveTime=129741833 supportsSplitScreenMultiWindow=true supportsMultiWindow=true supportsPocketStudioMultiWindow=true isInFlexibleEmbedded = false uid = 10534 pid = 0 resizeMode=1 isResizeable=true minWidth=-1 minHeight=-1 defaultMinSize=220 token=WCT{RemoteToken{4b138ee Task{8ae5751 #10488 type=standard A=10534:com.wind.ggbond.classtime.debug}}} topActivityType=1 pictureInPictureParams=null shouldDockBigOverlays=false launchIntoPipHostTaskId=-1 lastParentTaskIdBeforePip=-1 displayCutoutSafeInsets=Rect(0, 141 - 0, 0)
                                                                                                     topActivityInfo=ActivityInfo{4e1f18f com.wind.ggbond.classtime.MainActivity} launchCookies=[] positionInParent=Point(0, 0) parentTaskId=-1 isFocused=false isVisible=false isVisibleRequested=false isTopActivityNoDisplay=false isSleeping=false locusId=null displayAreaFeatureId=1 isTopActivityTransparent=false isActivityStackTransparent=false lastNonFullscreenBounds=Rect(332, 834 - 940, 2106) capturedLink=null capturedLinkTimestamp=0 requestedVisibleTypes=-9 topActivityRequestOpenInBrowserEducationTimestamp=0
                                                                                                     appCompatTaskInfo=AppCompatTaskInfo { topActivityInSizeCompat=false topActivityInOplusCompatMode=false eligibleForLetterboxEducation= false isLetterboxEducationEnabled= false isLetterboxDoubleTapEnabled= false eligibleForUserAspectRatioButton= false topActivityBoundsLetterboxed= false isFromLetterboxDoubleTap= false topActivityLetterboxVerticalPosition= -1 topActivityLetterboxHorizontalPosition= -1 topActivityLetterboxWidth=-1 topActivityLetterboxHeight=-1 topActivityAppBounds=Rect(0, 141 - 1272, 2800) isUserFullscreenOverrideEnabled=false isSystemFullscreenOverrideEnabled=false hasMinAspectRatioOverride=false topActivityLetterboxBounds=null cameraCompatTaskInfo=CameraCompatTaskInfo { freeformCameraCompatMode=inactive}} topActivityMainWindowFrame=null topActivityLetterboxInsets=Rect(0, 0 - 0, 0)
                                                                                                     mOplusExtraBundle = Bundle[{androidx.flexible.taskFrame=Rect(0, 0 - 0, 0), androidx.flexible.Alpha=1.0, androidx.activity.task.attach.blur=0, androidx.activity.LaunchInsensible=0, androidx.activity.LaunchCornerRadius=0, key_flexible_task_state=0, topActivitySupportAppInnerSplit=false, key_flexible_task_animating_type=-1, key_flexible_task_root_activity_processname=com.wind.ggbond.classtime.debug, androidx.activity.LaunchScenario=0, is_oplus_clone_task=false, flexible_super_mini_state=false, topRunningActivityHash=141437674, androidx.activity.LaunchScale=1.0, androidx.activity.LaunchShadowRadius=0, is_transient_hide_for_task_info=false, key_flexible_task_root_activity_pid=0, key_flexible_task_root_activity_uid=10534}]}, pipChange = null, remoteTransition = null, displayChange = null, flags = 0, debugId = 1673 }
2026-04-06 14:00:11.099  3369-3451  WindowManager           system_server                        V      info={id=1673 t=OPEN f=0x0 trk=0 r=[0@Point(0, 0)] c=[
                                                                                                            {WCT{RemoteToken{4b138ee Task{8ae5751 #10488 type=standard A=10534:com.wind.ggbond.classtime.debug}}} m=OPEN f=NONE leash=Surface(name=Task=10488)/@0x9b43d11 sb=Rect(0, 0 - 1272, 2800) eb=Rect(0, 0 - 1272, 2800) epz=Point(1272, 2800) d=0 taskParent=-1},
                                                                                                            {WCT{RemoteToken{10dbea Task{1ecdda9 #10471 type=standard A=10526:com.ss.android.ugc.aweme}}} m=TO_BACK f=NONE leash=Surface(name=Task=10471)/@0x51837d5 sb=Rect(0, 0 - 1272, 2800) eb=Rect(0, 0 - 1272, 2800) epz=Point(1272, 2800) d=0 taskParent=-1}
                                                                                                        ] 
                                                                                                    extendInfo=[
                                                                                                     OplusTransitionExtendedInfo{mTmpFinishT=null, mInOplusCompatMode=false, mIsProcessRunning=false, mHasMismatchBoundsTarget=false, mRecentsController=null, mRemoteTransition=null, mIsTranslucentActivityToHome=false, mAvoidInterceptKeyEventToHome=false, mIsFromHome=false, mParentLeash=null, mBackAnimClosingLeash=null, mIsOplusAnimRes=false, mKeepBgForContinuous=false, mIsBalAllow=true, mTaskNotInRecent=false, mIsPredictiveBackAnim=false, mIsMergedWithPredictive=false, mIsLaunchFromSpruce=false, mIsLaunchFromDrive=false, mGlobalSearchPageSwitch=false, mNeedNoAlphaGlobalSearchScene=false, mAssistScreenShowing=false, mSwipeUpBrowserScreenShowing=false, mUserIdTransition=0
                                                                                                    , mInRemoteScene=false, mInPreReady=false, mPreStart=false, mToken=null, mAbortByRemoteFromHome=false, mShellApplyToken=null, mRequestTransitionTaskId=10488, mAbortTransitionOnShell=0, mStartFromShortcut=false, mRemovedTaskId=-1, mTransitionInterruptType=0, mMergeSecondTaskId=-1, mTaskIdStartFromRecents=0, mTransitionId=1673, mCanUseSpringSlideAnim=false, mTransitionLaunchFrom=0, mFoldChangeType=-1, mAnimStartingPosition=[0, 0, 0, 0], mIsOpeningStkDialogActivity=false, mSecondaryHomeToFrontWhenUnFolding=false, mIsNeedApplyStartTForEmbedded=false
                                                                                                    , mNeedCanvasExitAnim=false, mMergeSecondTaskAnimation=false, mIsLaunchUnityStart=false, mIsLaunchFromAssistantByDefault=false, mSkipRemoteTransitionfalse, mIsStartFromKeyguard=false flags=0x0, mWCT=null, mIsOpenMergeToInValidPredictive=false}]}
2026-04-06 14:00:11.099  3369-4832  OplusBatte...iceFeature system_server                        D  setSmartCoolDown: coolDown = 5, normalCoolDown = 5, pkgName = com.wind.ggbond.classtime.debug
2026-04-06 14:00:11.095  6485-10789 MssPanelHelper          com.oplus.persist.multimedia         D  FOREGROUND_ACTIVITIES_CHANGED package: com.wind.ggbond.classtime.debug hasForegroundActivities: 1
2026-04-06 14:00:11.100  4628-23303 DCSEX-AppSwitchManager  com.oplus.exsystemservice            V  OnAppSwitchObserver: onAppExit, resuming = com.wind.ggbond.classtime.debug, target = com.ss.android.ugc.aweme, is ResumingFirstStart =  true, is ResumingMultiApp =  false, extensionInfo =  Bundle[mParcelledData.dataSize=644]
2026-04-06 14:00:11.101  4628-445   DCSEX-AppL...ntRecorder com.oplus.exsystemservice            D  onAppSwitch from = com.ss.android.ugc.aweme to = com.wind.ggbond.classtime.debug
2026-04-06 14:00:11.101 22229-22667 RemoteGuar...ityMonitor com.coloros.remoteguardservice       I  checkoutActivityChange topActivities = [com.wind.ggbond.classtime.debug] mProcessEnable: true
2026-04-06 14:00:11.102  3369-5363  OplusLaten...zerManager system_server                        D  enter pkg: com.wind.ggbond.classtime.debug isPrevBlackAppTop: false mIsBlackAppTop: false
2026-04-06 14:00:11.102  3369-5363  OplusEapManager         system_server                        D  mTargetEnterName :com.wind.ggbond.classtime.debug
2026-04-06 14:00:11.102  3369-3454  FlexibleWi...gerService system_server                        D  should not dispatch appeared task Task{8ae5751 #10488 type=standard A=10534:com.wind.ggbond.classtime.debug}
2026-04-06 14:00:11.102  3369-4832  OplusBatte...iceFeature system_server                        D  setSmartCoolDown: coolDown = 5, normalCoolDown = 5, pkgName = com.wind.ggbond.classtime.debug
2026-04-06 14:00:11.102  5420-5515  Athena                  com.oplus.athena                     I  AthenaDynamicReceiver: pre_app:com.ss.android.ugc.aweme, next_app:com.wind.ggbond.classtime.debug(10534|26920)
2026-04-06 14:00:11.102  3369-3592  VRR [OPlus...teService] system_server                        D  handleFrontAppChange pkgName: com.wind.ggbond.classtime.debug
2026-04-06 14:00:11.103 22159-22187 SceneSDK.1...tchAbility com.oplus.metis                      D  onAppSwitchEvent: AppSwitchEvent(timeStamp=1775455211098, eventType=2, targetName=com.ss.android.ugc.aweme, firstStart=false, multiApp=false, windowMode=0, resumingPackageName=com.wind.ggbond.classtime.debug, resumingActivityName=com.wind.ggbond.classtime.MainActivity, isResumingMultiApp=false, isResumingFirstStart=true)
2026-04-06 14:00:11.103 22159-22187 AppRecomme...endAdapter com.oplus.metis                      I  receive app recommend from AppSwitchEvent(eventId=2, switchInfo=AppSwitchInfo(targetName=com.ss.android.ugc.aweme, firstStart=false, multiApp=false, windowMode=0, resumingPackageName=com.wind.ggbond.classtime.debug, resumingActivityName=com.wind.ggbond.classtime.MainActivity, isResumingFirstStart=true, isResumingMultiApp=false))
2026-04-06 14:00:11.103  2642-2673  HoloAudio:...rvice_Aidl atlasservice                         D  getMssEnable --- com.wind.ggbond.classtime.debug[0]
2026-04-06 14:00:11.105  2208-21741 AudioFlingerExtImpl     audioserver                          D  AudioFlingerExtImpl oplusSetParameters: keyvalue onForegroundActivitiesChanged=com.wind.ggbond.classtime.debug:foreground:1|10534:26920
2026-04-06 14:00:11.105  2208-21741 AudioFlingerExtImpl     audioserver                          D  updateForegroundInfo, mapInf mForegroundMap(2)|[com.wind.ggbond.classtime.debug]=1|[com.ss.android.ugc.aweme]=1, uidPidMapInf mForegroundUidPidMap(2)|[10534]=26920|[10526]=20162
2026-04-06 14:00:11.106  4628-23303 DCSEX-AppSwitchManager  com.oplus.exsystemservice            V  OnAppSwitchObserver: onAppEnter, launchedFrom =  com.android.shell, target =  com.wind.ggbond.classtime.debug, is firstStart =  true, is multiApp =  false, extensionInfo =  Bundle[mParcelledData.dataSize=1040], launch_source_type =  , launch_source_traceid =  
2026-04-06 14:00:11.109 26920-26920 nativeloader            com.wind.ggbond.classtime.debug      D  Load /data/user/0/com.wind.ggbond.classtime.debug/code_cache/startup_agents/11c0cda9-agent.so using system ns (caller=<unknown>): ok
2026-04-06 14:00:11.109  3369-3410  ActivityTaskManager     system_server                        D  after skip size:8,pre-Filtered:com.wind.ggbond.classtime.debug # com.ss.android.ugc.aweme # com.tencent.qqmusic # com.ss.android.yumme.video # com.tencent.mm # com.tencent.mobileqq # com.tencent.wework # com.hpbr.bosszhipin # 
2026-04-06 14:00:11.109 22159-22187 SceneSDK.1...tchAbility com.oplus.metis                      D  onAppSwitchEvent: AppSwitchEvent(timeStamp=1775455211104, eventType=1, targetName=com.wind.ggbond.classtime.debug, firstStart=true, multiApp=false, windowMode=1, resumingPackageName=, resumingActivityName=, isResumingMultiApp=false, isResumingFirstStart=false)
2026-04-06 14:00:11.109 22159-22187 AppRecomme...endAdapter com.oplus.metis                      I  receive app recommend from AppSwitchEvent(eventId=1, switchInfo=AppSwitchInfo(targetName=com.wind.ggbond.classtime.debug, firstStart=true, multiApp=false, windowMode=1, resumingPackageName=, resumingActivityName=, isResumingFirstStart=false, isResumingMultiApp=false))
2026-04-06 14:00:11.109 22159-22187 AppRecomme...endAdapter com.oplus.metis                      D  notify app active com.wind.ggbond.classtime.debug and info [AppInfo[pkg=com.wind.ggbond.classtime.debug, appType=0,iconSource=system, recallType=app_active_event, deepLink=0,utrackClickUrl=0, utrackExposeUrl=0,icon=0, apiSource=null, typeCode=null, mode=0, advFinalScore=null,  routePage=0,title=null, subTitle=null, adSize=null,probability=0]]
2026-04-06 14:00:11.113 26920-26920 classtime.debug         com.wind.ggbond.classtime.debug      W  hiddenapi: DexFile /data/data/com.wind.ggbond.classtime.debug/code_cache/.studio/instruments-479e236f.jar is in boot class path but is not in a known location
2026-04-06 14:00:11.114  3369-6774  OStatsManager_Calc      system_server                        I  noteBeforePkgSwitch change = true, curTime = 129741932, com.wind.ggbond.classtime.debug, fg = false
2026-04-06 14:00:11.114  3369-6774  OStatsMana...atsManager system_server                        I  updateStateTime: PkgName = com.wind.ggbond.classtime.debug, uid = 10534, state to fg, mForegroundCnt = 1, isFg = true
2026-04-06 14:00:11.114  3369-6774  OStatsMana...atsManager system_server                        I  notePkgForeground [com.wind.ggbond.classtime.debug10534, com.ss.android.ugc.aweme10526], uid = 10534, pid = 26920, pkgName = com.wind.ggbond.classtime.debug
2026-04-06 14:00:11.115  1788-1814  statsd                  statsd                               I  An anomaly (104240000001) (42)0x10000->10534[I] (42)0x20000->com.wind.ggbond.classtime.debug[S] (42)0x30000->com.wind.ggbond.classtime.MainActivity[S]  has occurred! Informing subscribers.
2026-04-06 14:00:11.116  6989-13742 midasd                  midasd                               I  app forground called:com.wind.ggbond.classtime.debug
2026-04-06 14:00:11.117 22229-22667 RemoteGuar...ackageUtil com.coloros.remoteguardservice       I  getAllCanLimitAndDisabledAppList [com.ai.obc.cbn.app, com.heytap.pictorial, com.oplus.consumerIRApp, com.xunmeng.pinduoduo, com.tencent.mobileqq, com.coloros.filemanager, com.wind.ggbond.classtime.debug, tech.pingx.watchface, com.heytap.cloud, com.zhjy.study, com.getsurfboard, com.heytap.market, com.gotokeep.keep, com.tmri.app.main, com.ss.android.yumme.video, com.coolapk.market, com.dji.store, com.miui.calculator, com.heytap.reader, com.baidu.tieba, com.follow.clash, com.coloros.phonemanager, com.coloros.shortcuts, com.google.android.apps.bard, com.bitejiuyeke.class, com.sgcc.wsgw.cn, com.xingin.xhs, com.netease.mobimail, com.android.documentsui, com.mi.healthresearch, com.coloros.ocrscanner, com.Twilight.app, com.coloros.weather2, com.idaodan.video.factory, com.sankuai.meituan, com.bandbbs.ebook.plus, com.oplus.tips, com.cnspeedtest.globalspeed, com.chaoxing.mobile, com.umetrip.android.msky.app, com.google.android.googlequicksearchbox, com.magicpoint.mobile.bank, cn.damai, cn.com.whty.cqt, com.coloros.note, com.coloros.compass2, com.cqdcg.ykbapp, ai.x.grok, com.coloros.calendar, com.miui.weather2, com.max.xiaoheihe, com.xiaomi.smarthome, com.tencent.qqmusic, com.chinamworld.bocmbci, com.taobao.idlefish, com.finshell.wallet, com.heytap.quicksearchbox, com.ss.android.lark, com.heytap.browser, com.deepseek.chat, game.miplus.handwriting, com.jingdong.app.mall, com.larus.nova, app.podcast.cosmos, com.youdao.dict, com.quark.clouddrive, com.ss.android.ugc.aweme, com.tencent.wework, com.mfcloudcalculate.networkdisk, com.unionpay, com.tencent.mm, com.wind.ggbond.classtime, com.xiaomi.hm.health, com.authenticator.authservice2, com.instagram.android, com.ct.client, com.microsoft.emmx, com.unnoo.quan, com.coloros.gallery3d, com.oneplus.member, net.csdn.csdnplus, com.mi.health, com.bandbbs.mobileapp, app.cqooc.com, com.heytap.health, com.autonavi.minimap, com.oplus.aimemory, com.heytap.speechassist, com.android.vending, com.coloros.soundrecorder, com.oplus.camera, com.github.android, com.coloros.backuprestore, com.heytap.music, com.adobe.lrmobile, com.coloros.assistantscreen, com.android.stk, com.heytap.yoli, com.tencent.tmgp.sgame, com.coloros.translate, tv.danmaku.bili, com.openai.chatgpt, com.coloros.calculator, com.shizi.tool.p3, com.x7890.shortcutcreator, com.android.email, com.eg.android.AlipayGphone, bin.mt.plus.canary, com.nearme.instant.platform, com.redteamobile.roaming, com.keepstyle.runkeeper, com.xiaomi.shop, com.MobileTicket, com.lolaage.tbulu.tools, com.taobao.taobao, com.oppo.store, com.canghai.haoka, com.tencent.hunyuan.app.chat, andes.oplus.documentsreader, cn.gov.tax.its, com.chinamworld.main, com.nearme.gamecenter, com.zmzx.college.search, com.ggbond.maogaiquiz, com.tencent.wetype, com.ksjhaoka.a, com.google.android.gm, com.heytap.themestore, com.openai.sora, com.ecitic.bank.mobile, com.hpbr.bosszhipin, com.heytap.pictorial]
2026-04-06 14:00:11.130  1788-1814  statsd                  statsd                               I  An anomaly (119840000001) (100198)0x10000->com.wind.ggbond.classtime.debug[S] (100198)0x20000->10534[I]  has occurred! Informing subscribers.
2026-04-06 14:00:11.145 26923-26974 SQLiteLog               com.qualcomm.qti.workloadclassifier  W  (28) double-quoted string literal: "com.wind.ggbond.classtime.debug"
2026-04-06 14:00:11.148 22159-24708 SceneSDK.1...tchAbility com.oplus.metis                      D  onAppSwitchEvent: AppSwitchEvent(timeStamp=1775455211104, eventType=1, targetName=com.wind.ggbond.classtime.debug, firstStart=true, multiApp=false, windowMode=1, resumingPackageName=, resumingActivityName=, isResumingMultiApp=false, isResumingFirstStart=false)
2026-04-06 14:00:11.148 22159-24708 metis_v2_A...aCollector com.oplus.metis                      I  AppEnterEvent =  com.wind.ggbond.classtime.debug, windowMode = 1,firstStart = true
2026-04-06 14:00:11.148 22159-24708 metis_v2_A...aCollector com.oplus.metis                      W  fenceKey = com.oplus.metis:TOP_APPLICATION, getExits = [], getEnters = [] packageName = com.wind.ggbond.classtime.debug
2026-04-06 14:00:11.250 26920-26920 classtime.debug         com.wind.ggbond.classtime.debug      W  Redefining intrinsic method java.lang.Thread java.lang.Thread.currentThread(). This may cause the unexpected use of the original definition of java.lang.Thread java.lang.Thread.currentThread()in methods that have already been compiled.
2026-04-06 14:00:11.250 26920-26920 classtime.debug         com.wind.ggbond.classtime.debug      W  Redefining intrinsic method boolean java.lang.Thread.interrupted(). This may cause the unexpected use of the original definition of boolean java.lang.Thread.interrupted()in methods that have already been compiled.
2026-04-06 14:00:11.253 26920-26920 CompactWindowAppManager com.wind.ggbond.classtime.debug      D  initCompactApplicationInfo CompactMode: , NormalMode: 
2026-04-06 14:00:11.254 26920-26920 Configuration           com.wind.ggbond.classtime.debug      V  Updating configuration, locales updated from [] to [zh_CN]
2026-04-06 14:00:11.255 26920-26920 OplusScrollToTopManager com.wind.ggbond.classtime.debug      D  setIsInWhiteList false
2026-04-06 14:00:11.255 26920-26920 OplusViewDebugManager   com.wind.ggbond.classtime.debug      D  OplusViewDebugManager Constructor android.view.debug.OplusViewDebugManager@e45a950 [mHasViewDebugProperty true] [mHasMsgDebugProperty false] [DEBUG false] [EXTRAINFOENABLE false] [LIGHT_OS false]
2026-04-06 14:00:11.256 26920-26920 CompatChangeReporter    com.wind.ggbond.classtime.debug      D  Compat change id reported: 242716250; UID 10534; state: ENABLED
2026-04-06 14:00:11.258 26920-26920 libc                    com.wind.ggbond.classtime.debug      W  Access denied finding property "ro.odm.prev.product.name"
2026-04-06 14:00:11.420 22229-22707 RemoteGuar...ackageUtil com.coloros.remoteguardservice       I  getAllCanLimitAndDisabledAppList [com.ai.obc.cbn.app, com.heytap.pictorial, com.oplus.consumerIRApp, com.xunmeng.pinduoduo, com.tencent.mobileqq, com.coloros.filemanager, com.wind.ggbond.classtime.debug, tech.pingx.watchface, com.heytap.cloud, com.zhjy.study, com.getsurfboard, com.heytap.market, com.gotokeep.keep, com.tmri.app.main, com.ss.android.yumme.video, com.coolapk.market, com.dji.store, com.miui.calculator, com.heytap.reader, com.baidu.tieba, com.follow.clash, com.coloros.phonemanager, com.coloros.shortcuts, com.google.android.apps.bard, com.bitejiuyeke.class, com.sgcc.wsgw.cn, com.xingin.xhs, com.netease.mobimail, com.android.documentsui, com.mi.healthresearch, com.coloros.ocrscanner, com.Twilight.app, com.coloros.weather2, com.idaodan.video.factory, com.sankuai.meituan, com.bandbbs.ebook.plus, com.oplus.tips, com.cnspeedtest.globalspeed, com.chaoxing.mobile, com.umetrip.android.msky.app, com.google.android.googlequicksearchbox, com.magicpoint.mobile.bank, cn.damai, cn.com.whty.cqt, com.coloros.note, com.coloros.compass2, com.cqdcg.ykbapp, ai.x.grok, com.coloros.calendar, com.miui.weather2, com.max.xiaoheihe, com.xiaomi.smarthome, com.tencent.qqmusic, com.chinamworld.bocmbci, com.taobao.idlefish, com.finshell.wallet, com.heytap.quicksearchbox, com.ss.android.lark, com.heytap.browser, com.deepseek.chat, game.miplus.handwriting, com.jingdong.app.mall, com.larus.nova, app.podcast.cosmos, com.youdao.dict, com.quark.clouddrive, com.ss.android.ugc.aweme, com.tencent.wework, com.mfcloudcalculate.networkdisk, com.unionpay, com.tencent.mm, com.wind.ggbond.classtime, com.xiaomi.hm.health, com.authenticator.authservice2, com.instagram.android, com.ct.client, com.microsoft.emmx, com.unnoo.quan, com.coloros.gallery3d, com.oneplus.member, net.csdn.csdnplus, com.mi.health, com.bandbbs.mobileapp, app.cqooc.com, com.heytap.health, com.autonavi.minimap, com.oplus.aimemory, com.heytap.speechassist, com.android.vending, com.coloros.soundrecorder, com.oplus.camera, com.github.android, com.coloros.backuprestore, com.heytap.music, com.adobe.lrmobile, com.coloros.assistantscreen, com.android.stk, com.heytap.yoli, com.tencent.tmgp.sgame, com.coloros.translate, tv.danmaku.bili, com.openai.chatgpt, com.coloros.calculator, com.shizi.tool.p3, com.x7890.shortcutcreator, com.android.email, com.eg.android.AlipayGphone, bin.mt.plus.canary, com.nearme.instant.platform, com.redteamobile.roaming, com.keepstyle.runkeeper, com.xiaomi.shop, com.MobileTicket, com.lolaage.tbulu.tools, com.taobao.taobao, com.oppo.store, com.canghai.haoka, com.tencent.hunyuan.app.chat, andes.oplus.documentsreader, cn.gov.tax.its, com.chinamworld.main, com.nearme.gamecenter, com.zmzx.college.search, com.ggbond.maogaiquiz, com.tencent.wetype, com.ksjhaoka.a, com.google.android.gm, com.heytap.themestore, com.openai.sora, com.ecitic.bank.mobile, com.hpbr.bosszhipin, com.heytap.pictorial]
2026-04-06 14:00:11.457 22785-22828 DigitalTimeUtils        com.coloros.digitalwellbeing         D  handleGetAppListCurrentDayUsage [com.nearme.instant.platform] [com.wind.ggbond.classtime.debug] and [0]
2026-04-06 14:00:11.593 26920-26920 Quality                 com.wind.ggbond.classtime.debug      I  Odex status:io-error-no-oat filter:run-from-apk reason:unknown location:/data/app/~~WvFwEYVroghNft_1HW_CEg==/com.wind.ggbond.classtime.debug-qoXPz2FYQgNe1TTF5QenwA==/base.apk cost:313
2026-04-06 14:00:11.594 26920-26920 nativeloader            com.wind.ggbond.classtime.debug      D  Configuring clns-9 for other apk /data/app/~~WvFwEYVroghNft_1HW_CEg==/com.wind.ggbond.classtime.debug-qoXPz2FYQgNe1TTF5QenwA==/base.apk. target_sdk_version=34, uses_libraries=, library_path=/data/app/~~WvFwEYVroghNft_1HW_CEg==/com.wind.ggbond.classtime.debug-qoXPz2FYQgNe1TTF5QenwA==/lib/arm64:/data/app/~~WvFwEYVroghNft_1HW_CEg==/com.wind.ggbond.classtime.debug-qoXPz2FYQgNe1TTF5QenwA==/base.apk!/lib/arm64-v8a, permitted_path=/data:/mnt/expand:/data/user/0/com.wind.ggbond.classtime.debug
2026-04-06 14:00:11.597 26920-26920 classtime.debug         com.wind.ggbond.classtime.debug      I  AssetManager2(0xb4000070e64a0728) locale list changing from [] to [zh-CN]
2026-04-06 14:00:11.597 26920-26920 classtime.debug         com.wind.ggbond.classtime.debug      I  AssetManager2(0xb4000070e64a0a28) locale list changing from [] to [zh-CN]
2026-04-06 14:00:11.600 26920-26920 GraphicsEnvironment     com.wind.ggbond.classtime.debug      V  Currently set values for:
2026-04-06 14:00:11.600 26920-26920 GraphicsEnvironment     com.wind.ggbond.classtime.debug      V    angle_gl_driver_selection_pkgs=[]
2026-04-06 14:00:11.600 26920-26920 GraphicsEnvironment     com.wind.ggbond.classtime.debug      V    angle_gl_driver_selection_values=[]
2026-04-06 14:00:11.600 26920-26920 GraphicsEnvironment     com.wind.ggbond.classtime.debug      V  com.wind.ggbond.classtime.debug is not listed in per-application setting
2026-04-06 14:00:11.600 26920-26920 GraphicsEnvironment     com.wind.ggbond.classtime.debug      V  ANGLE allowlist from config: 
2026-04-06 14:00:11.600 26920-26920 GraphicsEnvironment     com.wind.ggbond.classtime.debug      V  com.wind.ggbond.classtime.debug is not listed in ANGLE allowlist or settings, returning default
2026-04-06 14:00:11.600 26920-26920 GraphicsEnvironment     com.wind.ggbond.classtime.debug      V  Updatable production driver is not supported on the device.
2026-04-06 14:00:11.603 26920-26920 ResourcesManagerExtImpl com.wind.ggbond.classtime.debug      D  applyConfigurationToAppResourcesLocked app.getDisplayId() return callback.displayId:-1
2026-04-06 14:00:11.610 26920-26920 OplusGraphicsEvent      com.wind.ggbond.classtime.debug      D  OplusGraphicsEventListener create now!
2026-04-06 14:00:11.610 26920-26920 OplusGraphicsEvent      com.wind.ggbond.classtime.debug      D  addEventListener success!
2026-04-06 14:00:11.611 26920-26920 [UAH_CLIENT]            com.wind.ggbond.classtime.debug      E  uahInit enter
2026-04-06 14:00:11.611 26920-26920 classtime.debug         com.wind.ggbond.classtime.debug      W  AIBinder_linkToDeath is being called with a non-null cookie and no onUnlink callback set. This might not be intended. AIBinder_DeathRecipient_setOnUnlinked should be called first.
2026-04-06 14:00:11.612 26920-26920 [UAH_CLIENT]            com.wind.ggbond.classtime.debug      I  UahGetFeatureStatus enter
2026-04-06 14:00:11.620 26920-26920 CourseScheduleApp       com.wind.ggbond.classtime.debug      D  Application 已启动，WorkManager 配置已就绪
2026-04-06 14:00:11.623 26920-26920 HWUI                    com.wind.ggbond.classtime.debug      I  SupportApps size 0
2026-04-06 14:00:11.623 26920-26920 ExtensionsLoader        com.wind.ggbond.classtime.debug      D  createInstance(64bit) : createExtendedFactory
2026-04-06 14:00:11.624 26920-26920 ExtensionsLoader        com.wind.ggbond.classtime.debug      D  Opened libSchedAssistExtImpl.so
2026-04-06 14:00:11.624 26920-26920 SchedAssist             com.wind.ggbond.classtime.debug      E  open sharedFd failed with error=Permission denied
2026-04-06 14:00:11.624 26920-26920 SchedAssist             com.wind.ggbond.classtime.debug      E  open sharedFd failed with error=Permission denied
2026-04-06 14:00:11.624 26920-26920 SchedAssist             com.wind.ggbond.classtime.debug      E  open sharedFd failed with error=Permission denied
2026-04-06 14:00:11.624 26920-26986 ExtensionsLoader        com.wind.ggbond.classtime.debug      D  createInstance(64bit) : createExtendedFactory
2026-04-06 14:00:11.624 26920-26986 ExtensionsLoader        com.wind.ggbond.classtime.debug      D  Opened libSchedAssistExtImpl.so
2026-04-06 14:00:11.624 26920-26986 DisplayManager          com.wind.ggbond.classtime.debug      I  Choreographer implicitly registered for the refresh rate.
2026-04-06 14:00:11.624 26920-26920 classtime.debug         com.wind.ggbond.classtime.debug      I  AssetManager2(0xb4000070e64a0428) locale list changing from [] to [zh-CN]
2026-04-06 14:00:11.625 26920-26920 ResourcesManagerExtImpl com.wind.ggbond.classtime.debug      D  applyConfigurationToAppResourcesLocked app.getDisplayId() return callback.displayId:0
2026-04-06 14:00:11.625 26920-26986 vulkan                  com.wind.ggbond.classtime.debug      D  searching for layers in '/data/app/~~WvFwEYVroghNft_1HW_CEg==/com.wind.ggbond.classtime.debug-qoXPz2FYQgNe1TTF5QenwA==/lib/arm64'
2026-04-06 14:00:11.626 26920-26986 vulkan                  com.wind.ggbond.classtime.debug      D  searching for layers in '/data/app/~~WvFwEYVroghNft_1HW_CEg==/com.wind.ggbond.classtime.debug-qoXPz2FYQgNe1TTF5QenwA==/base.apk!/lib/arm64-v8a'
2026-04-06 14:00:11.630 26920-26986 colorx                  com.wind.ggbond.classtime.debug      D  I can't find colorx layer , let's enumerate colorx layers first.
2026-04-06 14:00:11.633 26920-26920 ashmem                  com.wind.ggbond.classtime.debug      E  Pinning is deprecated since Android Q. Please use trim or other methods.
2026-04-06 14:00:11.634 26920-26920 oplus.andr...actoryImpl com.wind.ggbond.classtime.debug      I  Unknow feature:IOplusTextViewRTLUtilForUG
2026-04-06 14:00:11.637 26920-26920 DesktopModeFlags        com.wind.ggbond.classtime.debug      D  Toggle override initialized to: OVERRIDE_UNSET
2026-04-06 14:00:11.637 26920-26920 OplusWindowManager      com.wind.ggbond.classtime.debug      D  get WMS extension: android.os.BinderProxy@ab0947
2026-04-06 14:00:11.637  2025-2025  qspmHal                 vendor.qti.qspmhal-service           I  gpuProfName:com.wind.ggbond.classtime.debug-gpu - gpu prof_info.path:/data/vendor/gaming/com.wind.ggbond.classtime.debug-gpu
2026-04-06 14:00:11.637 26920-26986 AdrenoVK-0              com.wind.ggbond.classtime.debug      I  ===== BEGIN DUMP OF OVERRIDDEN SETTINGS =====
2026-04-06 14:00:11.637 26920-26986 AdrenoVK-0              com.wind.ggbond.classtime.debug      I  ===== END DUMP OF OVERRIDDEN SETTINGS =====
2026-04-06 14:00:11.640 26920-26986 qdgralloc               com.wind.ggbond.classtime.debug      D  Fetching IMapper5 from QtiMapper5
2026-04-06 14:00:11.646 26920-26986 SnapAlloc               com.wind.ggbond.classtime.debug      I  Graphics lib is available
2026-04-06 14:00:11.650 26920-26986 Adreno-UNKNOWN          com.wind.ggbond.classtime.debug      I  Using previously loaded IMapper library.
2026-04-06 14:00:11.652 26920-26986 AdrenoVK-0              com.wind.ggbond.classtime.debug      I  QUALCOMM build          : 4e0c77737e, Ie77accac30
                                                                                                    Build Date              : 10/24/25
                                                                                                    Shader Compiler Version : E031.47.18.44
                                                                                                    Local Branch            : 
                                                                                                    Remote Branch           : refs/tags/AU_LINUX_ANDROID_LA.VENDOR.15.4.0.11.00.00.1088.811
                                                                                                    Remote Branch           : NONE
                                                                                                    Reconstruct Branch      : NOTHING
2026-04-06 14:00:11.652 26920-26986 AdrenoVK-0              com.wind.ggbond.classtime.debug      I  Build Config            : S P 18.0.0 AArch64
2026-04-06 14:00:11.652 26920-26986 AdrenoVK-0              com.wind.ggbond.classtime.debug      I  Driver Path             : /vendor/lib64/hw/vulkan.adreno.so
2026-04-06 14:00:11.652 26920-26986 AdrenoVK-0              com.wind.ggbond.classtime.debug      I  Driver Version          : 0800.60
2026-04-06 14:00:11.652 26920-26986 AdrenoVK-0              com.wind.ggbond.classtime.debug      I  PFP                     : 0x01500077
2026-04-06 14:00:11.652 26920-26986 AdrenoVK-0              com.wind.ggbond.classtime.debug      I  ME                      : 0x01500014
2026-04-06 14:00:11.652 26920-26986 AdrenoVK-0              com.wind.ggbond.classtime.debug      I  Application Name    : android framework
                                                                                                    Process Name        : com.wind.ggbond.classtime.debug
                                                                                                    Application Version : 0x00000000
                                                                                                    Engine Name         : android framework
                                                                                                    Engine Version      : 0x00000000
                                                                                                    Api Version         : 0x00401000
2026-04-06 14:00:11.657 26920-26986 ExtensionsLoader        com.wind.ggbond.classtime.debug      D  createInstance(64bit) : createExtendedFactory
2026-04-06 14:00:11.658 26920-26986 ExtensionsLoader        com.wind.ggbond.classtime.debug      D  Opened libeglextimpl.so
2026-04-06 14:00:11.659 26920-26986 PreCache                com.wind.ggbond.classtime.debug      D  [IPreCacheRus]loadRUSConfigs#102 failed to transact: -22 prc:com.wind.ggbond.classtime.debug
2026-04-06 14:00:11.659 26920-26920 OplusPredi...Controller com.wind.ggbond.classtime.debug      E   NoSuchMethodException 
2026-04-06 14:00:11.659 26920-26920 OplusPredi...Controller com.wind.ggbond.classtime.debug      E   NoSuchMethodException 
2026-04-06 14:00:11.660 26920-26920 OplusPredi...Controller com.wind.ggbond.classtime.debug      D  should not HookOnBackInvokedCallbackEnabled for activitycom.wind.ggbond.classtime.MainActivity@8c8ab7d hasOnBackInvokedCallBackEnabled
2026-04-06 14:00:11.660 26920-26920 OplusPredi...Controller com.wind.ggbond.classtime.debug      D  initPredictiveBackConfig for com.wind.ggbond.classtime.MainActivity@8c8ab7d initPredictiveBackConfig mShouldInterceptKeyEvent false
2026-04-06 14:00:11.660 26920-26920 OplusPredi...Controller com.wind.ggbond.classtime.debug      D  should not HookOnBackInvokedCallbackEnabled for activitycom.wind.ggbond.classtime.MainActivity@8c8ab7d hasOnBackInvokedCallBackEnabled
2026-04-06 14:00:11.662 26920-26920 AppInitializer          com.wind.ggbond.classtime.debug      D  开始应用初始化...
2026-04-06 14:00:11.662 26920-26920 InitializationRepo      com.wind.ggbond.classtime.debug      D  开始初始化默认数据...
2026-04-06 14:00:11.666 26920-26920 ActivityThread          com.wind.ggbond.classtime.debug      D  ComponentInfo{com.wind.ggbond.classtime.debug/com.wind.ggbond.classtime.MainActivity} checkFinished=false 2
2026-04-06 14:00:11.666 26920-26920 ResourcesManagerExtImpl com.wind.ggbond.classtime.debug      D  applyConfigurationToAppResourcesLocked app.getDisplayId() return callback.displayId:0
2026-04-06 14:00:11.670 26920-26920 OplusInputMethodUtil    com.wind.ggbond.classtime.debug      D  init sDebug to false, init sDebugIme to false, init sAlwaysOn to false
2026-04-06 14:00:11.670 26920-26920 OplusInputMethodUtil    com.wind.ggbond.classtime.debug      D  updateDebugToClass InputMethodManager.DEBUG = false
2026-04-06 14:00:11.670 26920-26920 OplusInputMethodUtil    com.wind.ggbond.classtime.debug      D  updateDebugToClass ImeFocusController.DEBUG = false
2026-04-06 14:00:11.670 26920-26920 OplusInputMethodUtil    com.wind.ggbond.classtime.debug      D  updateDebugToClass OnBackInvokedDispatcher.DEBUG = false
2026-04-06 14:00:11.670 26920-26920 OplusInputMethodUtil    com.wind.ggbond.classtime.debug      D  updateDebugToClass InsetsController.DEBUG = false
2026-04-06 14:00:11.670 26920-26920 OplusInputMethodUtil    com.wind.ggbond.classtime.debug      D  updateDebugToClass BaseInputConnection.DEBUG = false
2026-04-06 14:00:11.675 26920-26991 DatabaseModule          com.wind.ggbond.classtime.debug      I  数据库已打开 - 版本: 13
2026-04-06 14:00:11.675 26920-26920 WindowManager           com.wind.ggbond.classtime.debug      D  Add to mViews: com.android.internal.policy.DecorView{f51930f I.E...... R.....ID 0,0-0,0 alpha=1.0 viewInfo = }[MainActivity],pkg= com.wind.ggbond.classtime.debug
2026-04-06 14:00:11.675 26920-26986 ExtensionsLoader        com.wind.ggbond.classtime.debug      D  createInstance(64bit) : createExtendedFactory
2026-04-06 14:00:11.678 26920-26986 ExtensionsLoader        com.wind.ggbond.classtime.debug      D  Opened libhwuiextimpl.so
2026-04-06 14:00:11.679 26920-26986 skia                    com.wind.ggbond.classtime.debug      D  setRusSupported enable 1
2026-04-06 14:00:11.681  3369-6338  WindowManager           system_server                        I  addWindow: New client android.os.BinderProxy@4eb3655 : window=Window{d72386a u0 com.wind.ggbond.classtime.debug/com.wind.ggbond.classtime.MainActivity}
2026-04-06 14:00:11.682 26920-26920 ViewRootImplExtImpl     com.wind.ggbond.classtime.debug      D  onDisplayChanged -1 for VRI android.view.ViewRootImpl@3d10df7
2026-04-06 14:00:11.683 26920-26920 ResourcesManagerExtImpl com.wind.ggbond.classtime.debug      D  applyConfigurationToAppResourcesLocked app.getDisplayId() return callback.displayId:0
2026-04-06 14:00:11.683 26920-26920 OplusBracketLog         com.wind.ggbond.classtime.debug      E  [OplusViewMirrorManager] updateHostViewRootIfNeeded, not support android.view.ViewRootImpl@3d10df7
2026-04-06 14:00:11.683  3369-5143  CoreBackPreview         system_server                        D  Window{d72386a u0 com.wind.ggbond.classtime.debug/com.wind.ggbond.classtime.MainActivity}: Setting back callback OnBackInvokedCallbackInfo{mCallback=android.window.IOnBackInvokedCallback$Stub$Proxy@4b8fdf8, mPriority=-1, mIsAnimationCallback=false, mOverrideBehavior=0}
2026-04-06 14:00:11.712  3369-6338  Transition              system_server                        D  finishTransition ar ActivityRecord{47736546 u0 com.ss.android.ugc.aweme/.splash.SplashActivity t10471}, isVisibleRequested=false, state=PAUSED, visibleAtTransitionEndTokens={ActivityRecord{141437674 u0 com.wind.ggbond.classtime.debug/com.wind.ggbond.classtime.MainActivity t10488}}, this=TransitionRecord{3737136 id=1673 track=0 type=OPEN flags=0x0 state=2 c=[
                                                                                                       ChangeInfo{a69d837 container=Display{#0 state=ON size=1272x2800 ROTATION_0} flags=0x0}
                                                                                                       ChangeInfo{d3dd1aa container=Task{1ecdda9 #10471 type=standard A=10526:com.ss.android.ugc.aweme} flags=0x10}
                                                                                                       ChangeInfo{7c01a4 container=ActivityRecord{47736546 u0 com.ss.android.ugc.aweme/.splash.SplashActivity t10471} flags=0x0}
                                                                                                       ChangeInfo{624db0d container=ActivityRecord{141437674 u0 com.wind.ggbond.classtime.debug/com.wind.ggbond.classtime.MainActivity t10488} flags=0x0}
                                                                                                       ChangeInfo{52c6c95 container=Task{8ae5751 #10488 type=standard A=10534:com.wind.ggbond.classtime.debug} flags=0x10}
                                                                                                       ChangeInfo{17d6ac2 container=DefaultTaskDisplayArea@181983898 flags=0x0}
                                                                                                    ]
                                                                                                    }
2026-04-06 14:00:11.712  3369-6338  Transition              system_server                        D  finishTransition ar ActivityRecord{141437674 u0 com.wind.ggbond.classtime.debug/com.wind.ggbond.classtime.MainActivity t10488}, isVisibleRequested=true, state=RESUMED, visibleAtTransitionEndTokens={ActivityRecord{141437674 u0 com.wind.ggbond.classtime.debug/com.wind.ggbond.classtime.MainActivity t10488}}, this=TransitionRecord{3737136 id=1673 track=0 type=OPEN flags=0x0 state=2 c=[
                                                                                                       ChangeInfo{a69d837 container=Display{#0 state=ON size=1272x2800 ROTATION_0} flags=0x0}
                                                                                                       ChangeInfo{d3dd1aa container=Task{1ecdda9 #10471 type=standard A=10526:com.ss.android.ugc.aweme} flags=0x10}
                                                                                                       ChangeInfo{7c01a4 container=ActivityRecord{47736546 u0 com.ss.android.ugc.aweme/.splash.SplashActivity t10471} flags=0x0}
                                                                                                       ChangeInfo{624db0d container=ActivityRecord{141437674 u0 com.wind.ggbond.classtime.debug/com.wind.ggbond.classtime.MainActivity t10488} flags=0x0}
