2026-04-06 14:00:10.387  3369-6338  ActivityManager         system_server                        I  Force stopping com.wind.ggbond.classtime.debug appid=10534 user=0: from pid 26882
2026-04-06 14:00:10.388  3369-3492  UserAwareMgr            system_server                        I  process killed: {pkgName='com.wind.ggbond.classtime.debug', serviceName='', procName=com.wind.ggbond.classtime.debug, pid=24432, uid=10534, appId=0, owner='null', flags='bg', renderTid=24563, hwuiTids=[24575, 24576], glTids=null, threadInfos=null, mVideoActivityList=[], mStates=0}
2026-04-06 14:00:10.388  3369-3492  UserAwareMgr            system_server                        I  handleProcessKilled, pkgName: com.wind.ggbond.classtime.debug, pid: 24432
2026-04-06 14:00:10.388  3369-6338  ActivityManager         system_server                        I  Killing 24432:com.wind.ggbond.classtime.debug/u0a534 (adj 200): stop com.wind.ggbond.classtime.debug due to from pid 26882
2026-04-06 14:00:10.388  3369-3369  Notificati...iceExtImpl system_server                        D  onUidGone : uid = [10534],diePkg = [com.wind.ggbond.classtime.debug],clear all notification; mExpFeature: false
2026-04-06 14:00:10.390  3369-3369  NotificationListeners   system_server                        D  notifyRemovedLocked: com.wind.ggbond.classtime.debug shouldDelayRemove
2026-04-06 14:00:10.390  3369-3369  NotificationListeners   system_server                        D  notifyRemovedLocked: com.wind.ggbond.classtime.debug shouldDelayRemove
2026-04-06 14:00:10.390  3369-5686  OplusHansManager        system_server                        I  onUidGone(), 10534 com.wind.ggbond.classtime.debug exit SM
2026-04-06 14:00:10.390  3369-5686  OplusHansManager        system_server                        I  onUidGone(), 10534 com.wind.ggbond.classtime.debug alarm removed
2026-04-06 14:00:10.391  3369-5102  OplusHansManager        system_server                        I  uid=10534, pkg=com.wind.ggbond.classtime.debug F exit SM
2026-04-06 14:00:10.391  3369-5102  OplusHansManager        system_server                        I  uid=10534, pkg=com.wind.ggbond.classtime.debug F exit(), F stay=222, reason=UidGone, FrozenActionKeepProxy=false
2026-04-06 14:00:10.392  3369-5102  OplusHansManager        system_server                        I  unfreeze uid: 10534 com.wind.ggbond.classtime.debug pids: [24432] reason: UidGone scene: |StrictMode-1|LcdOn
2026-04-06 14:00:10.392  3369-5102  OplusHansManager        system_server                        I  uid=10534, pkg=com.wind.ggbond.classtime.debug M exit(), M stay=0
2026-04-06 14:00:10.393  3369-5102  OplusHansManager        system_server                        I  uid=10534, pkg=com.wind.ggbond.classtime.debug R exit(), R stay=0
2026-04-06 14:00:10.393  3369-6774  OStatsMana...atsManager system_server                        I  updateStateTime: PkgName = com.wind.ggbond.classtime.debug, uid = 10534, state to bg, mForegroundCnt = 0, isFg = false
2026-04-06 14:00:10.393  3369-5106  OplusAlarmAdjustment    system_server                        D  unproxyAlarmsByUid(), uid=10534, pkgName=com.wind.ggbond.classtime.debug, requester=1
2026-04-06 14:00:10.394  3369-6338  ActivityTaskManager     system_server                        W  Force removing ActivityRecord{91072684 u0 com.wind.ggbond.classtime.debug/com.wind.ggbond.classtime.MainActivity t10487 f}}: app died, no saved state
2026-04-06 14:00:10.394  3369-5113  OPM                     system_server                        I  handleAppExit info: ApplicationExitInfo(timestamp=2026/4/6 14:00 pid=24432 realUid=10534 packageUid=10534 definingUid=10534 user=0 process=com.wind.ggbond.classtime.debug reason=10 (USER REQUESTED) subreason=21 (FORCE STOP) status=0 importance=125 pss=0.00 rss=273MB description=stop com.wind.ggbond.classtime.debug due to from pid 26882 state=empty trace=null
2026-04-06 14:00:10.394  3369-6774  OStatsMana...atsManager system_server                        I  updateStateTime: PkgName = com.wind.ggbond.classtime.debug, uid = 10534, state to em, mForegroundCnt = 0, isFg = false
2026-04-06 14:00:10.394  3369-3451  SensorServiceExtImpl    system_server                        D  notifyApplicationLaunchStage processName=com.wind.ggbond.classtime.debug, uid=10534, pid=24432, stage=-1
2026-04-06 14:00:10.394  3369-5106  OplusBinderProxy        system_server                        I  proxyBinder uid: 10534 pkg: com.wind.ggbond.classtime.debug proxy: false calling: OFreezer
2026-04-06 14:00:10.395  2642-2673  HoloAudio:...rvice_Aidl atlasservice                         D  getMssEnable --- com.wind.ggbond.classtime.debug[0]
2026-04-06 14:00:10.395 22229-22667 RemoteGuar...ityMonitor com.coloros.remoteguardservice       E  onProcessDied post run com.wind.ggbond.classtime.debug pid = 24432 uid = 10534
2026-04-06 14:00:10.395  4869-29221 SystemUi--QuickSettings com.android.systemui                 I  OplusFgsManagerController-->onForegroundStateChanged: com.wind.ggbond.classtime.debug 0 false 2
2026-04-06 14:00:10.396  3369-6338  ActivityTaskManager     system_server                        D  removeAppToken: ActivityRecord{91072684 u0 com.wind.ggbond.classtime.debug/com.wind.ggbond.classtime.MainActivity t10487 f}} delayed=false parent=Task{166b97b #10487 type=standard A=10534:com.wind.ggbond.classtime.debug} animating=false Callers=com.android.server.wm.DisplayContent.removeAppToken:1759 com.android.server.wm.ActivityRecord.removeFromHistory:4989 com.android.server.wm.ActivityRecord.handleAppDied:5348 com.android.server.wm.WindowProcessController.handleAppDied:1709 
2026-04-06 14:00:10.398  5160-6063  OplusLinkB...eneManager com.oplus.nas                        D  sceneStateUpdate: 5023,com.wind.ggbond.classtime.debug,switch:[true, true, true, true]
2026-04-06 14:00:10.398  5160-6063  OplusLinkBoostGame      com.oplus.nas                        D  onSceneUpdated: 5023,com.wind.ggbond.classtime.debug,switchOn: true
2026-04-06 14:00:10.398  3369-4271  UsageStatsService       system_server                        W  Unexpected activity event reported! (com.wind.ggbond.classtime.debug/com.wind.ggbond.classtime.MainActivity event : 23 instanceId : 90350488)
2026-04-06 14:00:10.398  5160-6063  OplusLinkBoostMeeting   com.oplus.nas                        D  onSceneUpdated: 5023,com.wind.ggbond.classtime.debug,switchOn: true
2026-04-06 14:00:10.398  5160-6063  OplusLinkBoostCommon    com.oplus.nas                        D  onSceneUpdated: 5023,com.wind.ggbond.classtime.debug
2026-04-06 14:00:10.398  5160-6063  OplusLinkBoostConcert   com.oplus.nas                        D  onSceneUpdated: 5023,com.wind.ggbond.classtime.debug,switchOn: true,rus:true
2026-04-06 14:00:10.398  5160-6063  OplusLinkBoostLiver     com.oplus.nas                        D  onSceneUpdated: 5023,com.wind.ggbond.classtime.debug,switchOn: true
2026-04-06 14:00:10.400  4869-4869  SystemUi--Notification  com.android.systemui                 I  OplusLiveAlertNotificationsRepository-->removeLiveAlert: 0|com.wind.ggbond.classtime.debug|10001|null|10534
2026-04-06 14:00:10.400  3369-6338  OplusScreenSecurityMask system_server                        I  onStackRemoved task = Task{166b97b #10487 type=standard A=10534:com.wind.ggbond.classtime.debug} record = null displayId = 0
2026-04-06 14:00:10.400  4869-4869  PluginSeedling--Track   com.android.systemui                 I  RequestHandler-->notificationRemoved 0|com.wind.ggbond.classtime.debug|10001|null|10534
2026-04-06 14:00:10.401  3369-6338  OplusAlwaysAliveManager system_server                        D  removing: 10487, ComponentInfo{com.wind.ggbond.classtime.debug/com.wind.ggbond.classtime.MainActivity}
2026-04-06 14:00:10.401  4869-4954  OplusLog_S...ationSync_ com.android.systemui                 D  [SynergyNotificationManager] onDeleteNotification key 0|com.wind.ggbond.classtime.debug|10001|null|10534
2026-04-06 14:00:10.403  4869-4869  NotifCollection         com.android.systemui                 E  No notification to remove with key 0|com.wind.ggbond.classtime.debug|10001|null|10534 reason=10020:unknown
2026-04-06 14:00:10.406  3369-4832  ActivityTaskManager     system_server                        D  after skip size:8,pre-Filtered:com.ss.android.ugc.aweme # com.wind.ggbond.classtime.debug # com.tencent.qqmusic # com.ss.android.yumme.video # com.tencent.mm # com.tencent.mobileqq # com.tencent.wework # com.hpbr.bosszhipin # 
2026-04-06 14:00:10.407  3369-6338  BootPressureHolder      system_server                        D   clear delayed queue records for com.wind.ggbond.classtime.debug
2026-04-06 14:00:10.410  3369-6338  AppsFilter              system_server                        I  interaction: PackageSetting{b0a1e19 com.android.microdroid.empty_payload/10296} -> PackageSetting{2515ae9 com.wind.ggbond.classtime.debug/10534} BLOCKED
2026-04-06 14:00:10.410  3369-6338  AppsFilter              system_server                        I  interaction: PackageSetting{eef78bf com.ggbond.maogaiquiz/10437} -> PackageSetting{2515ae9 com.wind.ggbond.classtime.debug/10534} BLOCKED
2026-04-06 14:00:10.410  3369-6338  AppsFilter              system_server                        I  interaction: PackageSetting{57acb8c com.oplus.locationproxy/10190} -> PackageSetting{2515ae9 com.wind.ggbond.classtime.debug/10534} BLOCKED
2026-04-06 14:00:10.410  3369-6338  AppsFilter              system_server                        I  interaction: PackageSetting{99582d5 com.android.certinstaller/10247} -> PackageSetting{2515ae9 com.wind.ggbond.classtime.debug/10534} BLOCKED
2026-04-06 14:00:10.410  3369-6338  AppsFilter              system_server                        I  interaction: PackageSetting{843caea com.oplus.location/10269} -> PackageSetting{2515ae9 com.wind.ggbond.classtime.debug/10534} BLOCKED
2026-04-06 14:00:10.412  3369-6338  ActivityManager         system_server                        W  Invalid packageName: com.wind.ggbond.classtime.debug
2026-04-06 14:00:10.412  3369-3410  ActivityManager         system_server                        I  Force stopping com.wind.ggbond.classtime.debug appid=10534 user=0: from pid 26883
2026-04-06 14:00:10.414  3369-3410  BootPressureHolder      system_server                        D   clear delayed queue records for com.wind.ggbond.classtime.debug
2026-04-06 14:00:10.414  3369-3410  AppsFilter              system_server                        I  interaction: PackageSetting{b0a1e19 com.android.microdroid.empty_payload/10296} -> PackageSetting{2515ae9 com.wind.ggbond.classtime.debug/10534} BLOCKED
2026-04-06 14:00:10.414  3369-3410  AppsFilter              system_server                        I  interaction: PackageSetting{eef78bf com.ggbond.maogaiquiz/10437} -> PackageSetting{2515ae9 com.wind.ggbond.classtime.debug/10534} BLOCKED
2026-04-06 14:00:10.414  3369-3410  AppsFilter              system_server                        I  interaction: PackageSetting{57acb8c com.oplus.locationproxy/10190} -> PackageSetting{2515ae9 com.wind.ggbond.classtime.debug/10534} BLOCKED
2026-04-06 14:00:10.414  3369-3410  AppsFilter              system_server                        I  interaction: PackageSetting{99582d5 com.android.certinstaller/10247} -> PackageSetting{2515ae9 com.wind.ggbond.classtime.debug/10534} BLOCKED
2026-04-06 14:00:10.414  3369-3410  AppsFilter              system_server                        I  interaction: PackageSetting{843caea com.oplus.location/10269} -> PackageSetting{2515ae9 com.wind.ggbond.classtime.debug/10534} BLOCKED
2026-04-06 14:00:10.414  3369-3410  ActivityManager         system_server                        W  Invalid packageName: com.wind.ggbond.classtime.debug
2026-04-06 14:00:10.423  3369-3457  OplusFlexi...agerHelper system_server                        D  onTaskVanished taskInfo:10487 task:Task{166b97b #10487 type=standard A=10534:com.wind.ggbond.classtime.debug}
2026-04-06 14:00:10.423  3369-4660  FlexibleTa...nceManager system_server                        D  onTaskVanished:Task{166b97b #10487 type=standard A=10534:com.wind.ggbond.classtime.debug}
2026-04-06 14:00:10.424  3369-3457  FlexibleTaskController  system_server                        D  no need releaseFlexibleCaptionView or destroyFlexibleDragLeash when non-caption-view-task vanished, task=Task{166b97b #10487 type=standard A=10534:com.wind.ggbond.classtime.debug}
2026-04-06 14:00:10.424  3369-3457  OplusFlexi...agerHelper system_server                        D  onTaskVanished taskInfo:10487 task:Task{166b97b #10487 type=standard A=10534:com.wind.ggbond.classtime.debug}
2026-04-06 14:00:10.425  3369-3457  FlexibleTaskController  system_server                        D  no need releaseFlexibleCaptionView or destroyFlexibleDragLeash when non-caption-view-task vanished, task=Task{166b97b #10487 type=standard A=10534:com.wind.ggbond.classtime.debug}
2026-04-06 14:00:10.425  3369-4660  FlexibleTa...nceManager system_server                        D  onTaskVanished:Task{166b97b #10487 type=standard A=10534:com.wind.ggbond.classtime.debug}
2026-04-06 14:00:10.427 22229-22667 RemoteGuar...ackageUtil com.coloros.remoteguardservice       I  getAllCanLimitAndDisabledAppList [com.ai.obc.cbn.app, com.heytap.pictorial, com.oplus.consumerIRApp, com.xunmeng.pinduoduo, com.tencent.mobileqq, com.coloros.filemanager, com.wind.ggbond.classtime.debug, tech.pingx.watchface, com.heytap.cloud, com.zhjy.study, com.getsurfboard, com.heytap.market, com.gotokeep.keep, com.tmri.app.main, com.ss.android.yumme.video, com.coolapk.market, com.dji.store, com.miui.calculator, com.heytap.reader, com.baidu.tieba, com.follow.clash, com.coloros.phonemanager, com.coloros.shortcuts, com.google.android.apps.bard, com.bitejiuyeke.class, com.sgcc.wsgw.cn, com.xingin.xhs, com.netease.mobimail, com.android.documentsui, com.mi.healthresearch, com.coloros.ocrscanner, com.Twilight.app, com.coloros.weather2, com.idaodan.video.factory, com.sankuai.meituan, com.bandbbs.ebook.plus, com.oplus.tips, com.cnspeedtest.globalspeed, com.chaoxing.mobile, com.umetrip.android.msky.app, com.google.android.googlequicksearchbox, com.magicpoint.mobile.bank, cn.damai, cn.com.whty.cqt, com.coloros.note, com.coloros.compass2, com.cqdcg.ykbapp, ai.x.grok, com.coloros.calendar, com.miui.weather2, com.max.xiaoheihe, com.xiaomi.smarthome, com.tencent.qqmusic, com.chinamworld.bocmbci, com.taobao.idlefish, com.finshell.wallet, com.heytap.quicksearchbox, com.ss.android.lark, com.heytap.browser, com.deepseek.chat, game.miplus.handwriting, com.jingdong.app.mall, com.larus.nova, app.podcast.cosmos, com.youdao.dict, com.quark.clouddrive, com.ss.android.ugc.aweme, com.tencent.wework, com.mfcloudcalculate.networkdisk, com.unionpay, com.tencent.mm, com.wind.ggbond.classtime, com.xiaomi.hm.health, com.authenticator.authservice2, com.instagram.android, com.ct.client, com.microsoft.emmx, com.unnoo.quan, com.coloros.gallery3d, com.oneplus.member, net.csdn.csdnplus, com.mi.health, com.bandbbs.mobileapp, app.cqooc.com, com.heytap.health, com.autonavi.minimap, com.oplus.aimemory, com.heytap.speechassist, com.android.vending, com.coloros.soundrecorder, com.oplus.camera, com.github.android, com.coloros.backuprestore, com.heytap.music, com.adobe.lrmobile, com.coloros.assistantscreen, com.android.stk, com.heytap.yoli, com.tencent.tmgp.sgame, com.coloros.translate, tv.danmaku.bili, com.openai.chatgpt, com.coloros.calculator, com.shizi.tool.p3, com.x7890.shortcutcreator, com.android.email, com.eg.android.AlipayGphone, bin.mt.plus.canary, com.nearme.instant.platform, com.redteamobile.roaming, com.keepstyle.runkeeper, com.xiaomi.shop, com.MobileTicket, com.lolaage.tbulu.tools, com.taobao.taobao, com.oppo.store, com.canghai.haoka, com.tencent.hunyuan.app.chat, andes.oplus.documentsreader, cn.gov.tax.its, com.chinamworld.main, com.nearme.gamecenter, com.zmzx.college.search, com.ggbond.maogaiquiz, com.tencent.wetype, com.ksjhaoka.a, com.google.android.gm, com.heytap.themestore, com.openai.sora, com.ecitic.bank.mobile, com.hpbr.bosszhipin, com.heytap.pictorial]
2026-04-06 14:00:10.432  3369-4478  AppWidgetServiceImpl    system_server                        I  provider.isMaskedLocked() skip provider:Provider{ProviderId{user:0, app:10534, cmp:ComponentInfo{com.wind.ggbond.classtime.debug/com.wind.ggbond.classtime.widget.TodayCourseWidgetReceiver}}}
2026-04-06 14:00:10.432  3369-4478  AppWidgetServiceImpl    system_server                        I  provider.isMaskedLocked() skip provider:Provider{ProviderId{user:0, app:10534, cmp:ComponentInfo{com.wind.ggbond.classtime.debug/com.wind.ggbond.classtime.widget.NextClassWidgetReceiver}}}
2026-04-06 14:00:10.432  3369-4478  AppWidgetServiceImpl    system_server                        I  provider.isMaskedLocked() skip provider:Provider{ProviderId{user:0, app:10534, cmp:ComponentInfo{com.wind.ggbond.classtime.debug/com.wind.ggbond.classtime.widget.LargeTodayCourseWidgetProvider}}}
2026-04-06 14:00:10.432  3369-4478  AppWidgetServiceImpl    system_server                        I  provider.isMaskedLocked() skip provider:Provider{ProviderId{user:0, app:10534, cmp:ComponentInfo{com.wind.ggbond.classtime.debug/com.wind.ggbond.classtime.widget.CompactListViewWidgetReceiver}}}
2026-04-06 14:00:10.432  3369-4478  AppWidgetServiceImpl    system_server                        I  provider.isMaskedLocked() skip provider:Provider{ProviderId{user:0, app:10534, cmp:ComponentInfo{com.wind.ggbond.classtime.debug/com.wind.ggbond.classtime.widget.WeekOverviewWidgetReceiver}}}
2026-04-06 14:00:10.432  3369-4478  AppWidgetServiceImpl    system_server                        I  provider.isMaskedLocked() skip provider:Provider{ProviderId{user:0, app:10534, cmp:ComponentInfo{com.wind.ggbond.classtime.debug/com.wind.ggbond.classtime.widget.TomorrowCourseWidgetReceiver}}}
2026-04-06 14:00:10.433  5055-5055  CarrierSvcBindHelper    com.android.phone                    D  onHandleForceStop: [com.wind.ggbond.classtime.debug]
2026-04-06 14:00:10.434  5055-5055  CarrierSvcBindHelper    com.android.phone                    D  onHandleForceStop: [com.wind.ggbond.classtime.debug]
2026-04-06 14:00:10.435  3369-3451  LocationManagerService  system_server                        D  package com.wind.ggbond.classtime.debug reset
2026-04-06 14:00:10.435  3369-3451  GnssListenerMultiplexer system_server                        W  onPackageReset com.wind.ggbond.classtime.debug
2026-04-06 14:00:10.435  3369-3451  GnssListenerMultiplexer system_server                        W  onPackageReset com.wind.ggbond.classtime.debug
2026-04-06 14:00:10.435  3369-3451  LocationManagerService  system_server                        D  package com.wind.ggbond.classtime.debug reset
2026-04-06 14:00:10.435  3369-3451  GnssListenerMultiplexer system_server                        W  onPackageReset com.wind.ggbond.classtime.debug
2026-04-06 14:00:10.435  3369-3451  GnssListenerMultiplexer system_server                        W  onPackageReset com.wind.ggbond.classtime.debug
2026-04-06 14:00:10.464  3369-7892  ActivityManager         system_server                        I  Death received, pid = 0, processName = com.wind.ggbond.classtime.debug for thread android.os.BinderProxy@85dde6e
2026-04-06 14:00:10.464  3369-9564  ActivityManager         system_server                        V  Got obituary of 24432:com.wind.ggbond.classtime.debug
2026-04-06 14:00:10.826  3369-7892  ActivityManager         system_server                        I  Force stopping com.wind.ggbond.classtime.debug appid=10534 user=0: from pid 26905
2026-04-06 14:00:10.828  3369-7892  BootPressureHolder      system_server                        D   clear delayed queue records for com.wind.ggbond.classtime.debug
2026-04-06 14:00:10.829  3369-7892  AppsFilter              system_server                        I  interaction: PackageSetting{b0a1e19 com.android.microdroid.empty_payload/10296} -> PackageSetting{2515ae9 com.wind.ggbond.classtime.debug/10534} BLOCKED
2026-04-06 14:00:10.829  3369-7892  AppsFilter              system_server                        I  interaction: PackageSetting{eef78bf com.ggbond.maogaiquiz/10437} -> PackageSetting{2515ae9 com.wind.ggbond.classtime.debug/10534} BLOCKED
2026-04-06 14:00:10.829  3369-7892  AppsFilter              system_server                        I  interaction: PackageSetting{57acb8c com.oplus.locationproxy/10190} -> PackageSetting{2515ae9 com.wind.ggbond.classtime.debug/10534} BLOCKED
2026-04-06 14:00:10.829  3369-7892  AppsFilter              system_server                        I  interaction: PackageSetting{99582d5 com.android.certinstaller/10247} -> PackageSetting{2515ae9 com.wind.ggbond.classtime.debug/10534} BLOCKED
2026-04-06 14:00:10.829  3369-7892  AppsFilter              system_server                        I  interaction: PackageSetting{843caea com.oplus.location/10269} -> PackageSetting{2515ae9 com.wind.ggbond.classtime.debug/10534} BLOCKED
2026-04-06 14:00:10.829  3369-7892  ActivityManager         system_server                        W  Invalid packageName: com.wind.ggbond.classtime.debug
2026-04-06 14:00:10.831  3369-3451  LocationManagerService  system_server                        D  package com.wind.ggbond.classtime.debug reset
2026-04-06 14:00:10.831  3369-3451  GnssListenerMultiplexer system_server                        W  onPackageReset com.wind.ggbond.classtime.debug
2026-04-06 14:00:10.831  3369-3451  GnssListenerMultiplexer system_server                        W  onPackageReset com.wind.ggbond.classtime.debug
2026-04-06 14:00:10.832  5055-5055  CarrierSvcBindHelper    com.android.phone                    D  onHandleForceStop: [com.wind.ggbond.classtime.debug]
2026-04-06 14:00:10.984  3369-4706  WindowManager           system_server                        D  NFW_setClientVisible:ActivityRecord{141437674 u0 com.wind.ggbond.classtime.debug/com.wind.ggbond.classtime.MainActivity clientVisible:true
2026-04-06 14:00:10.984  3369-4706  OplusCompa...gerService system_server                        D  getRequestedConfigurationOrientation  res:0,req:-1,config.old:0,config.new:0,ActivityRecord{141437674 u0 com.wind.ggbond.classtime.debug/com.wind.ggbond.classtime.MainActivity t-1}
2026-04-06 14:00:10.984  3369-4706  OplusCompa...gerService system_server                        D   onPreActivityRecordConfigurationChanged {0.0 ?mcc??mnc ?localeList ?layoutDir ?swdp ?wdp ?hdp ?density ?lsize ?long ?ldr ?wideColorGamut ?orien ?uimode ?night ?touch ?keyb/?/? ?nav/? winConfig={ mBounds=Rect(0, 0 - 0, 0) mAppBounds=null mMaxBounds=Rect(0, 0 - 0, 0) mDisplayRotation=undefined mWindowingMode=undefined mActivityType=undefined mAlwaysOnTop=undefined mRotation=undefined} ?fontWeightAdjustmentmThemeChanged= 0, mThemeChangedFlags= 0, mFlipFont= 0, mScenario= -1, mAccessibleChanged= 0, mUxIconConfig= 0, mMaterialColor= ffffffffffffffff, mUserId= -1, mFontUserId= -1, mFontVariationSettings= ffffffff, mFoldingAngle = -1.0, mIconPackName= , mDarkModeBackgroundMaxL= -1.0, mDarkModeDialogBgMaxL= -1.0, mDarkModeForegroundMinL= -1.0, mOplusConfigType= 0, mOplusChangedConfigs= 0, OpSans= -1, mBurmeseFontFlag= -1, mFlag= 0, mExtraFlag= 0, mFlexibleActivitySuitable= -1, mPuttDisplayFlag= -1}
                                                                                                     disable:true,valid:false,computeReq:0,isGameRatio:false
                                                                                                     getOverrideMinAspectRatioForCompatMode: 0.0 getRawOverrideMinAspectRatioForCompatMode: 0.0
                                                                                                     ar : ActivityRecord{141437674 u0 com.wind.ggbond.classtime.debug/com.wind.ggbond.classtime.MainActivity t-1} displayId:-1 inCompatMode: false
2026-04-06 14:00:10.985  3369-4706  FlexibleTaskController  system_server                        D  isSupportFlexibleWindow target = com.wind.ggbond.classtime.debug/com.wind.ggbond.classtime.MainActivity callPkg = FlexibleTaskController support = true ,caller = 3369
2026-04-06 14:00:10.988  3369-3492  QosSceneRe...tartScene] system_server                        E  notifyActivityStart get launchedFromUid failed through AppManager! launchedFromPackage: com.android.shell, pkg: com.wind.ggbond.classtime.debug
2026-04-06 14:00:10.989  3369-4706  FlexibleTaskController  system_server                        D  isSupportFlexibleWindow target = com.wind.ggbond.classtime.debug/com.wind.ggbond.classtime.MainActivity callPkg = FlexibleTaskController support = true ,caller = 3369
2026-04-06 14:00:10.989  3369-4706  FlexibleWi...gerService system_server                        D  no reused task found for ActivityRecord{141437674 u0 com.wind.ggbond.classtime.debug/com.wind.ggbond.classtime.MainActivity t-1}
2026-04-06 14:00:10.989  3369-5113  OPM                     system_server                        I  handleActivityStart : ActivityRecord{141437674 u0 com.wind.ggbond.classtime.debug/com.wind.ggbond.classtime.MainActivity t-1}
2026-04-06 14:00:10.992  3369-4706  OplusCompa...gerService system_server                        D  getRequestedConfigurationOrientation  res:0,req:-1,config.old:0,config.new:1,ActivityRecord{141437674 u0 com.wind.ggbond.classtime.debug/com.wind.ggbond.classtime.MainActivity t10488}
2026-04-06 14:00:10.992  3369-4706  OplusCompa...gerService system_server                        D   onPreActivityRecordConfigurationChanged {1.0 ??mcc??mnc [zh_CN] ldltr sw363dp w363dp h800dp 560dpi nrml long hdr widecg port finger -keyb/v/h -nav/h winConfig={ mBounds=Rect(0, 0 - 1272, 2800) mAppBounds=Rect(0, 0 - 1272, 2800) mMaxBounds=Rect(0, 0 - 1272, 2800) mDisplayRotation=ROTATION_0 mWindowingMode=fullscreen mActivityType=standard mAlwaysOnTop=undefined mRotation=ROTATION_0} as.6 s.7330 fontWeightAdjustment=0mThemeChanged= 0, mThemeChangedFlags= 0, mFlipFont= 0, mScenario= 0, mAccessibleChanged= -1, mUxIconConfig= 101e177015e00120, mMaterialColor= 200000000, mUserId= 0, mFontUserId= 0, mFontVariationSettings= 1226, mFoldingAngle = -1.0, mIconPackName= , mDarkModeBackgroundMaxL= 0.0, mDarkModeDialogBgMaxL= 27.0, mDarkModeForegroundMinL= 100.0, mOplusConfigType= 1, mOplusChangedConfigs= 0, OpSans= -1, mBurmeseFontFlag= 2, mFlag= 0, mExtraFlag= 0, mFlexibleActivitySuitable= -1, mPuttDisplayFlag= -1}
                                                                                                     disable:true,valid:false,computeReq:0,isGameRatio:false
                                                                                                     getOverrideMinAspectRatioForCompatMode: 0.0 getRawOverrideMinAspectRatioForCompatMode: 0.0
                                                                                                     ar : ActivityRecord{141437674 u0 com.wind.ggbond.classtime.debug/com.wind.ggbond.classtime.MainActivity t10488} displayId:0 inCompatMode: false
2026-04-06 14:00:10.993  3369-4706  ActivityTaskManager     system_server                        D  validateStartingWindowTheme:  Pkg=com.wind.ggbond.classtime.debug, Translucent=false, Floating=false, ShowWallpaper=false, Disable=false, LaunchSource=4, Prev=null, LaunchedFromPackage=com.android.shell
2026-04-06 14:00:10.993  3369-4706  OplusAlwaysAliveManager system_server                        D  save launch theme 0x7f120056 for Task{8ae5751 #10488 type=standard A=10534:com.wind.ggbond.classtime.debug}, act=com.android.server.wm.OplusAlwaysAliveManager@44e0b05
2026-04-06 14:00:10.993  3369-4706  ActivityTaskManager     system_server                        D  addStartingWindow for ActivityRecord{141437674 u0 com.wind.ggbond.classtime.debug/com.wind.ggbond.classtime.MainActivity t10488}, mainWin=null, state=INITIALIZING, isKeyguardLocked=false, isKeyguardGoingAway=false
2026-04-06 14:00:10.993  3369-4706  TaskOrganizerController system_server                        D  TaskOrganizerController.addStartingWindow: call wmshell to addStartingWindow:ActivityRecord{141437674 u0 com.wind.ggbond.classtime.debug/com.wind.ggbond.classtime.MainActivity t10488}
2026-04-06 14:00:10.994  3369-4706  TaskFragmentExtImpl     system_server                        D  shouldSetReadyFalse and resumedActivity: ActivityRecord{141437674 u0 com.wind.ggbond.classtime.debug/com.wind.ggbond.classtime.MainActivity t10488} prev: ActivityRecord{47736546 u0 com.ss.android.ugc.aweme/.splash.SplashActivity t10471} resumedLaunchFromLauncher: false prevLaunchFromApp: false transitionType: 1
2026-04-06 14:00:10.994  3369-4538  [UAH_CLIENT]            system_server                        I  UahEventAcquire, cmdid:1, pkg:com.wind.ggbond.classtime.debug, identity:com.android.server.wm
2026-04-06 14:00:10.995  3369-4706  ActivityTaskManager     system_server                        D  notifyTaskRemoved, task: Task{166b97b #10487 type=standard A=10534:com.wind.ggbond.classtime.debug} trace:com.android.server.wm.RecentTasks.removeForAddTask:1888 com.android.server.wm.RecentTasks.add:1377 com.android.server.wm.ActivityStarter.startActivityInner:3011 com.android.server.wm.ActivityStarter.startActivityUnchecked:2156 com.android.server.wm.ActivityStarter.executeRequest:1906 
2026-04-06 14:00:10.995  3369-4706  ActivityTaskManager     system_server                        D  notifyTaskAdded, task: Task{8ae5751 #10488 type=standard A=10534:com.wind.ggbond.classtime.debug} trace:com.android.server.wm.RecentTasks.add:1392 com.android.server.wm.ActivityStarter.startActivityInner:3011 com.android.server.wm.ActivityStarter.startActivityUnchecked:2156 com.android.server.wm.ActivityStarter.executeRequest:1906 com.android.server.wm.ActivityStarter.execute:1004 
2026-04-06 14:00:10.996  4869-4920  WindowManagerShell      com.android.systemui                 V  Transition requested (#1673): android.os.BinderProxy@23a2fa8 TransitionRequestInfo { type = OPEN, triggerTask = TaskInfo{userId=0 taskId=10488 effectiveUid=10534 displayId=0 isRunning=true baseIntent=Intent { act=android.intent.action.MAIN cat=[android.intent.category.LAUNCHER] flg=0x10000000 cmp=com.wind.ggbond.classtime.debug/com.wind.ggbond.classtime.MainActivity mCallingUid=2000 } baseActivity=ComponentInfo{com.wind.ggbond.classtime.debug/com.wind.ggbond.classtime.MainActivity} topActivity=ComponentInfo{com.wind.ggbond.classtime.debug/com.wind.ggbond.classtime.MainActivity} origActivity=null realActivity=ComponentInfo{com.wind.ggbond.classtime.debug/com.wind.ggbond.classtime.MainActivity}
                                                                                                     numActivities=1 lastActiveTime=129741833 supportsSplitScreenMultiWindow=true supportsMultiWindow=true supportsPocketStudioMultiWindow=true isInFlexibleEmbedded = false uid = 10534 pid = 0 resizeMode=1 isResizeable=true minWidth=-1 minHeight=-1 defaultMinSize=220 token=WCT{android.window.IWindowContainerToken$Stub$Proxy@6b4b266} topActivityType=1 pictureInPictureParams=null shouldDockBigOverlays=false launchIntoPipHostTaskId=-1 lastParentTaskIdBeforePip=-1 displayCutoutSafeInsets=Rect(0, 141 - 0, 0)
                                                                                                     topActivityInfo=ActivityInfo{a2f39a7 com.wind.ggbond.classtime.MainActivity} launchCookies=[] positionInParent=Point(0, 0) parentTaskId=-1 isFocused=false isVisible=false isVisibleRequested=false isTopActivityNoDisplay=false isSleeping=false locusId=null displayAreaFeatureId=1 isTopActivityTransparent=false isActivityStackTransparent=false lastNonFullscreenBounds=Rect(332, 834 - 940, 2106) capturedLink=null capturedLinkTimestamp=0 requestedVisibleTypes=-9 topActivityRequestOpenInBrowserEducationTimestamp=0
                                                                                                     appCompatTaskInfo=AppCompatTaskInfo { topActivityInSizeCompat=false topActivityInOplusCompatMode=false eligibleForLetterboxEducation= false isLetterboxEducationEnabled= false isLetterboxDoubleTapEnabled= false eligibleForUserAspectRatioButton= false topActivityBoundsLetterboxed= false isFromLetterboxDoubleTap= false topActivityLetterboxVerticalPosition= -1 topActivityLetterboxHorizontalPosition= -1 topActivityLetterboxWidth=-1 topActivityLetterboxHeight=-1 topActivityAppBounds=Rect(0, 141 - 1272, 2800) isUserFullscreenOverrideEnabled=false isSystemFullscreenOverrideEnabled=false hasMinAspectRatioOverride=false topActivityLetterboxBounds=null cameraCompatTaskInfo=CameraCompatTaskInfo { freeformCameraCompatMode=inactive}} topActivityMainWindowFrame=null topActivityLetterboxInsets=Rect(0, 0 - 0, 0)
                                                                                                     mOplusExtraBundle = Bundle[mParcelledData.dataSize=1492]}, pipChange = null, remoteTransition = null, displayChange = null, flags = 0, debugId = 1673 }
2026-04-06 14:00:10.996  3369-4706  osense.compress         system_server                        D  notifyActivityLaunched pkgName = com.wind.ggbond.classtime.debug, userId = 0
2026-04-06 14:00:10.996  3369-4706  ActivityTaskManager     system_server                        I  START u0 {act=android.intent.action.MAIN cat=[android.intent.category.LAUNCHER] flg=0x10000000 xflg=0x4 cmp=com.wind.ggbond.classtime.debug/com.wind.ggbond.classtime.MainActivity mCallingUid=2000} with LAUNCH_MULTIPLE from uid 2000 (BAL_ALLOW_PERMISSION (START_ACTIVITIES_FROM_BACKGROUND permission granted)) result code=0
2026-04-06 14:00:10.999  4869-4945  WindowManager           com.android.systemui                 D  Add to mViews: android.widget.FrameLayout{2294bc0 V.E...... ......I. 0,0-0,0 alpha=1.0 viewInfo = },pkg= com.wind.ggbond.classtime.debug
2026-04-06 14:00:11.003  3369-4706  AppSnapshotController   system_server                        I  attachStartingWindow, win = Window{2df229a u0 Splash Screen com.wind.ggbond.classtime.debug}, shouldAppSnapshot = false
2026-04-06 14:00:11.003  3369-4706  ActivityTaskManager     system_server                        D  attachStartingWindow: mStartingData=SplashScreenStartingData{5a5eba8 removeAfterTransaction= 0}, mAssociatedTask=null, mStartingWindow=Window{2df229a u0 Splash Screen com.wind.ggbond.classtime.debug}
2026-04-06 14:00:11.004  3369-4706  WindowManager           system_server                        I  addWindow: New client android.os.BinderProxy@8dab45 : window=Window{2df229a u0 Splash Screen com.wind.ggbond.classtime.debug}
2026-04-06 14:00:11.005  5146-6519  iopgp                   iopgp                                I  Iopgp: TRANSACTION_IOPGP_PRELOAD Sequence_id = 117 pkg_name = com.wind.ggbond.classtime.debug uid = 10534 size = 1 isProfile = 1
2026-04-06 14:00:11.010  4869-4945  ViewRootImplExtImpl     com.android.systemui                 D  wrapConfigInfoIntoFlags rotation=0, smallestScreenWidthDp=0, residentWS=false, scenario=0, bounds=Rect(0, 0 - 1272, 2800), relayoutAsync=false, flags=0, newFlags=1468006400, title=Splash Screen com.wind.ggbond.classtime.debug
2026-04-06 14:00:11.010  3369-4706  CoreBackPreview         system_server                        D  Window{2df229a u0 Splash Screen com.wind.ggbond.classtime.debug}: Setting back callback OnBackInvokedCallbackInfo{mCallback=android.window.IOnBackInvokedCallback$Stub$Proxy@162b6c1, mPriority=0, mIsAnimationCallback=false, mOverrideBehavior=0}
2026-04-06 14:00:11.010  3369-3410  WindowManager           system_server                        V  Relayout Window{2df229a u0 Splash Screen com.wind.ggbond.classtime.debug}: viewVisibility=0, oldvis=0, req=1272x2800 , apr = 8, vsysui=, x=0, y=0
2026-04-06 14:00:11.010  3369-3410  WindowManager           system_server                        I  Window{2df229a u0 Splash Screen com.wind.ggbond.classtime.debug} state from NO_SURFACE to DRAW_PENDING; reason: resetDrawState
2026-04-06 14:00:11.012  3369-5565  OPM                     system_server                        D  notifyPreloadResult com.wind.ggbond.classtime.debug, type: 2, success: true, res: 0
2026-04-06 14:00:11.015  4869-4945  SurfaceControl          com.android.systemui                 I   setExtendedRangeBrightness sc=Surface(name=Splash Screen com.wind.ggbond.classtime.debug)/@0x5b1e425,currentBufferRatio=1.0,desiredRatio=1.0
2026-04-06 14:00:11.017  3369-3533  ActivityManager         system_server                        I  Start proc 26920:com.wind.ggbond.classtime.debug/u0a534 for next-top-activity {com.wind.ggbond.classtime.debug/com.wind.ggbond.classtime.MainActivity}
2026-04-06 14:00:11.018  3369-6774  OStatsMana...atsManager system_server                        I  updateStateTime: PkgName = com.wind.ggbond.classtime.debug, uid = 10534, state to bg, mForegroundCnt = 0, isFg = false
2026-04-06 14:00:11.018  3369-5113  OPM                     system_server                        I  handleProcessStart : ProcessRecord{f295a90 26920:com.wind.ggbond.classtime.debug/u0a534}
2026-04-06 14:00:11.018  3369-3410  WindowManager           system_server                        D  onSyncFinishedDrawing: Window{2df229a u0 Splash Screen com.wind.ggbond.classtime.debug}
2026-04-06 14:00:11.019  3369-4132  MemoryOperationUtils    system_server                        I  add 26920 to com.wind.ggbond.classtime.debug
2026-04-06 14:00:11.019  3369-3410  WindowManager           system_server                        I  finishDrawing skipLayout:false,syncSeqId=0,mPrepareSyncSeqId=0 Window{2df229a u0 Splash Screen com.wind.ggbond.classtime.debug} com.android.server.wm.WindowManagerService.finishDrawingWindow:3192 com.android.server.wm.Session.finishDrawing:369 android.view.IWindowSession$Stub.onTransact:793 
2026-04-06 14:00:11.019  3369-3410  WindowManager           system_server                        I  Window{2df229a u0 Splash Screen com.wind.ggbond.classtime.debug} state from DRAW_PENDING to COMMIT_DRAW_PENDING; reason: finishDrawingLocked
2026-04-06 14:00:11.021  3369-3457  WindowManager           system_server                        I  Window{2df229a u0 Splash Screen com.wind.ggbond.classtime.debug} state from COMMIT_DRAW_PENDING to READY_TO_SHOW; reason: commitFinishDrawingLocked
2026-04-06 14:00:11.041  3369-4706  AppsFilter              system_server                        I  interaction: PackageSetting{b0a1e19 com.android.microdroid.empty_payload/10296} -> PackageSetting{ba67cf9 com.wind.ggbond.classtime.debug/10534} BLOCKED
2026-04-06 14:00:11.041  3369-4706  AppsFilter              system_server                        I  interaction: PackageSetting{eef78bf com.ggbond.maogaiquiz/10437} -> PackageSetting{ba67cf9 com.wind.ggbond.classtime.debug/10534} BLOCKED
2026-04-06 14:00:11.041  3369-4706  AppsFilter              system_server                        I  interaction: PackageSetting{57acb8c com.oplus.locationproxy/10190} -> PackageSetting{ba67cf9 com.wind.ggbond.classtime.debug/10534} BLOCKED
2026-04-06 14:00:11.041  3369-4706  AppsFilter              system_server                        I  interaction: PackageSetting{99582d5 com.android.certinstaller/10247} -> PackageSetting{ba67cf9 com.wind.ggbond.classtime.debug/10534} BLOCKED
2026-04-06 14:00:11.041  3369-4706  AppsFilter              system_server                        I  interaction: PackageSetting{843caea com.oplus.location/10269} -> PackageSetting{ba67cf9 com.wind.ggbond.classtime.debug/10534} BLOCKED
2026-04-06 14:00:11.041  3369-4706  OplusHansManager        system_server                        I  front pkg: com.wind.ggbond.classtime.debug, uid: 10534, prev pkg: com.ss.android.ugc.aweme, prev uid: 10526
2026-04-06 14:00:11.042  3369-5106  NativeFreezeManager     system_server                        D  freezeForAppSwitchScene mAppLaunchFzDxEnable enter, mFgAppPkgname com.wind.ggbond.classtime.debug
2026-04-06 14:00:11.042  3369-4706  RefreshRate             system_server                        D  Trigger app switch boost, ar=ActivityRecord{141437674 u0 com.wind.ggbond.classtime.debug/com.wind.ggbond.classtime.MainActivity t10488},currDisplayRate=60.000004,boostId=3
2026-04-06 14:00:11.042  3369-4706  RefreshRate             system_server                        D  Refresh rate changing from 90.0 to 120.00001,maxRefreshRate=120.00001 FOR:{
                                                                                                        | COURSE[Trigger app switch boost, ar=ActivityRecord{141437674 u0 com.wind.ggbond.classtime.debug/com.wind.ggbond.classtime.MainActivity t10488},currDisplayRate=60.000004,boostId=3setDisplayConfigSpecs complete: targetMode={id=1, width=1272, height=2800, fps=120.00001, vsync=120.00001, synthetic=false, alternativeRefreshRates=[60.000004, 90.0, 144.00002, 165.0], supportedHdrTypes=[1, 2, 3, 4]},srcMode={id=1, width=1272, height=2800, fps=120.00001, vsync=120.00001, synthetic=false, alternativeRefreshRates=[60.000004, 90.0, 144.00002, 165.0], supportedHdrTypes=[1, 2, 3, 4]},sfModId=0,rate=120.00001]
                                                                                                        | VOTES[PRIORITY_START_ANIMATION_BOOST -> Vote{mRefreshRate=120.0, mMinRefreshRate=120.0, mRequestSource=null};PRIORITY_WINDOW_REQUEST -> Vote{mRefreshRate=90.0, mMinRefreshRate=90.0, mRequestSource=null};]
                                                                                                        | TIME:2026-04-06 06:00:11}
2026-04-06 14:00:11.042  3369-4706  RefreshRate             system_server                        D  startAppSwitchBoost targetMode={id=1, width=1272, height=2800, fps=120.00001, vsync=120.00001, synthetic=false, alternativeRefreshRates=[60.000004, 90.0, 144.00002, 165.0], supportedHdrTypes=[1, 2, 3, 4]} record=ActivityRecord{141437674 u0 com.wind.ggbond.classtime.debug/com.wind.ggbond.classtime.MainActivity t10488}: votes=PRIORITY_START_ANIMATION_BOOST -> Vote{mRefreshRate=120.0, mMinRefreshRate=120.0, mRequestSource=null};PRIORITY_WINDOW_REQUEST -> Vote{mRefreshRate=90.0, mMinRefreshRate=90.0, mRequestSource=null};
2026-04-06 14:00:11.042  3369-4538  [UAH_CLIENT]            system_server                        I  UahEventAcquire, cmdid:1, pkg:com.wind.ggbond.classtime.debug, identity:com.android.server.wm
2026-04-06 14:00:11.042  3369-4706  ActivityTaskManager     system_server                        D  setAppVisibility(Token{a7c0bb6 ActivityRecord{141437674 u0 com.wind.ggbond.classtime.debug/com.wind.ggbond.classtime.MainActivity t10488}}, visible=true):  visible=false mVisibleRequested=false
2026-04-06 14:00:11.042  3369-4706  ActivityTaskManager     system_server                        D  setVisibility(Token{a7c0bb6 ActivityRecord{141437674 u0 com.wind.ggbond.classtime.debug/com.wind.ggbond.classtime.MainActivity t10488}}, visible=true) defer commitVisibility for transition collecting
2026-04-06 14:00:11.042  3369-4538  [UAH_CLIENT]            system_server                        I  UahEventAcquire, cmdid:1, pkg:com.wind.ggbond.classtime.debug, identity:com.android.server.wm
2026-04-06 14:00:11.047  3369-4478  AppWidgetServiceImpl    system_server                        I  should unmaskWidgetsViewsLocked provider:Provider{ProviderId{user:0, app:10534, cmp:ComponentInfo{com.wind.ggbond.classtime.debug/com.wind.ggbond.classtime.widget.TodayCourseWidgetReceiver}}}
2026-04-06 14:00:11.047  3369-4478  AppWidgetServiceImpl    system_server                        I  should unmaskWidgetsViewsLocked provider:Provider{ProviderId{user:0, app:10534, cmp:ComponentInfo{com.wind.ggbond.classtime.debug/com.wind.ggbond.classtime.widget.NextClassWidgetReceiver}}}
2026-04-06 14:00:11.047  3369-4478  AppWidgetServiceImpl    system_server                        I  should unmaskWidgetsViewsLocked provider:Provider{ProviderId{user:0, app:10534, cmp:ComponentInfo{com.wind.ggbond.classtime.debug/com.wind.ggbond.classtime.widget.LargeTodayCourseWidgetProvider}}}
2026-04-06 14:00:11.047  3369-4478  AppWidgetServiceImpl    system_server                        I  should unmaskWidgetsViewsLocked provider:Provider{ProviderId{user:0, app:10534, cmp:ComponentInfo{com.wind.ggbond.classtime.debug/com.wind.ggbond.classtime.widget.CompactListViewWidgetReceiver}}}
2026-04-06 14:00:11.047  3369-4478  AppWidgetServiceImpl    system_server                        I  should unmaskWidgetsViewsLocked provider:Provider{ProviderId{user:0, app:10534, cmp:ComponentInfo{com.wind.ggbond.classtime.debug/com.wind.ggbond.classtime.widget.WeekOverviewWidgetReceiver}}}
2026-04-06 14:00:11.047  3369-4478  AppWidgetServiceImpl    system_server                        I  should unmaskWidgetsViewsLocked provider:Provider{ProviderId{user:0, app:10534, cmp:ComponentInfo{com.wind.ggbond.classtime.debug/com.wind.ggbond.classtime.widget.TomorrowCourseWidgetReceiver}}}
2026-04-06 14:00:11.049  3369-4856  Osense-Bas...isionMaker system_server                        I  notifySceneToAthenaPolicy: SCENE_APP_SWITCH, bundle: Bundle[{prevPkgName=com.ss.android.ugc.aweme, curUid=10534, isGame=false, curPkgName=com.wind.ggbond.classtime.debug, prevUid=10526}]
2026-04-06 14:00:11.050  3369-5113  OPM-Process             system_server                        I  resume pkg: com.wind.ggbond.classtime.debug, uid:10534, prev pkg: com.ss.android.ugc.aweme, prev uid: 10526
2026-04-06 14:00:11.057  3369-5686  OplusHansManager        system_server                        I  onUidActive() update stay time, uid=10534, pkgName=com.wind.ggbond.classtime.debug, U stay=0
---------------------------- PROCESS STARTED (26920) for package com.wind.ggbond.classtime.debug ----------------------------
2026-04-06 14:00:11.078 26920-26920 nativeloader            com.wind.ggbond.classtime.debug      D  Load libframework-connectivity-tiramisu-jni.so using APEX ns com_android_tethering for caller /apex/com.android.tethering/javalib/framework-connectivity-t.jar: ok
2026-04-06 14:00:11.082 26920-26920 libc                    com.wind.ggbond.classtime.debug      W  Access denied finding property "persist.vendor.sys.activitylog"
2026-04-06 14:00:11.082 26920-26920 OneTrace                com.wind.ggbond.classtime.debug      I  Mark active for pid=26920? true
2026-04-06 14:00:11.082 26920-26920 cutils-dev              com.wind.ggbond.classtime.debug      D  otrace_set_tracing_enabled? true tag:0
2026-04-06 14:00:11.082 26920-26950 cutils-dev              com.wind.ggbond.classtime.debug      D  properties changed in otrace_seq_number_changed!
2026-04-06 14:00:11.084  3369-3451  SensorServiceExtImpl    system_server                        D  notifyApplicationLaunchStage processName=com.wind.ggbond.classtime.debug, uid=10534, pid=26920, stage=1
2026-04-06 14:00:11.085  3369-7892  SplitScreenAppReader    system_server                        D  SPLIT_TOUCH support check:com.wind.ggbond.classtime.debug = false
2026-04-06 14:00:11.085  3369-7892  ResourcesManagerCache   system_server                        D  For package com.wind.ggbond.classtime.debug we got cacheList [null] appInfoExt is null ? false hasFeature ? false
2026-04-06 14:00:11.086  3369-7892  ActivityTaskManager     system_server                        D  setAppVisibility(Token{a7c0bb6 ActivityRecord{141437674 u0 com.wind.ggbond.classtime.debug/com.wind.ggbond.classtime.MainActivity t10488}}, visible=true):  visible=false mVisibleRequested=true
2026-04-06 14:00:11.086  3369-7892  ActivityTaskManager     system_server                        D  setVisibility(Token{a7c0bb6 ActivityRecord{141437674 u0 com.wind.ggbond.classtime.debug/com.wind.ggbond.classtime.MainActivity t10488}}, visible=true) defer commitVisibility for transition collecting
2026-04-06 14:00:11.087 22229-22305 RemoteGuar...ityMonitor com.coloros.remoteguardservice       I  onForegroundActivitiesChanged 26920,10534,foreground true pkg= com.wind.ggbond.classtime.debug
2026-04-06 14:00:11.087  3369-7892  ActivityTaskManager     system_server                        D  onWindowFocusChanged Task{8ae5751 #10488 type=standard A=10534:com.wind.ggbond.classtime.debug} would transfer to compact
2026-04-06 14:00:11.087  3369-3492  UserAwareMgr            system_server                        I  handleTopAppChanged: com.wind.ggbond.classtime.debug, pid: 26920, uid: 10534
2026-04-06 14:00:11.087  3369-7892  ActivityTaskManager     system_server                        D  NFW_setLastResumedActivityUncheckLocked:true r:ActivityRecord{141437674 u0 com.wind.ggbond.classtime.debug/com.wind.ggbond.classtime.MainActivity t10488} currentFocus:Window{ed74cb u0 com.ss.android.ugc.aweme/com.ss.android.ugc.aweme.splash.SplashActivity}
2026-04-06 14:00:11.087  3369-7892  FlexibleTaskController  system_server                        D  onTaskFocusChanged prevTask:Task{1ecdda9 #10471 type=standard A=10526:com.ss.android.ugc.aweme} ,currentTask:Task{8ae5751 #10488 type=standard A=10534:com.wind.ggbond.classtime.debug}, reason: realStartActivityLocked - onActivityStateChanged
2026-04-06 14:00:11.087  3369-7892  OplusFlexibleDCSManager system_server                        D  onNextPkgChanged pkg = com.wind.ggbond.classtime.debug
2026-04-06 14:00:11.087  3369-7892  OplusAppSw...gerService system_server                        I  appswitch hasProcess ActivityRecord{141437674 u0 com.wind.ggbond.classtime.debug/com.wind.ggbond.classtime.MainActivity t10488}
2026-04-06 14:00:11.087  3369-5113  OPM                     system_server                        I  handlePackageLaunched pkg: com.wind.ggbond.classtime.debug, uid: 10534, pid: 26920
2026-04-06 14:00:11.087  3369-4538  [UAH_CLIENT]            system_server                        I  UahEventAcquire, cmdid:0, pkg:com.wind.ggbond.classtime.debug, identity:com.android.server.wm
2026-04-06 14:00:11.087  3369-7892  GameManage...ServiceExt system_server                        I  on FG change: com.ss.android.ugc.aweme|com.wind.ggbond.classtime.debug
2026-04-06 14:00:11.088  3369-7892  OplusAppSw...gerService system_server                        I  appswitch hasProcess ActivityRecord{141437674 u0 com.wind.ggbond.classtime.debug/com.wind.ggbond.classtime.MainActivity t10488}
