2026-04-06 14:00:12.250  5458-5458  FrontAppsEvent          com.oplus.subsys                     D  onAppSceneUpdate, infoList:[{pkgName:com.wind.ggbond.classtime.debug,activityName:,winMode:1,event:COMMON,type:0,subEvent:0,pid:26920,uid:10534}]
2026-04-06 14:00:12.250  5458-5458  SceneService            com.oplus.subsys                     D  notifyAppSceneChanged original mode:{live:0,video:1,voice call:0,video call:0,live host:0,game:0,meeting:0,news:0,file transfer:0},appInfoUnit:[{pkgName:com.wind.ggbond.classtime.debug,activityName:,winMode:1,event:COMMON,type:0,subEvent:0,pid:26920,uid:10534}]
2026-04-06 14:00:12.250  5458-5458  AtomHighLoadSenseInfo   com.oplus.subsys                     D  handleAppSenseChanged appInfoUnit:{pkgName:com.wind.ggbond.classtime.debug,activityName:,winMode:1,event:COMMON,type:0,subEvent:0,pid:26920,uid:10534}
2026-04-06 14:00:12.250  5458-6705  CellMap/QoeMapService   com.oplus.subsys                     D  handleAppSceneChange: [{pkgName:com.wind.ggbond.classtime.debug,activityName:,winMode:1,event:COMMON,type:0,subEvent:0,pid:26920,uid:10534}]
2026-04-06 14:00:12.250  5458-6705  CellMap/Ga...MapService com.oplus.subsys                     D  handleAppSceneChange: [{pkgName:com.wind.ggbond.classtime.debug,activityName:,winMode:1,event:COMMON,type:0,subEvent:0,pid:26920,uid:10534}]
2026-04-06 14:00:12.250  5191-5191  AppSenseClient          com.oplus.nhs                        D  handleSenseEvent appInfoUnits: {pkgName:com.wind.ggbond.classtime.debug,activityName:com.wind.ggbond.classtime.MainActivity,winMode:1,event:COMMON,type:0,subEvent:0,pid:26920,uid:10534},
2026-04-06 14:00:12.250  5458-8422  AppSenseService         com.oplus.subsys                     D  notifySenseEvent: {pkgName:com.wind.ggbond.classtime.debug,activityName:com.wind.ggbond.classtime.MainActivity,winMode:1,event:COMMON,type:0,subEvent:0,pid:26920,uid:10534},
2026-04-06 14:00:12.251  5458-8422  OPlusFrontAppManager    com.oplus.subsys                     D  useAdapterResult, pkg=com.wind.ggbond.classtime.debug,activity=com.wind.ggbond.classtime.MainActivity,result=true
2026-04-06 14:00:12.251  5160-5724  AppSenseClient          com.oplus.nas                        D  handleSenseEvent appInfoUnits: {pkgName:com.wind.ggbond.classtime.debug,activityName:com.wind.ggbond.classtime.MainActivity,winMode:1,event:COMMON,type:0,subEvent:0,pid:26920,uid:10534},
2026-04-06 14:00:12.251  5458-8422  OPlusFrontAppManager    com.oplus.subsys                     D  decide -->> [com.wind.ggbond.classtime.debug; com.wind.ggbond.classtime.MainActivity; 1; COMMON; 10534]
2026-04-06 14:00:12.251  5160-5724  AppSenseClient          com.oplus.nas                        D  notifyAppEvent: pkgName: com.wind.ggbond.classtime.debug,activityName:com.wind.ggbond.classtime.MainActivity;state: 1;event: COMMON;type: 0;subEvent: 0;pid: 26920;uid: 10534
2026-04-06 14:00:12.251  5160-5724  AppSenseClient          com.oplus.nas                        D  notifyAppChanges: [{pkgName:com.wind.ggbond.classtime.debug,activityName:com.wind.ggbond.classtime.MainActivity,winMode:1,event:COMMON,type:0,subEvent:0,pid:26920,uid:10534}]
2026-04-06 14:00:12.251  5160-5724  NAS-DataSceneEvent      com.oplus.nas                        D  new event: event=0, state=1, pkg=com.wind.ggbond.classtime.debug, type=0, subEvent=0
2026-04-06 14:00:12.251  5160-5724  NAS-DataSceneEvent      com.oplus.nas                        D  updateAppSenseChange [{pkgName:com.wind.ggbond.classtime.debug,activityName:com.wind.ggbond.classtime.MainActivity,winMode:1,event:COMMON,type:0,subEvent:0,pid:26920,uid:10534}]
2026-04-06 14:00:12.251  5191-5191  AppSenseClient          com.oplus.nhs                        D  notifyAppEvent: pkgName: com.wind.ggbond.classtime.debug,activityName:com.wind.ggbond.classtime.MainActivity;state: 1;event: COMMON;type: 0;subEvent: 0;pid: 26920;uid: 10534
2026-04-06 14:00:12.251  5191-5191  AppSenseClient          com.oplus.nhs                        D  notifyAppChanges: [{pkgName:com.wind.ggbond.classtime.debug,activityName:com.wind.ggbond.classtime.MainActivity,winMode:1,event:COMMON,type:0,subEvent:0,pid:26920,uid:10534}]
2026-04-06 14:00:12.251  5191-5191  NhsAppSenseListener     com.oplus.nhs                        D  new event: event=0, state=1, pkg=com.wind.ggbond.classtime.debug, type=0, subEvent=0
2026-04-06 14:00:12.251  3369-3456  AppSenseClient          system_server                        D  handleSenseEvent appInfoUnits: {pkgName:com.wind.ggbond.classtime.debug,activityName:com.wind.ggbond.classtime.MainActivity,winMode:1,event:COMMON,type:0,subEvent:0,pid:26920,uid:10534},
2026-04-06 14:00:12.251  3369-3456  AppSenseClient          system_server                        D  notifyAppEvent: pkgName: com.wind.ggbond.classtime.debug,activityName:com.wind.ggbond.classtime.MainActivity;state: 1;event: COMMON;type: 0;subEvent: 0;pid: 26920;uid: 10534
2026-04-06 14:00:12.251  3369-3456  AppSenseClient          system_server                        D  notifyAppChanges: [{pkgName:com.wind.ggbond.classtime.debug,activityName:com.wind.ggbond.classtime.MainActivity,winMode:1,event:COMMON,type:0,subEvent:0,pid:26920,uid:10534}]
2026-04-06 14:00:12.252  5458-8388  Subsys-ScoreAppManager  com.oplus.subsys                     D  appSceneChange fgAppUnits size 1 fgAppUnits [{pkgName:com.wind.ggbond.classtime.debug,activityName:,winMode:1,event:COMMON,type:0,subEvent:0,pid:26920,uid:10534}] mLastNetworkList[134]
2026-04-06 14:00:12.252  5055-5743  AppSenseClient          com.android.phone                    D  handleSenseEvent appInfoUnits: {pkgName:com.wind.ggbond.classtime.debug,activityName:com.wind.ggbond.classtime.MainActivity,winMode:1,event:COMMON,type:0,subEvent:0,pid:26920,uid:10534},
2026-04-06 14:00:12.252  5055-5743  AppSenseClient          com.android.phone                    D  notifyAppEvent: pkgName: com.wind.ggbond.classtime.debug,activityName:com.wind.ggbond.classtime.MainActivity;state: 1;event: COMMON;type: 0;subEvent: 0;pid: 26920;uid: 10534
2026-04-06 14:00:12.252  5055-5743  AppSenseClient          com.android.phone                    D  notifyAppChanges: [{pkgName:com.wind.ggbond.classtime.debug,activityName:com.wind.ggbond.classtime.MainActivity,winMode:1,event:COMMON,type:0,subEvent:0,pid:26920,uid:10534}]
2026-04-06 14:00:12.254  5458-8388  Subsys-ScoreAppManager  com.oplus.subsys                     D  unit: {pkgName:com.wind.ggbond.classtime.debug,activityName:,winMode:1,event:COMMON,type:0,subEvent:0,pid:26920,uid:10534}
2026-04-06 14:00:12.301  4869-4945  ViewRootImplExtImpl     com.android.systemui                 D  wrapConfigInfoIntoFlags rotation=0, smallestScreenWidthDp=0, residentWS=false, scenario=0, bounds=Rect(0, 0 - 1272, 2800), relayoutAsync=false, flags=0, newFlags=1468006400, title=Splash Screen com.wind.ggbond.classtime.debug
2026-04-06 14:00:12.301  3369-7892  WindowManager           system_server                        V  Relayout Window{2df229a u0 Splash Screen com.wind.ggbond.classtime.debug}: viewVisibility=8, oldvis=0, req=1272x2800 , apr = 8, vsysui=
2026-04-06 14:00:12.303  3369-7892  WindowManager           system_server                        D  NFW_findFocusedWindowIfNeeded:Window{d72386a u0 com.wind.ggbond.classtime.debug/com.wind.ggbond.classtime.MainActivity} mCurrentFocus:Window{d72386a u0 com.wind.ggbond.classtime.debug/com.wind.ggbond.classtime.MainActivity}
2026-04-06 14:00:12.303  3369-7892  CoreBackPreview         system_server                        D  Window{2df229a u0 Splash Screen com.wind.ggbond.classtime.debug EXITING}: Setting back callback null
2026-04-06 14:00:12.303  3369-7892  WindowManager           system_server                        D  NFW_findFocusedWindowIfNeeded:Window{d72386a u0 com.wind.ggbond.classtime.debug/com.wind.ggbond.classtime.MainActivity} mCurrentFocus:Window{d72386a u0 com.wind.ggbond.classtime.debug/com.wind.ggbond.classtime.MainActivity}
2026-04-06 14:00:12.305  3369-3458  SurfaceAnimationRunner  system_server                        D  onAnimationStart:Surface(name=Surface(name=2df229a Splash Screen com.wind.ggbond.classtime.debug)/@0x1245 - animation-leash of window_animation)/@0xbf6fd9a
2026-04-06 14:00:12.315 26920-26920 WallpaperLog            com.wind.ggbond.classtime.debug      D  【课程表-壁纸渲染】✓ SUCCESS: AsyncImage加载成功 | URI=file:///data/user/0/com.wind.ggbond.classtime.debug/files/backgrounds/be07c343-9d1f-46b8-81ae-c97f7bd91726.jpg
2026-04-06 14:00:12.316 26920-26920 MainViewModel           com.wind.ggbond.classtime.debug      D  当前课表变化: 2025-2026学年第二学期 (ID=1)
2026-04-06 14:00:12.316 26920-26920 MainViewModel           com.wind.ggbond.classtime.debug      D  === 课表信息加载 ===
2026-04-06 14:00:12.316 26920-26920 MainViewModel           com.wind.ggbond.classtime.debug      D  课表名称: 2025-2026学年第二学期
2026-04-06 14:00:12.316 26920-26920 MainViewModel           com.wind.ggbond.classtime.debug      D  开始日期: 2026-03-02
2026-04-06 14:00:12.316 26920-26920 MainViewModel           com.wind.ggbond.classtime.debug      D  结束日期: 2026-07-19
2026-04-06 14:00:12.316 26920-26920 MainViewModel           com.wind.ggbond.classtime.debug      D  总周数: 20
2026-04-06 14:00:12.316 26920-26920 MainViewModel           com.wind.ggbond.classtime.debug      D  计算的周次: 6
2026-04-06 14:00:12.316 26920-26920 MainViewModel           com.wind.ggbond.classtime.debug      D  最终使用周次: 6
2026-04-06 14:00:12.316 26920-26920 MainViewModel           com.wind.ggbond.classtime.debug      D  ==================
2026-04-06 14:00:12.316 26920-26920 MainViewModel           com.wind.ggbond.classtime.debug      D  开始加载课表 ID=1 的课程
2026-04-06 14:00:12.322 26920-26920 KE/UpdateViewModel      com.wind.ggbond.classtime.debug      D  超过24小时未检查，自动检查更新
2026-04-06 14:00:12.323 26920-27083 ActivityThread          com.wind.ggbond.classtime.debug      E  Failed to find provider info for com.google.android.gms.fonts
2026-04-06 14:00:12.324 26920-26920 KE/UpdateViewModel      com.wind.ggbond.classtime.debug      D  当前版本 v1.2.0-[GGBond]-[Wind]-[Release]-debug 的公告已读，跳过
2026-04-06 14:00:12.325 26920-26998 KE/UpdateChecker        com.wind.ggbond.classtime.debug      D  当前版本: v1.2.0-[GGBond]-[Wind]-[Release]-debug, 开始检查更新...
2026-04-06 14:00:12.331 26920-26920 BackgroundThemeManager  com.wind.ggbond.classtime.debug      D  [isDynamicThemeEnabled] enabled = true
2026-04-06 14:00:12.331 26920-26920 BackgroundThemeManager  com.wind.ggbond.classtime.debug      D  [getActiveBackgroundScheme] Flow emitted
2026-04-06 14:00:12.331 26920-26920 BackgroundThemeManager  com.wind.ggbond.classtime.debug      D  [getActiveBackgroundScheme] index = 0
2026-04-06 14:00:12.331 26920-26920 BackgroundThemeManager  com.wind.ggbond.classtime.debug      D  [getActiveBackgroundScheme] json = ["{\"id\":\"7011aac5-b659-462e-9249-1b423867f294\",\"name\":\"图片背景 1\",\"uri\":\"file:\\\/\\\/\\\/data\\\/user\\\/0\\\/com.wind.ggbond.classtime.debug\\\/files\\\/backgrounds\\\/be07c343-9d1f-46b8-81ae-c97f7bd91726.jpg\",\"type\":\"image\",\"seedColor\":-9406416,\"blurRadius\":0,\"dimAmount\":40,\"createdAt\":1775454950339}"]
2026-04-06 14:00:12.331 26920-26920 BackgroundScheme        com.wind.ggbond.classtime.debug      D  [fromJsonArray] Input json = ["{\"id\":\"7011aac5-b659-462e-9249-1b423867f294\",\"name\":\"图片背景 1\",\"uri\":\"file:\\\/\\\/\\\/data\\\/user\\\/0\\\/com.wind.ggbond.classtime.debug\\\/files\\\/backgrounds\\\/be07c343-9d1f-46b8-81ae-c97f7bd91726.jpg\",\"type\":\"image\",\"seedColor\":-9406416,\"blurRadius\":0,\"dimAmount\":40,\"createdAt\":1775454950339}"]
2026-04-06 14:00:12.331 26920-26920 BackgroundScheme        com.wind.ggbond.classtime.debug      D  [fromJsonArray] JSON array length = 1
2026-04-06 14:00:12.331 26920-26920 BackgroundScheme        com.wind.ggbond.classtime.debug      D  [fromJsonArray] Parsing item 0: {"id":"7011aac5-b659-462e-9249-1b423867f294","name":"图片背景 1","uri":"file:\/\/\/data\/user\/0\/com.wind.ggbond.classtime.debug\/files\/backgrounds\/be07c343-9d1f-46b8-81ae-c97f7bd91726.jpg","type":"image","seedColor":-9406416,"blurRadius":0,"dimAmount":40,"createdAt":1775454950339}
2026-04-06 14:00:12.331 26920-26920 BackgroundScheme        com.wind.ggbond.classtime.debug      D  [fromJsonArray] Parsed 1 schemes
2026-04-06 14:00:12.331 26920-26920 BackgroundThemeManager  com.wind.ggbond.classtime.debug      D  [getActiveBackgroundScheme] schemes.size = 1
2026-04-06 14:00:12.331 26920-26920 BackgroundThemeManager  com.wind.ggbond.classtime.debug      D  [getActiveBackgroundScheme] result = 7011aac5-b659-462e-9249-1b423867f294
2026-04-06 14:00:12.333 26920-26920 WallpaperLog            com.wind.ggbond.classtime.debug      D  【MainScreen-壁纸状态】isDynamicThemeEnabled=true | activeScheme=非null | isWallpaperEnabled=true
2026-04-06 14:00:12.334 26920-26920 GlassEffect             com.wind.ggbond.classtime.debug      D  [来源-ActionPanelProvider] 全局毛玻璃开关: glassEffectEnabled=true
2026-04-06 14:00:12.334 26920-26920 WallpaperLog            com.wind.ggbond.classtime.debug      D  【ActionPanelProvider-背景】isWallpaperEnabled=true | 将设置Scaffold背景
2026-04-06 14:00:12.334 26920-26998 DNS_CACHE               com.wind.ggbond.classtime.debug      D  oplus_oplus_getaddrinfo_proxy lookup from netd: hostname:gitee.com, servname:(null) uid: 10534, result_code:408, res = 0x0, found = 0
2026-04-06 14:00:12.336 26920-26920 GlassEffect             com.wind.ggbond.classtime.debug      D  [来源-WeekViewContainer] 全局毛玻璃开关: glassEffectEnabled=true
2026-04-06 14:00:12.341 26920-26920 GlassEffect             com.wind.ggbond.classtime.debug      D  [来源-WeekViewContainer] 回到X周按钮渲染 | glassEffectEnabled=true
2026-04-06 14:00:12.347 26920-26920 GlassEffect             com.wind.ggbond.classtime.debug      D  [来源-ActionPanelProvider] FAB渲染 | glassEffectEnabled=true
2026-04-06 14:00:12.369 26920-26920 classtime.debug         com.wind.ggbond.classtime.debug      W  Method java.lang.Object androidx.compose.runtime.snapshots.SnapshotStateMap.mutate(kotlin.jvm.functions.Function1) failed lock verification and will run slower.
2026-04-06 14:00:12.369 26920-26920 classtime.debug         com.wind.ggbond.classtime.debug      W  Method void androidx.compose.runtime.snapshots.SnapshotStateMap.update(kotlin.jvm.functions.Function1) failed lock verification and will run slower.
2026-04-06 14:00:12.369 26920-26920 classtime.debug         com.wind.ggbond.classtime.debug      W  Method boolean androidx.compose.runtime.snapshots.SnapshotStateMap.removeIf$runtime_release(kotlin.jvm.functions.Function1) failed lock verification and will run slower.
2026-04-06 14:00:12.370 26920-26920 WallpaperLog            com.wind.ggbond.classtime.debug      D  【GridWeekView】isWallpaperEnabled=true | 使用全局CompositionLocal方案
2026-04-06 14:00:12.370 26920-26920 WallpaperLog            com.wind.ggbond.classtime.debug      D  【GridWeekView-背景】✓ 壁纸已启用 | 使用透明背景 | 壁纸将可见
2026-04-06 14:00:12.370 26920-26920 GlassEffect             com.wind.ggbond.classtime.debug      W  [来源-GridWeekView] ✗ 星期标题行已移除glassModifier | 不再使用高斯模糊
2026-04-06 14:00:12.372 26920-26920 WallpaperLog            com.wind.ggbond.classtime.debug      D  【WallpaperAwareSurface】isWallpaperEnabled=true | alpha=0.85 | original=Color(0.89411765, 0.8901961, 0.8235294, 0.54901963, sRGB IEC61966-2.1) → adjusted=Color(0.89411765, 0.8901961, 0.8235294, 0.8509804, sRGB IEC61966-2.1)
2026-04-06 14:00:12.394 26920-26998 DNS_CACHE               com.wind.ggbond.classtime.debug      D  oplus_send_dns_response send hostname: gitee.com, servname: (null) response into netd: 0, *res = 0xb40000708975b500
2026-04-06 14:00:12.452 26920-26920 WallpaperLog            com.wind.ggbond.classtime.debug      D  【WallpaperAwareSurface】isWallpaperEnabled=true | alpha=0.85 | original=Color(0.9882353, 0.98039216, 0.92941177, 1.0, sRGB IEC61966-2.1) → adjusted=Color(0.9882353, 0.98039216, 0.92941177, 0.8509804, sRGB IEC61966-2.1)
2026-04-06 14:00:12.453 26920-26920 WallpaperLog            com.wind.ggbond.classtime.debug      D  【WallpaperAwareSurface】isWallpaperEnabled=true | alpha=0.85 | original=Color(0.9882353, 0.98039216, 0.92941177, 1.0, sRGB IEC61966-2.1) → adjusted=Color(0.9882353, 0.98039216, 0.92941177, 0.8509804, sRGB IEC61966-2.1)
2026-04-06 14:00:12.454 26920-26920 WallpaperLog            com.wind.ggbond.classtime.debug      D  【WallpaperAwareSurface】isWallpaperEnabled=true | alpha=0.85 | original=Color(0.9882353, 0.98039216, 0.92941177, 1.0, sRGB IEC61966-2.1) → adjusted=Color(0.9882353, 0.98039216, 0.92941177, 0.8509804, sRGB IEC61966-2.1)
2026-04-06 14:00:12.455 26920-26920 WallpaperLog            com.wind.ggbond.classtime.debug      D  【WallpaperAwareSurface】isWallpaperEnabled=true | alpha=0.85 | original=Color(0.9882353, 0.98039216, 0.92941177, 1.0, sRGB IEC61966-2.1) → adjusted=Color(0.9882353, 0.98039216, 0.92941177, 0.8509804, sRGB IEC61966-2.1)
2026-04-06 14:00:12.455 26920-26920 WallpaperLog            com.wind.ggbond.classtime.debug      D  【WallpaperAwareSurface】isWallpaperEnabled=true | alpha=0.85 | original=Color(0.9882353, 0.98039216, 0.92941177, 1.0, sRGB IEC61966-2.1) → adjusted=Color(0.9882353, 0.98039216, 0.92941177, 0.8509804, sRGB IEC61966-2.1)
2026-04-06 14:00:12.456 26920-26920 WallpaperLog            com.wind.ggbond.classtime.debug      D  【WallpaperAwareSurface】isWallpaperEnabled=true | alpha=0.85 | original=Color(0.9882353, 0.98039216, 0.92941177, 1.0, sRGB IEC61966-2.1) → adjusted=Color(0.9882353, 0.98039216, 0.92941177, 0.8509804, sRGB IEC61966-2.1)
2026-04-06 14:00:12.457 26920-26920 WallpaperLog            com.wind.ggbond.classtime.debug      D  【WallpaperAwareSurface】isWallpaperEnabled=true | alpha=0.85 | original=Color(0.9882353, 0.98039216, 0.92941177, 1.0, sRGB IEC61966-2.1) → adjusted=Color(0.9882353, 0.98039216, 0.92941177, 0.8509804, sRGB IEC61966-2.1)
2026-04-06 14:00:12.458 26920-26920 WallpaperLog            com.wind.ggbond.classtime.debug      D  【WallpaperAwareSurface】isWallpaperEnabled=true | alpha=0.85 | original=Color(0.9882353, 0.98039216, 0.92941177, 1.0, sRGB IEC61966-2.1) → adjusted=Color(0.9882353, 0.98039216, 0.92941177, 0.8509804, sRGB IEC61966-2.1)
2026-04-06 14:00:12.459 26920-26920 WallpaperLog            com.wind.ggbond.classtime.debug      D  【WallpaperAwareSurface】isWallpaperEnabled=true | alpha=0.85 | original=Color(0.9882353, 0.98039216, 0.92941177, 1.0, sRGB IEC61966-2.1) → adjusted=Color(0.9882353, 0.98039216, 0.92941177, 0.8509804, sRGB IEC61966-2.1)
2026-04-06 14:00:12.460 26920-26920 WallpaperLog            com.wind.ggbond.classtime.debug      D  【WallpaperAwareSurface】isWallpaperEnabled=true | alpha=0.85 | original=Color(0.9882353, 0.98039216, 0.92941177, 1.0, sRGB IEC61966-2.1) → adjusted=Color(0.9882353, 0.98039216, 0.92941177, 0.8509804, sRGB IEC61966-2.1)
2026-04-06 14:00:12.460 26920-26920 WallpaperLog            com.wind.ggbond.classtime.debug      D  【WallpaperAwareSurface】isWallpaperEnabled=true | alpha=0.85 | original=Color(0.9882353, 0.98039216, 0.92941177, 1.0, sRGB IEC61966-2.1) → adjusted=Color(0.9882353, 0.98039216, 0.92941177, 0.8509804, sRGB IEC61966-2.1)
2026-04-06 14:00:12.461 26920-26920 WallpaperLog            com.wind.ggbond.classtime.debug      D  【WallpaperAwareSurface】isWallpaperEnabled=true | alpha=0.85 | original=Color(0.9882353, 0.98039216, 0.92941177, 1.0, sRGB IEC61966-2.1) → adjusted=Color(0.9882353, 0.98039216, 0.92941177, 0.8509804, sRGB IEC61966-2.1)
2026-04-06 14:00:12.462  3369-3458  SurfaceAnimationRunner  system_server                        D  onAnimationEnd:Surface(name=Surface(name=2df229a Splash Screen com.wind.ggbond.classtime.debug)/@0x1245 - animation-leash of window_animation)/@0xbf6fd9a
2026-04-06 14:00:12.462 26920-26920 WallpaperLog            com.wind.ggbond.classtime.debug      D  【WallpaperAwareSurface】isWallpaperEnabled=true | alpha=0.85 | original=Color(0.9882353, 0.98039216, 0.92941177, 1.0, sRGB IEC61966-2.1) → adjusted=Color(0.9882353, 0.98039216, 0.92941177, 0.8509804, sRGB IEC61966-2.1)
2026-04-06 14:00:12.463 26920-26920 WallpaperLog            com.wind.ggbond.classtime.debug      D  【WallpaperAwareSurface】isWallpaperEnabled=true | alpha=0.85 | original=Color(0.9882353, 0.98039216, 0.92941177, 1.0, sRGB IEC61966-2.1) → adjusted=Color(0.9882353, 0.98039216, 0.92941177, 0.8509804, sRGB IEC61966-2.1)
2026-04-06 14:00:12.464 26920-26920 WallpaperLog            com.wind.ggbond.classtime.debug      D  【WallpaperAwareSurface】isWallpaperEnabled=true | alpha=0.85 | original=Color(0.9882353, 0.98039216, 0.92941177, 1.0, sRGB IEC61966-2.1) → adjusted=Color(0.9882353, 0.98039216, 0.92941177, 0.8509804, sRGB IEC61966-2.1)
2026-04-06 14:00:12.465  3369-3457  WindowStateExtImpl      system_server                        I  onSurfaceShowChange show = false mPackageName = com.wind.ggbond.classtime.debug parentPkgName = com.wind.ggbond.classtime.debug
2026-04-06 14:00:12.465  3369-3457  WindowManager           system_server                        I  Window{2df229a u0 Splash Screen com.wind.ggbond.classtime.debug EXITING} state from HAS_DRAWN to NO_SURFACE; reason: destroySurface
2026-04-06 14:00:12.465 26920-26920 WallpaperLog            com.wind.ggbond.classtime.debug      D  【WallpaperAwareSurface】isWallpaperEnabled=true | alpha=0.85 | original=Color(0.9882353, 0.98039216, 0.92941177, 1.0, sRGB IEC61966-2.1) → adjusted=Color(0.9882353, 0.98039216, 0.92941177, 0.8509804, sRGB IEC61966-2.1)
2026-04-06 14:00:12.466 26920-26920 WallpaperLog            com.wind.ggbond.classtime.debug      D  【WallpaperAwareSurface】isWallpaperEnabled=true | alpha=0.85 | original=Color(0.9882353, 0.98039216, 0.92941177, 1.0, sRGB IEC61966-2.1) → adjusted=Color(0.9882353, 0.98039216, 0.92941177, 0.8509804, sRGB IEC61966-2.1)
2026-04-06 14:00:12.467 26920-26920 WallpaperLog            com.wind.ggbond.classtime.debug      D  【WallpaperAwareSurface】isWallpaperEnabled=true | alpha=0.85 | original=Color(0.9882353, 0.98039216, 0.92941177, 1.0, sRGB IEC61966-2.1) → adjusted=Color(0.9882353, 0.98039216, 0.92941177, 0.8509804, sRGB IEC61966-2.1)
2026-04-06 14:00:12.467 26920-26920 WallpaperLog            com.wind.ggbond.classtime.debug      D  【WallpaperAwareSurface】isWallpaperEnabled=true | alpha=0.85 | original=Color(0.9882353, 0.98039216, 0.92941177, 1.0, sRGB IEC61966-2.1) → adjusted=Color(0.9882353, 0.98039216, 0.92941177, 0.8509804, sRGB IEC61966-2.1)
2026-04-06 14:00:12.468 26920-26920 WallpaperLog            com.wind.ggbond.classtime.debug      D  【WallpaperAwareSurface】isWallpaperEnabled=true | alpha=0.85 | original=Color(0.9882353, 0.98039216, 0.92941177, 1.0, sRGB IEC61966-2.1) → adjusted=Color(0.9882353, 0.98039216, 0.92941177, 0.8509804, sRGB IEC61966-2.1)
2026-04-06 14:00:12.469 26920-26920 WallpaperLog            com.wind.ggbond.classtime.debug      D  【WallpaperAwareSurface】isWallpaperEnabled=true | alpha=0.85 | original=Color(0.9882353, 0.98039216, 0.92941177, 1.0, sRGB IEC61966-2.1) → adjusted=Color(0.9882353, 0.98039216, 0.92941177, 0.8509804, sRGB IEC61966-2.1)
2026-04-06 14:00:12.470 26920-26920 WallpaperLog            com.wind.ggbond.classtime.debug      D  【WallpaperAwareSurface】isWallpaperEnabled=true | alpha=0.85 | original=Color(0.9882353, 0.98039216, 0.92941177, 1.0, sRGB IEC61966-2.1) → adjusted=Color(0.9882353, 0.98039216, 0.92941177, 0.8509804, sRGB IEC61966-2.1)
2026-04-06 14:00:12.471 26920-26920 WallpaperLog            com.wind.ggbond.classtime.debug      D  【WallpaperAwareSurface】isWallpaperEnabled=true | alpha=0.85 | original=Color(0.9882353, 0.98039216, 0.92941177, 1.0, sRGB IEC61966-2.1) → adjusted=Color(0.9882353, 0.98039216, 0.92941177, 0.8509804, sRGB IEC61966-2.1)
2026-04-06 14:00:12.471 26920-26920 WallpaperLog            com.wind.ggbond.classtime.debug      D  【WallpaperAwareSurface】isWallpaperEnabled=true | alpha=0.85 | original=Color(0.9882353, 0.98039216, 0.92941177, 1.0, sRGB IEC61966-2.1) → adjusted=Color(0.9882353, 0.98039216, 0.92941177, 0.8509804, sRGB IEC61966-2.1)
2026-04-06 14:00:12.473 26920-26920 WallpaperLog            com.wind.ggbond.classtime.debug      D  【WallpaperAwareSurface】isWallpaperEnabled=true | alpha=0.85 | original=Color(0.9882353, 0.98039216, 0.92941177, 1.0, sRGB IEC61966-2.1) → adjusted=Color(0.9882353, 0.98039216, 0.92941177, 0.8509804, sRGB IEC61966-2.1)
2026-04-06 14:00:12.473 26920-26920 WallpaperLog            com.wind.ggbond.classtime.debug      D  【WallpaperAwareSurface】isWallpaperEnabled=true | alpha=0.85 | original=Color(0.9882353, 0.98039216, 0.92941177, 1.0, sRGB IEC61966-2.1) → adjusted=Color(0.9882353, 0.98039216, 0.92941177, 0.8509804, sRGB IEC61966-2.1)
2026-04-06 14:00:12.474 26920-26920 WallpaperLog            com.wind.ggbond.classtime.debug      D  【WallpaperAwareSurface】isWallpaperEnabled=true | alpha=0.85 | original=Color(0.9882353, 0.98039216, 0.92941177, 1.0, sRGB IEC61966-2.1) → adjusted=Color(0.9882353, 0.98039216, 0.92941177, 0.8509804, sRGB IEC61966-2.1)
2026-04-06 14:00:12.475 26920-26920 WallpaperLog            com.wind.ggbond.classtime.debug      D  【WallpaperAwareSurface】isWallpaperEnabled=true | alpha=0.85 | original=Color(0.9882353, 0.98039216, 0.92941177, 1.0, sRGB IEC61966-2.1) → adjusted=Color(0.9882353, 0.98039216, 0.92941177, 0.8509804, sRGB IEC61966-2.1)
2026-04-06 14:00:12.476 26920-26920 WallpaperLog            com.wind.ggbond.classtime.debug      D  【WallpaperAwareSurface】isWallpaperEnabled=true | alpha=0.85 | original=Color(0.9882353, 0.98039216, 0.92941177, 1.0, sRGB IEC61966-2.1) → adjusted=Color(0.9882353, 0.98039216, 0.92941177, 0.8509804, sRGB IEC61966-2.1)
2026-04-06 14:00:12.477 26920-26920 WallpaperLog            com.wind.ggbond.classtime.debug      D  【WallpaperAwareSurface】isWallpaperEnabled=true | alpha=0.85 | original=Color(0.9882353, 0.98039216, 0.92941177, 1.0, sRGB IEC61966-2.1) → adjusted=Color(0.9882353, 0.98039216, 0.92941177, 0.8509804, sRGB IEC61966-2.1)
2026-04-06 14:00:12.478 26920-26920 WallpaperLog            com.wind.ggbond.classtime.debug      D  【WallpaperAwareSurface】isWallpaperEnabled=true | alpha=0.85 | original=Color(0.9882353, 0.98039216, 0.92941177, 1.0, sRGB IEC61966-2.1) → adjusted=Color(0.9882353, 0.98039216, 0.92941177, 0.8509804, sRGB IEC61966-2.1)
2026-04-06 14:00:12.479 26920-26920 WallpaperLog            com.wind.ggbond.classtime.debug      D  【WallpaperAwareSurface】isWallpaperEnabled=true | alpha=0.85 | original=Color(0.9882353, 0.98039216, 0.92941177, 1.0, sRGB IEC61966-2.1) → adjusted=Color(0.9882353, 0.98039216, 0.92941177, 0.8509804, sRGB IEC61966-2.1)
2026-04-06 14:00:12.480 26920-26920 WallpaperLog            com.wind.ggbond.classtime.debug      D  【WallpaperAwareSurface】isWallpaperEnabled=true | alpha=0.85 | original=Color(0.9882353, 0.98039216, 0.92941177, 1.0, sRGB IEC61966-2.1) → adjusted=Color(0.9882353, 0.98039216, 0.92941177, 0.8509804, sRGB IEC61966-2.1)
2026-04-06 14:00:12.481 26920-26920 WallpaperLog            com.wind.ggbond.classtime.debug      D  【WallpaperAwareSurface】isWallpaperEnabled=true | alpha=0.85 | original=Color(0.9882353, 0.98039216, 0.92941177, 1.0, sRGB IEC61966-2.1) → adjusted=Color(0.9882353, 0.98039216, 0.92941177, 0.8509804, sRGB IEC61966-2.1)
2026-04-06 14:00:12.482 26920-26920 WallpaperLog            com.wind.ggbond.classtime.debug      D  【WallpaperAwareSurface】isWallpaperEnabled=true | alpha=0.85 | original=Color(0.9882353, 0.98039216, 0.92941177, 1.0, sRGB IEC61966-2.1) → adjusted=Color(0.9882353, 0.98039216, 0.92941177, 0.8509804, sRGB IEC61966-2.1)
2026-04-06 14:00:12.482 26920-26920 WallpaperLog            com.wind.ggbond.classtime.debug      D  【WallpaperAwareSurface】isWallpaperEnabled=true | alpha=0.85 | original=Color(0.9882353, 0.98039216, 0.92941177, 1.0, sRGB IEC61966-2.1) → adjusted=Color(0.9882353, 0.98039216, 0.92941177, 0.8509804, sRGB IEC61966-2.1)
2026-04-06 14:00:12.484 26920-26920 WallpaperLog            com.wind.ggbond.classtime.debug      D  【WallpaperAwareSurface】isWallpaperEnabled=true | alpha=0.85 | original=Color(0.9882353, 0.98039216, 0.92941177, 1.0, sRGB IEC61966-2.1) → adjusted=Color(0.9882353, 0.98039216, 0.92941177, 0.8509804, sRGB IEC61966-2.1)
2026-04-06 14:00:12.484 26920-26920 WallpaperLog            com.wind.ggbond.classtime.debug      D  【WallpaperAwareSurface】isWallpaperEnabled=true | alpha=0.85 | original=Color(0.9882353, 0.98039216, 0.92941177, 1.0, sRGB IEC61966-2.1) → adjusted=Color(0.9882353, 0.98039216, 0.92941177, 0.8509804, sRGB IEC61966-2.1)
2026-04-06 14:00:12.485 26920-26920 WallpaperLog            com.wind.ggbond.classtime.debug      D  【WallpaperAwareSurface】isWallpaperEnabled=true | alpha=0.85 | original=Color(0.9882353, 0.98039216, 0.92941177, 1.0, sRGB IEC61966-2.1) → adjusted=Color(0.9882353, 0.98039216, 0.92941177, 0.8509804, sRGB IEC61966-2.1)
2026-04-06 14:00:12.486 26920-26920 WallpaperLog            com.wind.ggbond.classtime.debug      D  【WallpaperAwareSurface】isWallpaperEnabled=true | alpha=0.85 | original=Color(0.9882353, 0.98039216, 0.92941177, 1.0, sRGB IEC61966-2.1) → adjusted=Color(0.9882353, 0.98039216, 0.92941177, 0.8509804, sRGB IEC61966-2.1)
2026-04-06 14:00:12.487 26920-26920 WallpaperLog            com.wind.ggbond.classtime.debug      D  【WallpaperAwareSurface】isWallpaperEnabled=true | alpha=0.85 | original=Color(0.9882353, 0.98039216, 0.92941177, 1.0, sRGB IEC61966-2.1) → adjusted=Color(0.9882353, 0.98039216, 0.92941177, 0.8509804, sRGB IEC61966-2.1)
2026-04-06 14:00:12.488 26920-26920 WallpaperLog            com.wind.ggbond.classtime.debug      D  【WallpaperAwareSurface】isWallpaperEnabled=true | alpha=0.85 | original=Color(0.9882353, 0.98039216, 0.92941177, 1.0, sRGB IEC61966-2.1) → adjusted=Color(0.9882353, 0.98039216, 0.92941177, 0.8509804, sRGB IEC61966-2.1)
2026-04-06 14:00:12.488 26920-26920 WallpaperLog            com.wind.ggbond.classtime.debug      D  【WallpaperAwareSurface】isWallpaperEnabled=true | alpha=0.85 | original=Color(0.9882353, 0.98039216, 0.92941177, 1.0, sRGB IEC61966-2.1) → adjusted=Color(0.9882353, 0.98039216, 0.92941177, 0.8509804, sRGB IEC61966-2.1)
2026-04-06 14:00:12.489 26920-26920 WallpaperLog            com.wind.ggbond.classtime.debug      D  【WallpaperAwareSurface】isWallpaperEnabled=true | alpha=0.85 | original=Color(0.9882353, 0.98039216, 0.92941177, 1.0, sRGB IEC61966-2.1) → adjusted=Color(0.9882353, 0.98039216, 0.92941177, 0.8509804, sRGB IEC61966-2.1)
2026-04-06 14:00:12.490 26920-26920 WallpaperLog            com.wind.ggbond.classtime.debug      D  【WallpaperAwareSurface】isWallpaperEnabled=true | alpha=0.85 | original=Color(0.9882353, 0.98039216, 0.92941177, 1.0, sRGB IEC61966-2.1) → adjusted=Color(0.9882353, 0.98039216, 0.92941177, 0.8509804, sRGB IEC61966-2.1)
2026-04-06 14:00:12.491 26920-26920 WallpaperLog            com.wind.ggbond.classtime.debug      D  【WallpaperAwareSurface】isWallpaperEnabled=true | alpha=0.85 | original=Color(0.9882353, 0.98039216, 0.92941177, 1.0, sRGB IEC61966-2.1) → adjusted=Color(0.9882353, 0.98039216, 0.92941177, 0.8509804, sRGB IEC61966-2.1)
2026-04-06 14:00:12.491 26920-26920 WallpaperLog            com.wind.ggbond.classtime.debug      D  【WallpaperAwareSurface】isWallpaperEnabled=true | alpha=0.85 | original=Color(0.9882353, 0.98039216, 0.92941177, 1.0, sRGB IEC61966-2.1) → adjusted=Color(0.9882353, 0.98039216, 0.92941177, 0.8509804, sRGB IEC61966-2.1)
2026-04-06 14:00:12.492 26920-26920 WallpaperLog            com.wind.ggbond.classtime.debug      D  【WallpaperAwareSurface】isWallpaperEnabled=true | alpha=0.85 | original=Color(0.9882353, 0.98039216, 0.92941177, 1.0, sRGB IEC61966-2.1) → adjusted=Color(0.9882353, 0.98039216, 0.92941177, 0.8509804, sRGB IEC61966-2.1)
2026-04-06 14:00:12.493 26920-26920 WallpaperLog            com.wind.ggbond.classtime.debug      D  【WallpaperAwareSurface】isWallpaperEnabled=true | alpha=0.85 | original=Color(0.9882353, 0.98039216, 0.92941177, 1.0, sRGB IEC61966-2.1) → adjusted=Color(0.9882353, 0.98039216, 0.92941177, 0.8509804, sRGB IEC61966-2.1)
2026-04-06 14:00:12.494 26920-26920 WallpaperLog            com.wind.ggbond.classtime.debug      D  【WallpaperAwareSurface】isWallpaperEnabled=true | alpha=0.85 | original=Color(0.9882353, 0.98039216, 0.92941177, 1.0, sRGB IEC61966-2.1) → adjusted=Color(0.9882353, 0.98039216, 0.92941177, 0.8509804, sRGB IEC61966-2.1)
2026-04-06 14:00:12.495 26920-26920 WallpaperLog            com.wind.ggbond.classtime.debug      D  【WallpaperAwareSurface】isWallpaperEnabled=true | alpha=0.85 | original=Color(0.9882353, 0.98039216, 0.92941177, 1.0, sRGB IEC61966-2.1) → adjusted=Color(0.9882353, 0.98039216, 0.92941177, 0.8509804, sRGB IEC61966-2.1)
2026-04-06 14:00:12.496 26920-26920 WallpaperLog            com.wind.ggbond.classtime.debug      D  【WallpaperAwareSurface】isWallpaperEnabled=true | alpha=0.85 | original=Color(0.9882353, 0.98039216, 0.92941177, 1.0, sRGB IEC61966-2.1) → adjusted=Color(0.9882353, 0.98039216, 0.92941177, 0.8509804, sRGB IEC61966-2.1)
2026-04-06 14:00:12.496 26920-26920 WallpaperLog            com.wind.ggbond.classtime.debug      D  【WallpaperAwareSurface】isWallpaperEnabled=true | alpha=0.85 | original=Color(0.9882353, 0.98039216, 0.92941177, 1.0, sRGB IEC61966-2.1) → adjusted=Color(0.9882353, 0.98039216, 0.92941177, 0.8509804, sRGB IEC61966-2.1)
2026-04-06 14:00:12.497 26920-26920 WallpaperLog            com.wind.ggbond.classtime.debug      D  【WallpaperAwareSurface】isWallpaperEnabled=true | alpha=0.85 | original=Color(0.9882353, 0.98039216, 0.92941177, 1.0, sRGB IEC61966-2.1) → adjusted=Color(0.9882353, 0.98039216, 0.92941177, 0.8509804, sRGB IEC61966-2.1)
2026-04-06 14:00:12.498 26920-26920 WallpaperLog            com.wind.ggbond.classtime.debug      D  【WallpaperAwareSurface】isWallpaperEnabled=true | alpha=0.85 | original=Color(0.9882353, 0.98039216, 0.92941177, 1.0, sRGB IEC61966-2.1) → adjusted=Color(0.9882353, 0.98039216, 0.92941177, 0.8509804, sRGB IEC61966-2.1)
2026-04-06 14:00:12.499 26920-26920 WallpaperLog            com.wind.ggbond.classtime.debug      D  【WallpaperAwareSurface】isWallpaperEnabled=true | alpha=0.85 | original=Color(0.9882353, 0.98039216, 0.92941177, 1.0, sRGB IEC61966-2.1) → adjusted=Color(0.9882353, 0.98039216, 0.92941177, 0.8509804, sRGB IEC61966-2.1)
2026-04-06 14:00:12.499 26920-26920 WallpaperLog            com.wind.ggbond.classtime.debug      D  【WallpaperAwareSurface】isWallpaperEnabled=true | alpha=0.85 | original=Color(0.9882353, 0.98039216, 0.92941177, 1.0, sRGB IEC61966-2.1) → adjusted=Color(0.9882353, 0.98039216, 0.92941177, 0.8509804, sRGB IEC61966-2.1)
2026-04-06 14:00:12.500 26920-26920 WallpaperLog            com.wind.ggbond.classtime.debug      D  【WallpaperAwareSurface】isWallpaperEnabled=true | alpha=0.85 | original=Color(0.9882353, 0.98039216, 0.92941177, 1.0, sRGB IEC61966-2.1) → adjusted=Color(0.9882353, 0.98039216, 0.92941177, 0.8509804, sRGB IEC61966-2.1)
2026-04-06 14:00:12.501 26920-26920 WallpaperLog            com.wind.ggbond.classtime.debug      D  【WallpaperAwareSurface】isWallpaperEnabled=true | alpha=0.85 | original=Color(0.9882353, 0.98039216, 0.92941177, 1.0, sRGB IEC61966-2.1) → adjusted=Color(0.9882353, 0.98039216, 0.92941177, 0.8509804, sRGB IEC61966-2.1)
2026-04-06 14:00:12.502 26920-26920 WallpaperLog            com.wind.ggbond.classtime.debug      D  【WallpaperAwareSurface】isWallpaperEnabled=true | alpha=0.85 | original=Color(0.9882353, 0.98039216, 0.92941177, 1.0, sRGB IEC61966-2.1) → adjusted=Color(0.9882353, 0.98039216, 0.92941177, 0.8509804, sRGB IEC61966-2.1)
2026-04-06 14:00:12.503 26920-26920 WallpaperLog            com.wind.ggbond.classtime.debug      D  【WallpaperAwareSurface】isWallpaperEnabled=true | alpha=0.85 | original=Color(0.9882353, 0.98039216, 0.92941177, 1.0, sRGB IEC61966-2.1) → adjusted=Color(0.9882353, 0.98039216, 0.92941177, 0.8509804, sRGB IEC61966-2.1)
2026-04-06 14:00:12.503 26920-26920 WallpaperLog            com.wind.ggbond.classtime.debug      D  【WallpaperAwareSurface】isWallpaperEnabled=true | alpha=0.85 | original=Color(0.9882353, 0.98039216, 0.92941177, 1.0, sRGB IEC61966-2.1) → adjusted=Color(0.9882353, 0.98039216, 0.92941177, 0.8509804, sRGB IEC61966-2.1)
2026-04-06 14:00:12.504 26920-26920 WallpaperLog            com.wind.ggbond.classtime.debug      D  【WallpaperAwareSurface】isWallpaperEnabled=true | alpha=0.85 | original=Color(0.9882353, 0.98039216, 0.92941177, 1.0, sRGB IEC61966-2.1) → adjusted=Color(0.9882353, 0.98039216, 0.92941177, 0.8509804, sRGB IEC61966-2.1)
2026-04-06 14:00:12.505 26920-26920 WallpaperLog            com.wind.ggbond.classtime.debug      D  【WallpaperAwareSurface】isWallpaperEnabled=true | alpha=0.85 | original=Color(0.9882353, 0.98039216, 0.92941177, 1.0, sRGB IEC61966-2.1) → adjusted=Color(0.9882353, 0.98039216, 0.92941177, 0.8509804, sRGB IEC61966-2.1)
2026-04-06 14:00:12.506 26920-26920 WallpaperLog            com.wind.ggbond.classtime.debug      D  【WallpaperAwareSurface】isWallpaperEnabled=true | alpha=0.85 | original=Color(0.9882353, 0.98039216, 0.92941177, 1.0, sRGB IEC61966-2.1) → adjusted=Color(0.9882353, 0.98039216, 0.92941177, 0.8509804, sRGB IEC61966-2.1)
2026-04-06 14:00:12.506 26920-26920 WallpaperLog            com.wind.ggbond.classtime.debug      D  【WallpaperAwareSurface】isWallpaperEnabled=true | alpha=0.85 | original=Color(0.9882353, 0.98039216, 0.92941177, 1.0, sRGB IEC61966-2.1) → adjusted=Color(0.9882353, 0.98039216, 0.92941177, 0.8509804, sRGB IEC61966-2.1)
2026-04-06 14:00:12.507 26920-26920 WallpaperLog            com.wind.ggbond.classtime.debug      D  【WallpaperAwareSurface】isWallpaperEnabled=true | alpha=0.85 | original=Color(0.9882353, 0.98039216, 0.92941177, 1.0, sRGB IEC61966-2.1) → adjusted=Color(0.9882353, 0.98039216, 0.92941177, 0.8509804, sRGB IEC61966-2.1)
2026-04-06 14:00:12.508 26920-26920 WallpaperLog            com.wind.ggbond.classtime.debug      D  【WallpaperAwareSurface】isWallpaperEnabled=true | alpha=0.85 | original=Color(0.9882353, 0.98039216, 0.92941177, 1.0, sRGB IEC61966-2.1) → adjusted=Color(0.9882353, 0.98039216, 0.92941177, 0.8509804, sRGB IEC61966-2.1)
2026-04-06 14:00:12.509 26920-26920 WallpaperLog            com.wind.ggbond.classtime.debug      D  【WallpaperAwareSurface】isWallpaperEnabled=true | alpha=0.85 | original=Color(0.9882353, 0.98039216, 0.92941177, 1.0, sRGB IEC61966-2.1) → adjusted=Color(0.9882353, 0.98039216, 0.92941177, 0.8509804, sRGB IEC61966-2.1)
2026-04-06 14:00:12.510 26920-26920 WallpaperLog            com.wind.ggbond.classtime.debug      D  【WallpaperAwareSurface】isWallpaperEnabled=true | alpha=0.85 | original=Color(0.9882353, 0.98039216, 0.92941177, 1.0, sRGB IEC61966-2.1) → adjusted=Color(0.9882353, 0.98039216, 0.92941177, 0.8509804, sRGB IEC61966-2.1)
2026-04-06 14:00:12.510 26920-26920 WallpaperLog            com.wind.ggbond.classtime.debug      D  【WallpaperAwareSurface】isWallpaperEnabled=true | alpha=0.85 | original=Color(0.9882353, 0.98039216, 0.92941177, 1.0, sRGB IEC61966-2.1) → adjusted=Color(0.9882353, 0.98039216, 0.92941177, 0.8509804, sRGB IEC61966-2.1)
2026-04-06 14:00:12.511 26920-26920 WallpaperLog            com.wind.ggbond.classtime.debug      D  【WallpaperAwareSurface】isWallpaperEnabled=true | alpha=0.85 | original=Color(0.9882353, 0.98039216, 0.92941177, 1.0, sRGB IEC61966-2.1) → adjusted=Color(0.9882353, 0.98039216, 0.92941177, 0.8509804, sRGB IEC61966-2.1)
2026-04-06 14:00:12.512 26920-26920 WallpaperLog            com.wind.ggbond.classtime.debug      D  【WallpaperAwareSurface】isWallpaperEnabled=true | alpha=0.85 | original=Color(0.9882353, 0.98039216, 0.92941177, 1.0, sRGB IEC61966-2.1) → adjusted=Color(0.9882353, 0.98039216, 0.92941177, 0.8509804, sRGB IEC61966-2.1)
2026-04-06 14:00:12.513 26920-26920 WallpaperLog            com.wind.ggbond.classtime.debug      D  【WallpaperAwareSurface】isWallpaperEnabled=true | alpha=0.85 | original=Color(0.9882353, 0.98039216, 0.92941177, 1.0, sRGB IEC61966-2.1) → adjusted=Color(0.9882353, 0.98039216, 0.92941177, 0.8509804, sRGB IEC61966-2.1)
2026-04-06 14:00:12.513 26920-26920 WallpaperLog            com.wind.ggbond.classtime.debug      D  【WallpaperAwareSurface】isWallpaperEnabled=true | alpha=0.85 | original=Color(0.9882353, 0.98039216, 0.92941177, 1.0, sRGB IEC61966-2.1) → adjusted=Color(0.9882353, 0.98039216, 0.92941177, 0.8509804, sRGB IEC61966-2.1)
2026-04-06 14:00:12.514 26920-26920 WallpaperLog            com.wind.ggbond.classtime.debug      D  【WallpaperAwareSurface】isWallpaperEnabled=true | alpha=0.85 | original=Color(0.9882353, 0.98039216, 0.92941177, 1.0, sRGB IEC61966-2.1) → adjusted=Color(0.9882353, 0.98039216, 0.92941177, 0.8509804, sRGB IEC61966-2.1)
2026-04-06 14:00:12.515 26920-26920 WallpaperLog            com.wind.ggbond.classtime.debug      D  【WallpaperAwareSurface】isWallpaperEnabled=true | alpha=0.85 | original=Color(0.9882353, 0.98039216, 0.92941177, 1.0, sRGB IEC61966-2.1) → adjusted=Color(0.9882353, 0.98039216, 0.92941177, 0.8509804, sRGB IEC61966-2.1)
2026-04-06 14:00:12.515 26920-26920 WallpaperLog            com.wind.ggbond.classtime.debug      D  【WallpaperAwareSurface】isWallpaperEnabled=true | alpha=0.85 | original=Color(0.9882353, 0.98039216, 0.92941177, 1.0, sRGB IEC61966-2.1) → adjusted=Color(0.9882353, 0.98039216, 0.92941177, 0.8509804, sRGB IEC61966-2.1)
2026-04-06 14:00:12.516 26920-26920 WallpaperLog            com.wind.ggbond.classtime.debug      D  【WallpaperAwareSurface】isWallpaperEnabled=true | alpha=0.85 | original=Color(0.9882353, 0.98039216, 0.92941177, 1.0, sRGB IEC61966-2.1) → adjusted=Color(0.9882353, 0.98039216, 0.92941177, 0.8509804, sRGB IEC61966-2.1)
2026-04-06 14:00:12.517 26920-26920 WallpaperLog            com.wind.ggbond.classtime.debug      D  【WallpaperAwareSurface】isWallpaperEnabled=true | alpha=0.85 | original=Color(0.9882353, 0.98039216, 0.92941177, 1.0, sRGB IEC61966-2.1) → adjusted=Color(0.9882353, 0.98039216, 0.92941177, 0.8509804, sRGB IEC61966-2.1)
2026-04-06 14:00:12.517 26920-26920 WallpaperLog            com.wind.ggbond.classtime.debug      D  【WallpaperAwareSurface】isWallpaperEnabled=true | alpha=0.85 | original=Color(0.9882353, 0.98039216, 0.92941177, 1.0, sRGB IEC61966-2.1) → adjusted=Color(0.9882353, 0.98039216, 0.92941177, 0.8509804, sRGB IEC61966-2.1)
2026-04-06 14:00:12.518 26920-26920 WallpaperLog            com.wind.ggbond.classtime.debug      D  【WallpaperAwareSurface】isWallpaperEnabled=true | alpha=0.85 | original=Color(0.9882353, 0.98039216, 0.92941177, 1.0, sRGB IEC61966-2.1) → adjusted=Color(0.9882353, 0.98039216, 0.92941177, 0.8509804, sRGB IEC61966-2.1)
2026-04-06 14:00:12.519 26920-26920 WallpaperLog            com.wind.ggbond.classtime.debug      D  【WallpaperAwareSurface】isWallpaperEnabled=true | alpha=0.85 | original=Color(0.9882353, 0.98039216, 0.92941177, 1.0, sRGB IEC61966-2.1) → adjusted=Color(0.9882353, 0.98039216, 0.92941177, 0.8509804, sRGB IEC61966-2.1)
2026-04-06 14:00:12.519 26920-26920 WallpaperLog            com.wind.ggbond.classtime.debug      D  【WallpaperAwareSurface】isWallpaperEnabled=true | alpha=0.85 | original=Color(0.9882353, 0.98039216, 0.92941177, 1.0, sRGB IEC61966-2.1) → adjusted=Color(0.9882353, 0.98039216, 0.92941177, 0.8509804, sRGB IEC61966-2.1)
2026-04-06 14:00:12.765 26920-26920 MainViewModel           com.wind.ggbond.classtime.debug      D  ========== 调课记录更新 ==========
2026-04-06 14:00:12.765 26920-26920 MainViewModel           com.wind.ggbond.classtime.debug      D  ✓ 加载到 0 条调课记录
2026-04-06 14:00:12.765 26920-26920 MainViewModel           com.wind.ggbond.classtime.debug      D  调课数据更新，清除所有缓存
2026-04-06 14:00:12.765 26920-26920 MainViewModel           com.wind.ggbond.classtime.debug      D  ====================================
2026-04-06 14:00:12.766 26920-26920 MainViewModel           com.wind.ggbond.classtime.debug      D  ✓ 加载到 3 门课程
2026-04-06 14:00:12.766 26920-26920 MainViewModel           com.wind.ggbond.classtime.debug      D  课程0: 45 (星期1, 第1节, 周次[12, 13], 周次类型=ArrayList)
2026-04-06 14:00:12.766 26920-26920 MainViewModel           com.wind.ggbond.classtime.debug      D    └─ 第一周: 12 (类型: Int)
2026-04-06 14:00:12.766 26920-26920 MainViewModel           com.wind.ggbond.classtime.debug      D  课程1: 12 (星期1, 第1节, 周次[18, 19, 20], 周次类型=ArrayList)
2026-04-06 14:00:12.766 26920-26920 MainViewModel           com.wind.ggbond.classtime.debug      D    └─ 第一周: 18 (类型: Int)
2026-04-06 14:00:12.766 26920-26920 MainViewModel           com.wind.ggbond.classtime.debug      D  课程2: 45 (星期2, 第1节, 周次[12, 13], 周次类型=ArrayList)
2026-04-06 14:00:12.766 26920-26920 MainViewModel           com.wind.ggbond.classtime.debug      D    └─ 第一周: 12 (类型: Int)
2026-04-06 14:00:12.766 26920-26920 MainViewModel           com.wind.ggbond.classtime.debug      D  ViewModel初始化：开始预加载周次 6 及相邻周
2026-04-06 14:00:12.766 26920-26920 MainViewModel           com.wind.ggbond.classtime.debug      D  ViewModel初始化：预加载完成
2026-04-06 14:00:12.774  5160-6063  UlPriority...Foreground com.oplus.nas                        D  match: config has not com.wind.ggbond.classtime.debug
2026-04-06 14:00:12.780 26920-26920 WallpaperLog            com.wind.ggbond.classtime.debug      D  【GridWeekView】isWallpaperEnabled=true | 使用全局CompositionLocal方案
2026-04-06 14:00:12.780 26920-26920 WallpaperLog            com.wind.ggbond.classtime.debug      D  【GridWeekView-背景】✓ 壁纸已启用 | 使用透明背景 | 壁纸将可见
2026-04-06 14:00:12.780 26920-26920 GlassEffect             com.wind.ggbond.classtime.debug      W  [来源-GridWeekView] ✗ 星期标题行已移除glassModifier | 不再使用高斯模糊
2026-04-06 14:00:12.781 26920-26920 WallpaperLog            com.wind.ggbond.classtime.debug      D  【WallpaperAwareSurface】isWallpaperEnabled=true | alpha=0.85 | original=Color(0.89411765, 0.8901961, 0.8235294, 0.54901963, sRGB IEC61966-2.1) → adjusted=Color(0.89411765, 0.8901961, 0.8235294, 0.8509804, sRGB IEC61966-2.1)
2026-04-06 14:00:12.836 26920-26920 WallpaperLog            com.wind.ggbond.classtime.debug      D  【WallpaperAwareSurface】isWallpaperEnabled=true | alpha=0.85 | original=Color(0.9882353, 0.98039216, 0.92941177, 1.0, sRGB IEC61966-2.1) → adjusted=Color(0.9882353, 0.98039216, 0.92941177, 0.8509804, sRGB IEC61966-2.1)
2026-04-06 14:00:12.836 26920-26920 WallpaperLog            com.wind.ggbond.classtime.debug      D  【WallpaperAwareSurface】isWallpaperEnabled=true | alpha=0.85 | original=Color(0.9882353, 0.98039216, 0.92941177, 1.0, sRGB IEC61966-2.1) → adjusted=Color(0.9882353, 0.98039216, 0.92941177, 0.8509804, sRGB IEC61966-2.1)
2026-04-06 14:00:12.837 26920-26920 WallpaperLog            com.wind.ggbond.classtime.debug      D  【WallpaperAwareSurface】isWallpaperEnabled=true | alpha=0.85 | original=Color(0.9882353, 0.98039216, 0.92941177, 1.0, sRGB IEC61966-2.1) → adjusted=Color(0.9882353, 0.98039216, 0.92941177, 0.8509804, sRGB IEC61966-2.1)
2026-04-06 14:00:12.838 26920-26920 WallpaperLog            com.wind.ggbond.classtime.debug      D  【WallpaperAwareSurface】isWallpaperEnabled=true | alpha=0.85 | original=Color(0.9882353, 0.98039216, 0.92941177, 1.0, sRGB IEC61966-2.1) → adjusted=Color(0.9882353, 0.98039216, 0.92941177, 0.8509804, sRGB IEC61966-2.1)
2026-04-06 14:00:12.838 26920-26920 WallpaperLog            com.wind.ggbond.classtime.debug      D  【WallpaperAwareSurface】isWallpaperEnabled=true | alpha=0.85 | original=Color(0.9882353, 0.98039216, 0.92941177, 1.0, sRGB IEC61966-2.1) → adjusted=Color(0.9882353, 0.98039216, 0.92941177, 0.8509804, sRGB IEC61966-2.1)
2026-04-06 14:00:12.839 26920-26920 WallpaperLog            com.wind.ggbond.classtime.debug      D  【WallpaperAwareSurface】isWallpaperEnabled=true | alpha=0.85 | original=Color(0.9882353, 0.98039216, 0.92941177, 1.0, sRGB IEC61966-2.1) → adjusted=Color(0.9882353, 0.98039216, 0.92941177, 0.8509804, sRGB IEC61966-2.1)
2026-04-06 14:00:12.839 26920-26920 WallpaperLog            com.wind.ggbond.classtime.debug      D  【WallpaperAwareSurface】isWallpaperEnabled=true | alpha=0.85 | original=Color(0.9882353, 0.98039216, 0.92941177, 1.0, sRGB IEC61966-2.1) → adjusted=Color(0.9882353, 0.98039216, 0.92941177, 0.8509804, sRGB IEC61966-2.1)
2026-04-06 14:00:12.840 26920-26920 WallpaperLog            com.wind.ggbond.classtime.debug      D  【WallpaperAwareSurface】isWallpaperEnabled=true | alpha=0.85 | original=Color(0.9882353, 0.98039216, 0.92941177, 1.0, sRGB IEC61966-2.1) → adjusted=Color(0.9882353, 0.98039216, 0.92941177, 0.8509804, sRGB IEC61966-2.1)
2026-04-06 14:00:12.840 26920-26920 WallpaperLog            com.wind.ggbond.classtime.debug      D  【WallpaperAwareSurface】isWallpaperEnabled=true | alpha=0.85 | original=Color(0.9882353, 0.98039216, 0.92941177, 1.0, sRGB IEC61966-2.1) → adjusted=Color(0.9882353, 0.98039216, 0.92941177, 0.8509804, sRGB IEC61966-2.1)
2026-04-06 14:00:12.841 26920-26920 WallpaperLog            com.wind.ggbond.classtime.debug      D  【WallpaperAwareSurface】isWallpaperEnabled=true | alpha=0.85 | original=Color(0.9882353, 0.98039216, 0.92941177, 1.0, sRGB IEC61966-2.1) → adjusted=Color(0.9882353, 0.98039216, 0.92941177, 0.8509804, sRGB IEC61966-2.1)
2026-04-06 14:00:12.841 26920-26920 WallpaperLog            com.wind.ggbond.classtime.debug      D  【WallpaperAwareSurface】isWallpaperEnabled=true | alpha=0.85 | original=Color(0.9882353, 0.98039216, 0.92941177, 1.0, sRGB IEC61966-2.1) → adjusted=Color(0.9882353, 0.98039216, 0.92941177, 0.8509804, sRGB IEC61966-2.1)
2026-04-06 14:00:12.842 26920-26920 WallpaperLog            com.wind.ggbond.classtime.debug      D  【WallpaperAwareSurface】isWallpaperEnabled=true | alpha=0.85 | original=Color(0.9882353, 0.98039216, 0.92941177, 1.0, sRGB IEC61966-2.1) → adjusted=Color(0.9882353, 0.98039216, 0.92941177, 0.8509804, sRGB IEC61966-2.1)
2026-04-06 14:00:12.843 26920-26920 WallpaperLog            com.wind.ggbond.classtime.debug      D  【WallpaperAwareSurface】isWallpaperEnabled=true | alpha=0.85 | original=Color(0.9882353, 0.98039216, 0.92941177, 1.0, sRGB IEC61966-2.1) → adjusted=Color(0.9882353, 0.98039216, 0.92941177, 0.8509804, sRGB IEC61966-2.1)
