2026-04-06 14:00:12.843 26920-26920 WallpaperLog            com.wind.ggbond.classtime.debug      D  【WallpaperAwareSurface】isWallpaperEnabled=true | alpha=0.85 | original=Color(0.9882353, 0.98039216, 0.92941177, 1.0, sRGB IEC61966-2.1) → adjusted=Color(0.9882353, 0.98039216, 0.92941177, 0.8509804, sRGB IEC61966-2.1)
2026-04-06 14:00:12.844 26920-26920 WallpaperLog            com.wind.ggbond.classtime.debug      D  【WallpaperAwareSurface】isWallpaperEnabled=true | alpha=0.85 | original=Color(0.9882353, 0.98039216, 0.92941177, 1.0, sRGB IEC61966-2.1) → adjusted=Color(0.9882353, 0.98039216, 0.92941177, 0.8509804, sRGB IEC61966-2.1)
2026-04-06 14:00:12.844 26920-26920 WallpaperLog            com.wind.ggbond.classtime.debug      D  【WallpaperAwareSurface】isWallpaperEnabled=true | alpha=0.85 | original=Color(0.9882353, 0.98039216, 0.92941177, 1.0, sRGB IEC61966-2.1) → adjusted=Color(0.9882353, 0.98039216, 0.92941177, 0.8509804, sRGB IEC61966-2.1)
2026-04-06 14:00:12.845 26920-26920 WallpaperLog            com.wind.ggbond.classtime.debug      D  【WallpaperAwareSurface】isWallpaperEnabled=true | alpha=0.85 | original=Color(0.9882353, 0.98039216, 0.92941177, 1.0, sRGB IEC61966-2.1) → adjusted=Color(0.9882353, 0.98039216, 0.92941177, 0.8509804, sRGB IEC61966-2.1)
2026-04-06 14:00:12.845 26920-26920 WallpaperLog            com.wind.ggbond.classtime.debug      D  【WallpaperAwareSurface】isWallpaperEnabled=true | alpha=0.85 | original=Color(0.9882353, 0.98039216, 0.92941177, 1.0, sRGB IEC61966-2.1) → adjusted=Color(0.9882353, 0.98039216, 0.92941177, 0.8509804, sRGB IEC61966-2.1)
2026-04-06 14:00:12.846 26920-26920 WallpaperLog            com.wind.ggbond.classtime.debug      D  【WallpaperAwareSurface】isWallpaperEnabled=true | alpha=0.85 | original=Color(0.9882353, 0.98039216, 0.92941177, 1.0, sRGB IEC61966-2.1) → adjusted=Color(0.9882353, 0.98039216, 0.92941177, 0.8509804, sRGB IEC61966-2.1)
2026-04-06 14:00:12.846 26920-26920 WallpaperLog            com.wind.ggbond.classtime.debug      D  【WallpaperAwareSurface】isWallpaperEnabled=true | alpha=0.85 | original=Color(0.9882353, 0.98039216, 0.92941177, 1.0, sRGB IEC61966-2.1) → adjusted=Color(0.9882353, 0.98039216, 0.92941177, 0.8509804, sRGB IEC61966-2.1)
2026-04-06 14:00:12.847 26920-26920 WallpaperLog            com.wind.ggbond.classtime.debug      D  【WallpaperAwareSurface】isWallpaperEnabled=true | alpha=0.85 | original=Color(0.9882353, 0.98039216, 0.92941177, 1.0, sRGB IEC61966-2.1) → adjusted=Color(0.9882353, 0.98039216, 0.92941177, 0.8509804, sRGB IEC61966-2.1)
2026-04-06 14:00:12.847 26920-26920 WallpaperLog            com.wind.ggbond.classtime.debug      D  【WallpaperAwareSurface】isWallpaperEnabled=true | alpha=0.85 | original=Color(0.9882353, 0.98039216, 0.92941177, 1.0, sRGB IEC61966-2.1) → adjusted=Color(0.9882353, 0.98039216, 0.92941177, 0.8509804, sRGB IEC61966-2.1)
2026-04-06 14:00:12.848 26920-26920 WallpaperLog            com.wind.ggbond.classtime.debug      D  【WallpaperAwareSurface】isWallpaperEnabled=true | alpha=0.85 | original=Color(0.9882353, 0.98039216, 0.92941177, 1.0, sRGB IEC61966-2.1) → adjusted=Color(0.9882353, 0.98039216, 0.92941177, 0.8509804, sRGB IEC61966-2.1)
2026-04-06 14:00:12.848 26920-26920 WallpaperLog            com.wind.ggbond.classtime.debug      D  【WallpaperAwareSurface】isWallpaperEnabled=true | alpha=0.85 | original=Color(0.9882353, 0.98039216, 0.92941177, 1.0, sRGB IEC61966-2.1) → adjusted=Color(0.9882353, 0.98039216, 0.92941177, 0.8509804, sRGB IEC61966-2.1)
2026-04-06 14:00:12.849 26920-26920 WallpaperLog            com.wind.ggbond.classtime.debug      D  【WallpaperAwareSurface】isWallpaperEnabled=true | alpha=0.85 | original=Color(0.9882353, 0.98039216, 0.92941177, 1.0, sRGB IEC61966-2.1) → adjusted=Color(0.9882353, 0.98039216, 0.92941177, 0.8509804, sRGB IEC61966-2.1)
2026-04-06 14:00:12.850 26920-26920 WallpaperLog            com.wind.ggbond.classtime.debug      D  【WallpaperAwareSurface】isWallpaperEnabled=true | alpha=0.85 | original=Color(0.9882353, 0.98039216, 0.92941177, 1.0, sRGB IEC61966-2.1) → adjusted=Color(0.9882353, 0.98039216, 0.92941177, 0.8509804, sRGB IEC61966-2.1)
2026-04-06 14:00:12.850 26920-26920 WallpaperLog            com.wind.ggbond.classtime.debug      D  【WallpaperAwareSurface】isWallpaperEnabled=true | alpha=0.85 | original=Color(0.9882353, 0.98039216, 0.92941177, 1.0, sRGB IEC61966-2.1) → adjusted=Color(0.9882353, 0.98039216, 0.92941177, 0.8509804, sRGB IEC61966-2.1)
2026-04-06 14:00:12.851 26920-26920 WallpaperLog            com.wind.ggbond.classtime.debug      D  【WallpaperAwareSurface】isWallpaperEnabled=true | alpha=0.85 | original=Color(0.9882353, 0.98039216, 0.92941177, 1.0, sRGB IEC61966-2.1) → adjusted=Color(0.9882353, 0.98039216, 0.92941177, 0.8509804, sRGB IEC61966-2.1)
2026-04-06 14:00:12.851 26920-26920 WallpaperLog            com.wind.ggbond.classtime.debug      D  【WallpaperAwareSurface】isWallpaperEnabled=true | alpha=0.85 | original=Color(0.9882353, 0.98039216, 0.92941177, 1.0, sRGB IEC61966-2.1) → adjusted=Color(0.9882353, 0.98039216, 0.92941177, 0.8509804, sRGB IEC61966-2.1)
2026-04-06 14:00:12.852 26920-26920 WallpaperLog            com.wind.ggbond.classtime.debug      D  【WallpaperAwareSurface】isWallpaperEnabled=true | alpha=0.85 | original=Color(0.9882353, 0.98039216, 0.92941177, 1.0, sRGB IEC61966-2.1) → adjusted=Color(0.9882353, 0.98039216, 0.92941177, 0.8509804, sRGB IEC61966-2.1)
2026-04-06 14:00:12.852 26920-26920 WallpaperLog            com.wind.ggbond.classtime.debug      D  【WallpaperAwareSurface】isWallpaperEnabled=true | alpha=0.85 | original=Color(0.9882353, 0.98039216, 0.92941177, 1.0, sRGB IEC61966-2.1) → adjusted=Color(0.9882353, 0.98039216, 0.92941177, 0.8509804, sRGB IEC61966-2.1)
2026-04-06 14:00:12.853 26920-26920 WallpaperLog            com.wind.ggbond.classtime.debug      D  【WallpaperAwareSurface】isWallpaperEnabled=true | alpha=0.85 | original=Color(0.9882353, 0.98039216, 0.92941177, 1.0, sRGB IEC61966-2.1) → adjusted=Color(0.9882353, 0.98039216, 0.92941177, 0.8509804, sRGB IEC61966-2.1)
2026-04-06 14:00:12.853 26920-26920 WallpaperLog            com.wind.ggbond.classtime.debug      D  【WallpaperAwareSurface】isWallpaperEnabled=true | alpha=0.85 | original=Color(0.9882353, 0.98039216, 0.92941177, 1.0, sRGB IEC61966-2.1) → adjusted=Color(0.9882353, 0.98039216, 0.92941177, 0.8509804, sRGB IEC61966-2.1)
2026-04-06 14:00:12.854 26920-26920 WallpaperLog            com.wind.ggbond.classtime.debug      D  【WallpaperAwareSurface】isWallpaperEnabled=true | alpha=0.85 | original=Color(0.9882353, 0.98039216, 0.92941177, 1.0, sRGB IEC61966-2.1) → adjusted=Color(0.9882353, 0.98039216, 0.92941177, 0.8509804, sRGB IEC61966-2.1)
2026-04-06 14:00:12.854 26920-26920 WallpaperLog            com.wind.ggbond.classtime.debug      D  【WallpaperAwareSurface】isWallpaperEnabled=true | alpha=0.85 | original=Color(0.9882353, 0.98039216, 0.92941177, 1.0, sRGB IEC61966-2.1) → adjusted=Color(0.9882353, 0.98039216, 0.92941177, 0.8509804, sRGB IEC61966-2.1)
2026-04-06 14:00:12.854  3369-4352  InputDispatcher         system_server                        I  Canceling pointers for device -1 in d72386a com.wind.ggbond.classtime.debug/com.wind.ggbond.classtime.MainActivity with event MotionEvent(deviceId=-1, eventTime=88459633000000, source=TOUCHSCREEN | STYLUS, displayId=0, action=HOVER_EXIT, actionButton=0x00000000, flags=0x00000000, metaState=0x00000000, buttonState=0x00000000, classification=NONE, edgeFlags=0x00000000, xPrecision=1.0, yPrecision=1.0, xCursorPosition=nan, yCursorPosition=nan, pointers=[0: (10.0, 1401.0)]), policyFlags=0x6b000000
2026-04-06 14:00:12.855 26920-26920 WallpaperLog            com.wind.ggbond.classtime.debug      D  【WallpaperAwareSurface】isWallpaperEnabled=true | alpha=0.85 | original=Color(0.9882353, 0.98039216, 0.92941177, 1.0, sRGB IEC61966-2.1) → adjusted=Color(0.9882353, 0.98039216, 0.92941177, 0.8509804, sRGB IEC61966-2.1)
2026-04-06 14:00:12.855 26920-26920 WallpaperLog            com.wind.ggbond.classtime.debug      D  【WallpaperAwareSurface】isWallpaperEnabled=true | alpha=0.85 | original=Color(0.9882353, 0.98039216, 0.92941177, 1.0, sRGB IEC61966-2.1) → adjusted=Color(0.9882353, 0.98039216, 0.92941177, 0.8509804, sRGB IEC61966-2.1)
2026-04-06 14:00:12.856 26920-26920 WallpaperLog            com.wind.ggbond.classtime.debug      D  【WallpaperAwareSurface】isWallpaperEnabled=true | alpha=0.85 | original=Color(0.9882353, 0.98039216, 0.92941177, 1.0, sRGB IEC61966-2.1) → adjusted=Color(0.9882353, 0.98039216, 0.92941177, 0.8509804, sRGB IEC61966-2.1)
2026-04-06 14:00:12.856 26920-26920 WallpaperLog            com.wind.ggbond.classtime.debug      D  【WallpaperAwareSurface】isWallpaperEnabled=true | alpha=0.85 | original=Color(0.9882353, 0.98039216, 0.92941177, 1.0, sRGB IEC61966-2.1) → adjusted=Color(0.9882353, 0.98039216, 0.92941177, 0.8509804, sRGB IEC61966-2.1)
2026-04-06 14:00:12.857 26920-26920 WallpaperLog            com.wind.ggbond.classtime.debug      D  【WallpaperAwareSurface】isWallpaperEnabled=true | alpha=0.85 | original=Color(0.9882353, 0.98039216, 0.92941177, 1.0, sRGB IEC61966-2.1) → adjusted=Color(0.9882353, 0.98039216, 0.92941177, 0.8509804, sRGB IEC61966-2.1)
2026-04-06 14:00:12.857 26920-26920 WallpaperLog            com.wind.ggbond.classtime.debug      D  【WallpaperAwareSurface】isWallpaperEnabled=true | alpha=0.85 | original=Color(0.9882353, 0.98039216, 0.92941177, 1.0, sRGB IEC61966-2.1) → adjusted=Color(0.9882353, 0.98039216, 0.92941177, 0.8509804, sRGB IEC61966-2.1)
2026-04-06 14:00:12.858 26920-26920 WallpaperLog            com.wind.ggbond.classtime.debug      D  【WallpaperAwareSurface】isWallpaperEnabled=true | alpha=0.85 | original=Color(0.9882353, 0.98039216, 0.92941177, 1.0, sRGB IEC61966-2.1) → adjusted=Color(0.9882353, 0.98039216, 0.92941177, 0.8509804, sRGB IEC61966-2.1)
2026-04-06 14:00:12.858 26920-26920 WallpaperLog            com.wind.ggbond.classtime.debug      D  【WallpaperAwareSurface】isWallpaperEnabled=true | alpha=0.85 | original=Color(0.9882353, 0.98039216, 0.92941177, 1.0, sRGB IEC61966-2.1) → adjusted=Color(0.9882353, 0.98039216, 0.92941177, 0.8509804, sRGB IEC61966-2.1)
2026-04-06 14:00:12.859 26920-26920 WallpaperLog            com.wind.ggbond.classtime.debug      D  【WallpaperAwareSurface】isWallpaperEnabled=true | alpha=0.85 | original=Color(0.9882353, 0.98039216, 0.92941177, 1.0, sRGB IEC61966-2.1) → adjusted=Color(0.9882353, 0.98039216, 0.92941177, 0.8509804, sRGB IEC61966-2.1)
2026-04-06 14:00:12.859 26920-26920 WallpaperLog            com.wind.ggbond.classtime.debug      D  【WallpaperAwareSurface】isWallpaperEnabled=true | alpha=0.85 | original=Color(0.9882353, 0.98039216, 0.92941177, 1.0, sRGB IEC61966-2.1) → adjusted=Color(0.9882353, 0.98039216, 0.92941177, 0.8509804, sRGB IEC61966-2.1)
2026-04-06 14:00:12.860 26920-26920 WallpaperLog            com.wind.ggbond.classtime.debug      D  【WallpaperAwareSurface】isWallpaperEnabled=true | alpha=0.85 | original=Color(0.9882353, 0.98039216, 0.92941177, 1.0, sRGB IEC61966-2.1) → adjusted=Color(0.9882353, 0.98039216, 0.92941177, 0.8509804, sRGB IEC61966-2.1)
2026-04-06 14:00:12.860 26920-26920 WallpaperLog            com.wind.ggbond.classtime.debug      D  【WallpaperAwareSurface】isWallpaperEnabled=true | alpha=0.85 | original=Color(0.9882353, 0.98039216, 0.92941177, 1.0, sRGB IEC61966-2.1) → adjusted=Color(0.9882353, 0.98039216, 0.92941177, 0.8509804, sRGB IEC61966-2.1)
2026-04-06 14:00:12.861 26920-26920 WallpaperLog            com.wind.ggbond.classtime.debug      D  【WallpaperAwareSurface】isWallpaperEnabled=true | alpha=0.85 | original=Color(0.9882353, 0.98039216, 0.92941177, 1.0, sRGB IEC61966-2.1) → adjusted=Color(0.9882353, 0.98039216, 0.92941177, 0.8509804, sRGB IEC61966-2.1)
2026-04-06 14:00:12.862 26920-26920 WallpaperLog            com.wind.ggbond.classtime.debug      D  【WallpaperAwareSurface】isWallpaperEnabled=true | alpha=0.85 | original=Color(0.9882353, 0.98039216, 0.92941177, 1.0, sRGB IEC61966-2.1) → adjusted=Color(0.9882353, 0.98039216, 0.92941177, 0.8509804, sRGB IEC61966-2.1)
2026-04-06 14:00:12.862 26920-26920 WallpaperLog            com.wind.ggbond.classtime.debug      D  【WallpaperAwareSurface】isWallpaperEnabled=true | alpha=0.85 | original=Color(0.9882353, 0.98039216, 0.92941177, 1.0, sRGB IEC61966-2.1) → adjusted=Color(0.9882353, 0.98039216, 0.92941177, 0.8509804, sRGB IEC61966-2.1)
2026-04-06 14:00:12.863 26920-26920 WallpaperLog            com.wind.ggbond.classtime.debug      D  【WallpaperAwareSurface】isWallpaperEnabled=true | alpha=0.85 | original=Color(0.9882353, 0.98039216, 0.92941177, 1.0, sRGB IEC61966-2.1) → adjusted=Color(0.9882353, 0.98039216, 0.92941177, 0.8509804, sRGB IEC61966-2.1)
2026-04-06 14:00:12.863 26920-26920 WallpaperLog            com.wind.ggbond.classtime.debug      D  【WallpaperAwareSurface】isWallpaperEnabled=true | alpha=0.85 | original=Color(0.9882353, 0.98039216, 0.92941177, 1.0, sRGB IEC61966-2.1) → adjusted=Color(0.9882353, 0.98039216, 0.92941177, 0.8509804, sRGB IEC61966-2.1)
2026-04-06 14:00:12.864 26920-26920 WallpaperLog            com.wind.ggbond.classtime.debug      D  【WallpaperAwareSurface】isWallpaperEnabled=true | alpha=0.85 | original=Color(0.9882353, 0.98039216, 0.92941177, 1.0, sRGB IEC61966-2.1) → adjusted=Color(0.9882353, 0.98039216, 0.92941177, 0.8509804, sRGB IEC61966-2.1)
2026-04-06 14:00:12.864 26920-26920 WallpaperLog            com.wind.ggbond.classtime.debug      D  【WallpaperAwareSurface】isWallpaperEnabled=true | alpha=0.85 | original=Color(0.9882353, 0.98039216, 0.92941177, 1.0, sRGB IEC61966-2.1) → adjusted=Color(0.9882353, 0.98039216, 0.92941177, 0.8509804, sRGB IEC61966-2.1)
2026-04-06 14:00:12.865 26920-26920 WallpaperLog            com.wind.ggbond.classtime.debug      D  【WallpaperAwareSurface】isWallpaperEnabled=true | alpha=0.85 | original=Color(0.9882353, 0.98039216, 0.92941177, 1.0, sRGB IEC61966-2.1) → adjusted=Color(0.9882353, 0.98039216, 0.92941177, 0.8509804, sRGB IEC61966-2.1)
2026-04-06 14:00:12.865 26920-26920 WallpaperLog            com.wind.ggbond.classtime.debug      D  【WallpaperAwareSurface】isWallpaperEnabled=true | alpha=0.85 | original=Color(0.9882353, 0.98039216, 0.92941177, 1.0, sRGB IEC61966-2.1) → adjusted=Color(0.9882353, 0.98039216, 0.92941177, 0.8509804, sRGB IEC61966-2.1)
2026-04-06 14:00:12.866 26920-26920 WallpaperLog            com.wind.ggbond.classtime.debug      D  【WallpaperAwareSurface】isWallpaperEnabled=true | alpha=0.85 | original=Color(0.9882353, 0.98039216, 0.92941177, 1.0, sRGB IEC61966-2.1) → adjusted=Color(0.9882353, 0.98039216, 0.92941177, 0.8509804, sRGB IEC61966-2.1)
2026-04-06 14:00:12.866 26920-26920 WallpaperLog            com.wind.ggbond.classtime.debug      D  【WallpaperAwareSurface】isWallpaperEnabled=true | alpha=0.85 | original=Color(0.9882353, 0.98039216, 0.92941177, 1.0, sRGB IEC61966-2.1) → adjusted=Color(0.9882353, 0.98039216, 0.92941177, 0.8509804, sRGB IEC61966-2.1)
2026-04-06 14:00:12.867 26920-26920 WallpaperLog            com.wind.ggbond.classtime.debug      D  【WallpaperAwareSurface】isWallpaperEnabled=true | alpha=0.85 | original=Color(0.9882353, 0.98039216, 0.92941177, 1.0, sRGB IEC61966-2.1) → adjusted=Color(0.9882353, 0.98039216, 0.92941177, 0.8509804, sRGB IEC61966-2.1)
2026-04-06 14:00:12.867 26920-26920 WallpaperLog            com.wind.ggbond.classtime.debug      D  【WallpaperAwareSurface】isWallpaperEnabled=true | alpha=0.85 | original=Color(0.9882353, 0.98039216, 0.92941177, 1.0, sRGB IEC61966-2.1) → adjusted=Color(0.9882353, 0.98039216, 0.92941177, 0.8509804, sRGB IEC61966-2.1)
2026-04-06 14:00:12.868 26920-26920 WallpaperLog            com.wind.ggbond.classtime.debug      D  【WallpaperAwareSurface】isWallpaperEnabled=true | alpha=0.85 | original=Color(0.9882353, 0.98039216, 0.92941177, 1.0, sRGB IEC61966-2.1) → adjusted=Color(0.9882353, 0.98039216, 0.92941177, 0.8509804, sRGB IEC61966-2.1)
2026-04-06 14:00:12.868 26920-26920 WallpaperLog            com.wind.ggbond.classtime.debug      D  【WallpaperAwareSurface】isWallpaperEnabled=true | alpha=0.85 | original=Color(0.9882353, 0.98039216, 0.92941177, 1.0, sRGB IEC61966-2.1) → adjusted=Color(0.9882353, 0.98039216, 0.92941177, 0.8509804, sRGB IEC61966-2.1)
2026-04-06 14:00:12.869 26920-26920 WallpaperLog            com.wind.ggbond.classtime.debug      D  【WallpaperAwareSurface】isWallpaperEnabled=true | alpha=0.85 | original=Color(0.9882353, 0.98039216, 0.92941177, 1.0, sRGB IEC61966-2.1) → adjusted=Color(0.9882353, 0.98039216, 0.92941177, 0.8509804, sRGB IEC61966-2.1)
2026-04-06 14:00:12.869 26920-26920 WallpaperLog            com.wind.ggbond.classtime.debug      D  【WallpaperAwareSurface】isWallpaperEnabled=true | alpha=0.85 | original=Color(0.9882353, 0.98039216, 0.92941177, 1.0, sRGB IEC61966-2.1) → adjusted=Color(0.9882353, 0.98039216, 0.92941177, 0.8509804, sRGB IEC61966-2.1)
2026-04-06 14:00:12.870 26920-26920 WallpaperLog            com.wind.ggbond.classtime.debug      D  【WallpaperAwareSurface】isWallpaperEnabled=true | alpha=0.85 | original=Color(0.9882353, 0.98039216, 0.92941177, 1.0, sRGB IEC61966-2.1) → adjusted=Color(0.9882353, 0.98039216, 0.92941177, 0.8509804, sRGB IEC61966-2.1)
2026-04-06 14:00:12.870 26920-26920 WallpaperLog            com.wind.ggbond.classtime.debug      D  【WallpaperAwareSurface】isWallpaperEnabled=true | alpha=0.85 | original=Color(0.9882353, 0.98039216, 0.92941177, 1.0, sRGB IEC61966-2.1) → adjusted=Color(0.9882353, 0.98039216, 0.92941177, 0.8509804, sRGB IEC61966-2.1)
2026-04-06 14:00:12.871 26920-26920 WallpaperLog            com.wind.ggbond.classtime.debug      D  【WallpaperAwareSurface】isWallpaperEnabled=true | alpha=0.85 | original=Color(0.9882353, 0.98039216, 0.92941177, 1.0, sRGB IEC61966-2.1) → adjusted=Color(0.9882353, 0.98039216, 0.92941177, 0.8509804, sRGB IEC61966-2.1)
2026-04-06 14:00:12.871 26920-26920 WallpaperLog            com.wind.ggbond.classtime.debug      D  【WallpaperAwareSurface】isWallpaperEnabled=true | alpha=0.85 | original=Color(0.9882353, 0.98039216, 0.92941177, 1.0, sRGB IEC61966-2.1) → adjusted=Color(0.9882353, 0.98039216, 0.92941177, 0.8509804, sRGB IEC61966-2.1)
2026-04-06 14:00:12.872 26920-26920 WallpaperLog            com.wind.ggbond.classtime.debug      D  【WallpaperAwareSurface】isWallpaperEnabled=true | alpha=0.85 | original=Color(0.9882353, 0.98039216, 0.92941177, 1.0, sRGB IEC61966-2.1) → adjusted=Color(0.9882353, 0.98039216, 0.92941177, 0.8509804, sRGB IEC61966-2.1)
2026-04-06 14:00:12.872 26920-26920 WallpaperLog            com.wind.ggbond.classtime.debug      D  【WallpaperAwareSurface】isWallpaperEnabled=true | alpha=0.85 | original=Color(0.9882353, 0.98039216, 0.92941177, 1.0, sRGB IEC61966-2.1) → adjusted=Color(0.9882353, 0.98039216, 0.92941177, 0.8509804, sRGB IEC61966-2.1)
2026-04-06 14:00:12.873 26920-26920 WallpaperLog            com.wind.ggbond.classtime.debug      D  【WallpaperAwareSurface】isWallpaperEnabled=true | alpha=0.85 | original=Color(0.9882353, 0.98039216, 0.92941177, 1.0, sRGB IEC61966-2.1) → adjusted=Color(0.9882353, 0.98039216, 0.92941177, 0.8509804, sRGB IEC61966-2.1)
2026-04-06 14:00:12.873 26920-26920 WallpaperLog            com.wind.ggbond.classtime.debug      D  【WallpaperAwareSurface】isWallpaperEnabled=true | alpha=0.85 | original=Color(0.9882353, 0.98039216, 0.92941177, 1.0, sRGB IEC61966-2.1) → adjusted=Color(0.9882353, 0.98039216, 0.92941177, 0.8509804, sRGB IEC61966-2.1)
2026-04-06 14:00:12.874 26920-26920 WallpaperLog            com.wind.ggbond.classtime.debug      D  【WallpaperAwareSurface】isWallpaperEnabled=true | alpha=0.85 | original=Color(0.9882353, 0.98039216, 0.92941177, 1.0, sRGB IEC61966-2.1) → adjusted=Color(0.9882353, 0.98039216, 0.92941177, 0.8509804, sRGB IEC61966-2.1)
2026-04-06 14:00:12.874 26920-26920 WallpaperLog            com.wind.ggbond.classtime.debug      D  【WallpaperAwareSurface】isWallpaperEnabled=true | alpha=0.85 | original=Color(0.9882353, 0.98039216, 0.92941177, 1.0, sRGB IEC61966-2.1) → adjusted=Color(0.9882353, 0.98039216, 0.92941177, 0.8509804, sRGB IEC61966-2.1)
2026-04-06 14:00:12.875 26920-26920 WallpaperLog            com.wind.ggbond.classtime.debug      D  【WallpaperAwareSurface】isWallpaperEnabled=true | alpha=0.85 | original=Color(0.9882353, 0.98039216, 0.92941177, 1.0, sRGB IEC61966-2.1) → adjusted=Color(0.9882353, 0.98039216, 0.92941177, 0.8509804, sRGB IEC61966-2.1)
2026-04-06 14:00:12.875 26920-26920 WallpaperLog            com.wind.ggbond.classtime.debug      D  【WallpaperAwareSurface】isWallpaperEnabled=true | alpha=0.85 | original=Color(0.9882353, 0.98039216, 0.92941177, 1.0, sRGB IEC61966-2.1) → adjusted=Color(0.9882353, 0.98039216, 0.92941177, 0.8509804, sRGB IEC61966-2.1)
2026-04-06 14:00:12.876 26920-26920 WallpaperLog            com.wind.ggbond.classtime.debug      D  【WallpaperAwareSurface】isWallpaperEnabled=true | alpha=0.85 | original=Color(0.9882353, 0.98039216, 0.92941177, 1.0, sRGB IEC61966-2.1) → adjusted=Color(0.9882353, 0.98039216, 0.92941177, 0.8509804, sRGB IEC61966-2.1)
2026-04-06 14:00:12.876 26920-26920 WallpaperLog            com.wind.ggbond.classtime.debug      D  【WallpaperAwareSurface】isWallpaperEnabled=true | alpha=0.85 | original=Color(0.9882353, 0.98039216, 0.92941177, 1.0, sRGB IEC61966-2.1) → adjusted=Color(0.9882353, 0.98039216, 0.92941177, 0.8509804, sRGB IEC61966-2.1)
2026-04-06 14:00:12.877 26920-26920 WallpaperLog            com.wind.ggbond.classtime.debug      D  【WallpaperAwareSurface】isWallpaperEnabled=true | alpha=0.85 | original=Color(0.9882353, 0.98039216, 0.92941177, 1.0, sRGB IEC61966-2.1) → adjusted=Color(0.9882353, 0.98039216, 0.92941177, 0.8509804, sRGB IEC61966-2.1)
2026-04-06 14:00:12.877 26920-26920 WallpaperLog            com.wind.ggbond.classtime.debug      D  【WallpaperAwareSurface】isWallpaperEnabled=true | alpha=0.85 | original=Color(0.9882353, 0.98039216, 0.92941177, 1.0, sRGB IEC61966-2.1) → adjusted=Color(0.9882353, 0.98039216, 0.92941177, 0.8509804, sRGB IEC61966-2.1)
2026-04-06 14:00:12.878 26920-26920 WallpaperLog            com.wind.ggbond.classtime.debug      D  【WallpaperAwareSurface】isWallpaperEnabled=true | alpha=0.85 | original=Color(0.9882353, 0.98039216, 0.92941177, 1.0, sRGB IEC61966-2.1) → adjusted=Color(0.9882353, 0.98039216, 0.92941177, 0.8509804, sRGB IEC61966-2.1)
2026-04-06 14:00:12.878 26920-26920 WallpaperLog            com.wind.ggbond.classtime.debug      D  【WallpaperAwareSurface】isWallpaperEnabled=true | alpha=0.85 | original=Color(0.9882353, 0.98039216, 0.92941177, 1.0, sRGB IEC61966-2.1) → adjusted=Color(0.9882353, 0.98039216, 0.92941177, 0.8509804, sRGB IEC61966-2.1)
2026-04-06 14:00:12.879 26920-26920 WallpaperLog            com.wind.ggbond.classtime.debug      D  【WallpaperAwareSurface】isWallpaperEnabled=true | alpha=0.85 | original=Color(0.9882353, 0.98039216, 0.92941177, 1.0, sRGB IEC61966-2.1) → adjusted=Color(0.9882353, 0.98039216, 0.92941177, 0.8509804, sRGB IEC61966-2.1)
2026-04-06 14:00:12.879 26920-26920 WallpaperLog            com.wind.ggbond.classtime.debug      D  【WallpaperAwareSurface】isWallpaperEnabled=true | alpha=0.85 | original=Color(0.9882353, 0.98039216, 0.92941177, 1.0, sRGB IEC61966-2.1) → adjusted=Color(0.9882353, 0.98039216, 0.92941177, 0.8509804, sRGB IEC61966-2.1)
2026-04-06 14:00:12.964 26920-26992 OplusScrollToTopManager com.wind.ggbond.classtime.debug      D  com.wind.ggbond.classtime.debug/com.wind.ggbond.classtime.MainActivity,This com.android.internal.policy.DecorView{f51930f V.E...... R......D 0,0-1272,2800 aid=0 alpha=1.0 viewInfo = }[MainActivity] change focus to true
2026-04-06 14:00:12.992 26920-26920 BackgroundThemeManager  com.wind.ggbond.classtime.debug      D  [getActiveBackgroundScheme] Flow emitted
2026-04-06 14:00:12.992 26920-26920 BackgroundThemeManager  com.wind.ggbond.classtime.debug      D  [getActiveBackgroundScheme] index = 0
2026-04-06 14:00:12.992 26920-26920 BackgroundThemeManager  com.wind.ggbond.classtime.debug      D  [getActiveBackgroundScheme] json = ["{\"id\":\"7011aac5-b659-462e-9249-1b423867f294\",\"name\":\"图片背景 1\",\"uri\":\"file:\\\/\\\/\\\/data\\\/user\\\/0\\\/com.wind.ggbond.classtime.debug\\\/files\\\/backgrounds\\\/be07c343-9d1f-46b8-81ae-c97f7bd91726.jpg\",\"type\":\"image\",\"seedColor\":-9406416,\"blurRadius\":0,\"dimAmount\":40,\"createdAt\":1775454950339}"]
2026-04-06 14:00:12.992 26920-26920 BackgroundScheme        com.wind.ggbond.classtime.debug      D  [fromJsonArray] Input json = ["{\"id\":\"7011aac5-b659-462e-9249-1b423867f294\",\"name\":\"图片背景 1\",\"uri\":\"file:\\\/\\\/\\\/data\\\/user\\\/0\\\/com.wind.ggbond.classtime.debug\\\/files\\\/backgrounds\\\/be07c343-9d1f-46b8-81ae-c97f7bd91726.jpg\",\"type\":\"image\",\"seedColor\":-9406416,\"blurRadius\":0,\"dimAmount\":40,\"createdAt\":1775454950339}"]
2026-04-06 14:00:12.992 26920-26920 BackgroundScheme        com.wind.ggbond.classtime.debug      D  [fromJsonArray] JSON array length = 1
2026-04-06 14:00:12.992 26920-26920 BackgroundScheme        com.wind.ggbond.classtime.debug      D  [fromJsonArray] Parsing item 0: {"id":"7011aac5-b659-462e-9249-1b423867f294","name":"图片背景 1","uri":"file:\/\/\/data\/user\/0\/com.wind.ggbond.classtime.debug\/files\/backgrounds\/be07c343-9d1f-46b8-81ae-c97f7bd91726.jpg","type":"image","seedColor":-9406416,"blurRadius":0,"dimAmount":40,"createdAt":1775454950339}
2026-04-06 14:00:12.992 26920-26920 BackgroundScheme        com.wind.ggbond.classtime.debug      D  [fromJsonArray] Parsed 1 schemes
2026-04-06 14:00:12.992 26920-26920 BackgroundThemeManager  com.wind.ggbond.classtime.debug      D  [getActiveBackgroundScheme] schemes.size = 1
2026-04-06 14:00:12.992 26920-26920 BackgroundThemeManager  com.wind.ggbond.classtime.debug      D  [getActiveBackgroundScheme] result = 7011aac5-b659-462e-9249-1b423867f294
2026-04-06 14:00:12.992 26920-26920 BackgroundThemeManager  com.wind.ggbond.classtime.debug      D  [isDynamicThemeEnabled] enabled = true
2026-04-06 14:00:12.999 26920-26920 ViewExtract             com.wind.ggbond.classtime.debug      D  [OplusViewExtractManager] OplusViewExtractManager init com.wind.ggbond.classtime.debug
2026-04-06 14:00:13.061 26920-26920 Choreographer           com.wind.ggbond.classtime.debug      I  Skipped 84 frames!  The application may be doing too much work on its main thread.
2026-04-06 14:00:13.142 26920-26920 WallpaperLog            com.wind.ggbond.classtime.debug      D  【MainScreen-壁纸状态】isDynamicThemeEnabled=true | activeScheme=非null | isWallpaperEnabled=true
2026-04-06 14:00:13.143 26920-26920 GlassEffect             com.wind.ggbond.classtime.debug      D  [来源-WeekViewContainer] 全局毛玻璃开关: glassEffectEnabled=true
2026-04-06 14:00:13.145 26920-26920 GlassEffect             com.wind.ggbond.classtime.debug      D  [来源-WeekViewContainer] 回到X周按钮渲染 | glassEffectEnabled=true
2026-04-06 14:00:13.313 26920-26957 HWUI                    com.wind.ggbond.classtime.debug      I  Davey! duration=953ms; Flags=0, FrameTimelineVsyncId=82168500, IntendedVsync=88459137158758, Vsync=88459833802678, InputEventId=-134010017, HandleInputStart=88459841841982, AnimationStart=88459913211565, PerformTraversalsStart=88459972900419, DrawStart=88459972967763, FrameDeadline=88459581946001, FrameStartTime=88459841417190, FrameInterval=8293380, WorkloadTarget=13666666, SyncQueued=88460077862919, SyncStart=88460077971513, IssueDrawCommandsStart=88460078606982, SwapBuffers=88460087833961, FrameCompleted=88460091026044, DequeueBufferDuration=72657, QueueBufferDuration=368542, GpuCompleted=88460091026044, SwapBuffersCompleted=88460088299586, DisplayPresentTime=0, CommandSubmissionCompleted=88460087833961, 
2026-04-06 14:00:13.324 26920-26920 BackgroundThemeManager  com.wind.ggbond.classtime.debug      D  [isDynamicThemeEnabled] enabled = true
2026-04-06 14:00:13.324 26920-26920 BackgroundThemeManager  com.wind.ggbond.classtime.debug      D  [getActiveBackgroundScheme] Flow emitted
2026-04-06 14:00:13.324 26920-26920 BackgroundThemeManager  com.wind.ggbond.classtime.debug      D  [getActiveBackgroundScheme] index = 0
2026-04-06 14:00:13.324 26920-26920 BackgroundThemeManager  com.wind.ggbond.classtime.debug      D  [getActiveBackgroundScheme] json = ["{\"id\":\"7011aac5-b659-462e-9249-1b423867f294\",\"name\":\"图片背景 1\",\"uri\":\"file:\\\/\\\/\\\/data\\\/user\\\/0\\\/com.wind.ggbond.classtime.debug\\\/files\\\/backgrounds\\\/be07c343-9d1f-46b8-81ae-c97f7bd91726.jpg\",\"type\":\"image\",\"seedColor\":-9406416,\"blurRadius\":0,\"dimAmount\":40,\"createdAt\":1775454950339}"]
2026-04-06 14:00:13.324 26920-26920 BackgroundScheme        com.wind.ggbond.classtime.debug      D  [fromJsonArray] Input json = ["{\"id\":\"7011aac5-b659-462e-9249-1b423867f294\",\"name\":\"图片背景 1\",\"uri\":\"file:\\\/\\\/\\\/data\\\/user\\\/0\\\/com.wind.ggbond.classtime.debug\\\/files\\\/backgrounds\\\/be07c343-9d1f-46b8-81ae-c97f7bd91726.jpg\",\"type\":\"image\",\"seedColor\":-9406416,\"blurRadius\":0,\"dimAmount\":40,\"createdAt\":1775454950339}"]
2026-04-06 14:00:13.324 26920-26920 BackgroundScheme        com.wind.ggbond.classtime.debug      D  [fromJsonArray] JSON array length = 1
2026-04-06 14:00:13.325 26920-26920 BackgroundScheme        com.wind.ggbond.classtime.debug      D  [fromJsonArray] Parsing item 0: {"id":"7011aac5-b659-462e-9249-1b423867f294","name":"图片背景 1","uri":"file:\/\/\/data\/user\/0\/com.wind.ggbond.classtime.debug\/files\/backgrounds\/be07c343-9d1f-46b8-81ae-c97f7bd91726.jpg","type":"image","seedColor":-9406416,"blurRadius":0,"dimAmount":40,"createdAt":1775454950339}
2026-04-06 14:00:13.325 26920-26920 BackgroundScheme        com.wind.ggbond.classtime.debug      D  [fromJsonArray] Parsed 1 schemes
2026-04-06 14:00:13.325 26920-26920 BackgroundThemeManager  com.wind.ggbond.classtime.debug      D  [getActiveBackgroundScheme] schemes.size = 1
2026-04-06 14:00:13.325 26920-26920 BackgroundThemeManager  com.wind.ggbond.classtime.debug      D  [getActiveBackgroundScheme] result = 7011aac5-b659-462e-9249-1b423867f294
2026-04-06 14:00:13.488 26920-26920 GlassEffect             com.wind.ggbond.classtime.debug      D  [来源-WeekViewContainer] 回到X周按钮渲染 | glassEffectEnabled=true
2026-04-06 14:00:13.563  3369-4352  InputDispatcher         system_server                        I  Canceling pointers for device -1 in d72386a com.wind.ggbond.classtime.debug/com.wind.ggbond.classtime.MainActivity with event MotionEvent(deviceId=-1, eventTime=88460342000000, source=MOUSE, displayId=0, action=HOVER_EXIT, actionButton=0x00000000, flags=0x00000000, metaState=0x00000000, buttonState=0x00000000, classification=NONE, edgeFlags=0x00000000, xPrecision=1.0, yPrecision=1.0, xCursorPosition=704.0, yCursorPosition=2652.0, pointers=[0: (704.0, 2652.0)]), policyFlags=0x6b000000
2026-04-06 14:00:13.563  3369-4352  InputDispatcher         system_server                        W  channel d72386a com.wind.ggbond.classtime.debug/com.wind.ggbond.classtime.MainActivity~ dropping inconsistent event: DispatchEntry{resolvedFlags=0, targetFlags=0x0, transform=transform (ROT_0) (IDENTITY)
                                                                                                    } original: MotionEvent(deviceId=-1, eventTime=88460342000000, source=TOUCHSCREEN | STYLUS, displayId=0, action=HOVER_EXIT, actionButton=0x00000000, flags=0x00000000, metaState=0x00000000, buttonState=0x00000000, classification=NONE, edgeFlags=0x00000000, xPrecision=1.0, yPrecision=1.0, xCursorPosition=nan, yCursorPosition=nan, pointers=[0: (704.0, 2652.0)]), policyFlags=0x6b000000
2026-04-06 14:00:13.565 26920-26920 GlassEffect             com.wind.ggbond.classtime.debug      D  [来源-ActionPanelProvider] 全局毛玻璃开关: glassEffectEnabled=false
2026-04-06 14:00:13.565 26920-26920 WallpaperLog            com.wind.ggbond.classtime.debug      D  【ActionPanelProvider-背景】isWallpaperEnabled=true | 将设置Scaffold背景
2026-04-06 14:00:13.565 26920-26920 GlassEffect             com.wind.ggbond.classtime.debug      D  [来源-ActionPanelProvider] FAB渲染 | glassEffectEnabled=false
2026-04-06 14:00:13.567 26920-26920 GlassEffect             com.wind.ggbond.classtime.debug      D  [来源-WeekViewContainer] 全局毛玻璃开关: glassEffectEnabled=false
2026-04-06 14:00:13.567 26920-26920 GlassEffect             com.wind.ggbond.classtime.debug      D  [来源-WeekViewContainer] 回到X周按钮渲染 | glassEffectEnabled=false
2026-04-06 14:00:13.574 26920-26920 DynamicFra...peedAware] com.wind.ggbond.classtime.debug      I  onEventHandled: info: InputEventInfo: mX = 0, mY = 0, mAction = 0, mVsyncTime = 88460354, mIsMoving = true, mUpdated = true
2026-04-06 14:00:13.575 26920-26920 OplusActiv...eadExtImpl com.wind.ggbond.classtime.debug      D  init method, sSupressionGC = public static native void dalvik.system.VMRuntime.SupressionGC(int,int), sDesupressionGC = public static native void dalvik.system.VMRuntime.DesupressionGC(int)
2026-04-06 14:00:13.575 26920-26920 IJankManager            com.wind.ggbond.classtime.debug      E  slideSceneEnd unknown scene 1000 mScene:-1
2026-04-06 14:00:13.709 26920-26920 OplusInput...erInternal com.wind.ggbond.classtime.debug      D  get inputMethodManager extension: com.android.internal.view.IInputMethodManager$Stub$Proxy@632811f
2026-04-06 14:00:13.710 26920-26920 DynamicFra...peedAware] com.wind.ggbond.classtime.debug      I  onEventHandled: info: InputEventInfo: mX = 0, mY = 0, mAction = 1, mVsyncTime = 88460489, mIsMoving = false, mUpdated = true
2026-04-06 14:00:13.715 26920-26920 ViewRootImplExtImpl     com.wind.ggbond.classtime.debug      D  the up motion event handled by client, just return
2026-04-06 14:00:13.719 26920-26920 MainContent             com.wind.ggbond.classtime.debug      D  [TransparencySetting] 半透明效果设置: glassEffectEnabled=false | showBottomBar=true | currentRoute=tab_tools
2026-04-06 14:00:13.723 26920-26920 MainContent             com.wind.ggbond.classtime.debug      D  [TransparencySetting] ✓ 渲染底部导航栏 | 传入blurEnabled=false
2026-04-06 14:00:13.723 26920-26920 BottomBar               com.wind.ggbond.classtime.debug      D  [BottomNavigationBar] 开始渲染 | blurEnabled=false | currentRoute=tab_tools
2026-04-06 14:00:13.723 26920-26920 BottomBar               com.wind.ggbond.classtime.debug      D  [BottomNavigationBar] containerColor设置完成 | alpha=1.0f(不透明)
2026-04-06 14:00:13.723 26920-26920 BottomBar               com.wind.ggbond.classtime.debug      D  [BottomNavigationBar] ✗ 使用不透明背景 (blurEnabled=false)
2026-04-06 14:00:13.731 26920-26920 OplusPredi...Controller com.wind.ggbond.classtime.debug      D  should not HookOnBackInvokedCallbackEnabled for activitycom.wind.ggbond.classtime.MainActivity@8c8ab7d hasOnBackInvokedCallBackEnabled
2026-04-06 14:00:13.731 26920-26920 OplusPredi...Controller com.wind.ggbond.classtime.debug      D  should not HookOnBackInvokedCallbackEnabled for activitycom.wind.ggbond.classtime.MainActivity@8c8ab7d hasOnBackInvokedCallBackEnabled
2026-04-06 14:00:13.731  3369-7892  CoreBackPreview         system_server                        D  Window{d72386a u0 com.wind.ggbond.classtime.debug/com.wind.ggbond.classtime.MainActivity}: Setting back callback OnBackInvokedCallbackInfo{mCallback=android.window.IOnBackInvokedCallback$Stub$Proxy@50bc09b, mPriority=0, mIsAnimationCallback=true, mOverrideBehavior=0}
2026-04-06 14:00:13.744 26920-26920 BackgroundThemeManager  com.wind.ggbond.classtime.debug      D  [observeCourseColors] START: saturationLevel=STANDARD
2026-04-06 14:00:13.751  3369-4352  InputDispatcher         system_server                        I  Canceling pointers for device -1 in d72386a com.wind.ggbond.classtime.debug/com.wind.ggbond.classtime.MainActivity with event MotionEvent(deviceId=-1, eventTime=88460530000000, source=TOUCHSCREEN | STYLUS, displayId=0, action=HOVER_EXIT, actionButton=0x00000000, flags=0x00000000, metaState=0x00000000, buttonState=0x00000000, classification=NONE, edgeFlags=0x00000000, xPrecision=1.0, yPrecision=1.0, xCursorPosition=nan, yCursorPosition=nan, pointers=[0: (695.0, 2667.0)]), policyFlags=0x6b000000
2026-04-06 14:00:14.588 26920-26998 KE/UpdateChecker        com.wind.ggbond.classtime.debug      D  检查完成: 最新版本=1.2.0, 需要更新=false
2026-04-06 14:00:16.068  5160-6063  UlPriority...Foreground com.oplus.nas                        D  match: config has not com.wind.ggbond.classtime.debug
2026-04-06 14:00:16.068  5160-6063  UlPriority...Foreground com.oplus.nas                        D  match: config has not com.wind.ggbond.classtime.debug
2026-04-06 14:00:16.682  3369-4352  InputDispatcher         system_server                        I  Canceling pointers for device -1 in d72386a com.wind.ggbond.classtime.debug/com.wind.ggbond.classtime.MainActivity with event MotionEvent(deviceId=-1, eventTime=88463461000000, source=MOUSE, displayId=0, action=HOVER_EXIT, actionButton=0x00000000, flags=0x00000000, metaState=0x00000000, buttonState=0x00000000, classification=NONE, edgeFlags=0x00000000, xPrecision=1.0, yPrecision=1.0, xCursorPosition=1025.0, yCursorPosition=2740.0, pointers=[0: (1025.0, 2740.0)]), policyFlags=0x6b000000
2026-04-06 14:00:16.682  3369-4352  InputDispatcher         system_server                        W  channel d72386a com.wind.ggbond.classtime.debug/com.wind.ggbond.classtime.MainActivity~ dropping inconsistent event: DispatchEntry{resolvedFlags=0, targetFlags=0x0, transform=transform (ROT_0) (IDENTITY)
                                                                                                    } original: MotionEvent(deviceId=-1, eventTime=88463461000000, source=TOUCHSCREEN | STYLUS, displayId=0, action=HOVER_EXIT, actionButton=0x00000000, flags=0x00000000, metaState=0x00000000, buttonState=0x00000000, classification=NONE, edgeFlags=0x00000000, xPrecision=1.0, yPrecision=1.0, xCursorPosition=nan, yCursorPosition=nan, pointers=[0: (1025.0, 2740.0)]), policyFlags=0x6b000000
2026-04-06 14:00:16.687  3369-4352  InputDispatcherExtImpl  system_server                        W  channel d72386a com.wind.ggbond.classtime.debug/com.wind.ggbond.classtime.MainActivity MotionEvent action_down is in interception region {[homegesture_displayid_0][0.000000,2723.000000][1272.000000,2800.000000],}, x: 1025.000000, y: 2740.000000, key: homegesture_displayid_0, displayid: 0, DispatchRegion: {[homegesture_displayid_0][0.000000,2723.000000][1272.000000,2800.000000],}
2026-04-06 14:00:16.802 26920-26920 DynamicFra...peedAware] com.wind.ggbond.classtime.debug      I  onEventHandled: info: InputEventInfo: mX = 0, mY = 0, mAction = 0, mVsyncTime = 88463582, mIsMoving = true, mUpdated = true
2026-04-06 14:00:16.802 26920-26920 IJankManager            com.wind.ggbond.classtime.debug      E  slideSceneEnd unknown scene 1000 mScene:-1
2026-04-06 14:00:16.805 26920-26920 DynamicFra...peedAware] com.wind.ggbond.classtime.debug      I  onEventHandled: info: InputEventInfo: mX = 0, mY = 0, mAction = 1, mVsyncTime = 88463585, mIsMoving = false, mUpdated = true
2026-04-06 14:00:16.809 26920-26920 ViewRootImplExtImpl     com.wind.ggbond.classtime.debug      D  the up motion event handled by client, just return
2026-04-06 14:00:16.812 26920-26920 MainContent             com.wind.ggbond.classtime.debug      D  [TransparencySetting] 半透明效果设置: glassEffectEnabled=false | showBottomBar=true | currentRoute=tab_profile
2026-04-06 14:00:16.815 26920-26920 MainContent             com.wind.ggbond.classtime.debug      D  [TransparencySetting] ✓ 渲染底部导航栏 | 传入blurEnabled=false
2026-04-06 14:00:16.815 26920-26920 BottomBar               com.wind.ggbond.classtime.debug      D  [BottomNavigationBar] 开始渲染 | blurEnabled=false | currentRoute=tab_profile
2026-04-06 14:00:16.815 26920-26920 BottomBar               com.wind.ggbond.classtime.debug      D  [BottomNavigationBar] containerColor设置完成 | alpha=1.0f(不透明)
2026-04-06 14:00:16.815 26920-26920 BottomBar               com.wind.ggbond.classtime.debug      D  [BottomNavigationBar] ✗ 使用不透明背景 (blurEnabled=false)
2026-04-06 14:00:16.836 26920-26920 BackgroundThemeManager  com.wind.ggbond.classtime.debug      D  [observeCourseColors] START: saturationLevel=STANDARD
2026-04-06 14:00:16.842 26920-26920 KE/MainVM               com.wind.ggbond.classtime.debug      D  MainViewModel 初始化
2026-04-06 14:00:16.845 26920-26920 KE/MainVM               com.wind.ggbond.classtime.debug      D  开始应用初始化...
2026-04-06 14:00:16.845 26920-26920 InitializationRepo      com.wind.ggbond.classtime.debug      D  开始初始化默认数据...
2026-04-06 14:00:17.001 26920-26920 InitializationRepo      com.wind.ggbond.classtime.debug      D  默认数据初始化完成
2026-04-06 14:00:17.004 26920-26920 KE/MainVM               com.wind.ggbond.classtime.debug      D  ✅ 默认数据初始化完成
2026-04-06 14:00:17.004 26920-26920 InitializationRepo      com.wind.ggbond.classtime.debug      D  开始预加载核心数据...
2026-04-06 14:00:17.008 26920-26920 InitializationRepo      com.wind.ggbond.classtime.debug      D  预加载课表: 2025-2026学年第二学期
2026-04-06 14:00:17.015 26920-26920 InitializationRepo      com.wind.ggbond.classtime.debug      D  预加载上课时间: 12个时间段
2026-04-06 14:00:17.023 26920-26920 InitializationRepo      com.wind.ggbond.classtime.debug      D  预加载课程: 3门课程
2026-04-06 14:00:17.023 26920-26920 InitializationRepo      com.wind.ggbond.classtime.debug      D  核心数据预加载完成，耗时: 19ms
2026-04-06 14:00:17.025 26920-26920 KE/MainVM               com.wind.ggbond.classtime.debug      D  ✅ 核心数据预加载完成
2026-04-06 14:00:17.030 26920-26920 KE/MainVM               com.wind.ggbond.classtime.debug      D  定时更新未启用
2026-04-06 14:00:17.030 26920-26920 ReminderCheckWorker     com.wind.ggbond.classtime.debug      D  兜底检查任务已注册（每15分钟）
2026-04-06 14:00:17.032 26920-26920 KE/MainVM               com.wind.ggbond.classtime.debug      D  ✅ WorkManager 兜底任务已注册
2026-04-06 14:00:17.035 26920-26920 KE/MainVM               com.wind.ggbond.classtime.debug      D  ✅ 保活服务已启动
2026-04-06 14:00:17.035 26920-26920 AlarmReminderScheduler  com.wind.ggbond.classtime.debug      D  开始重新调度所有提醒...
2026-04-06 14:00:17.041  3369-4352  InputDispatcher         system_server                        I  Canceling pointers for device -1 in d72386a com.wind.ggbond.classtime.debug/com.wind.ggbond.classtime.MainActivity with event MotionEvent(deviceId=-1, eventTime=88463821000000, source=TOUCHSCREEN | STYLUS, displayId=0, action=HOVER_EXIT, actionButton=0x00000000, flags=0x00000000, metaState=0x00000000, buttonState=0x00000000, classification=NONE, edgeFlags=0x00000000, xPrecision=1.0, yPrecision=1.0, xCursorPosition=nan, yCursorPosition=nan, pointers=[0: (1025.0, 2737.0)]), policyFlags=0x6b000000
2026-04-06 14:00:17.050 26920-26920 KeepAliveService        com.wind.ggbond.classtime.debug      D  保活服务已启动
2026-04-06 14:00:17.052  4869-4883  SystemUi--QuickSettings com.android.systemui                 I  OplusFgsManagerController-->onForegroundStateChanged: com.wind.ggbond.classtime.debug 0 true 2
2026-04-06 14:00:17.052 26920-26920 AlarmReminderScheduler  com.wind.ggbond.classtime.debug      D  开始批量创建提醒，课表ID: 1
2026-04-06 14:00:17.053  3369-3530  Notificati...nFixHelper system_server                        D  fixAppIcon: pkg=com.wind.ggbond.classtime.debug
2026-04-06 14:00:17.053  3369-3530  Notificati...nFixHelper system_server                        D  fixAppIcon: appIcon = null, pkg = com.wind.ggbond.classtime.debug
2026-04-06 14:00:17.063 26920-26920 AlarmReminderScheduler  com.wind.ggbond.classtime.debug      D  没有启用提醒的课程
2026-04-06 14:00:17.063 26920-26920 AlarmReminderScheduler  com.wind.ggbond.classtime.debug      D  重新调度所有提醒完成
2026-04-06 14:00:17.063 26920-27180 ProfileInstaller        com.wind.ggbond.classtime.debug      D  Installing profile for com.wind.ggbond.classtime.debug
2026-04-06 14:00:17.065 26920-26920 KE/MainVM               com.wind.ggbond.classtime.debug      D  ✅ 课程提醒调度完成
2026-04-06 14:00:17.070 26920-26920 KE/MainVM               com.wind.ggbond.classtime.debug      D  引导已完成，显示主界面
2026-04-06 14:00:17.072 26920-26920 KE/MainVM               com.wind.ggbond.classtime.debug      D  ✅ Widget 已刷新
2026-04-06 14:00:17.072 26920-26920 UpdateOrchestrator      com.wind.ggbond.classtime.debug      D  跳过检查（距离上次不足1分钟）
2026-04-06 14:00:17.074 26920-26920 KE/MainVM               com.wind.ggbond.classtime.debug      D  跳过自动更新: 检查频率限制
2026-04-06 14:00:17.076 26920-27005 WidgetRefreshHelper     com.wind.ggbond.classtime.debug      D  所有 Widget 已刷新
2026-04-06 14:00:17.089  3369-3451  SensorServiceExtImpl    system_server                        D  notifyApplicationLaunchStage processName=com.wind.ggbond.classtime.debug, uid=10534, pid=26920, stage=0
2026-04-06 14:00:18.670  3369-4352  InputDispatcher         system_server                        I  Canceling pointers for device -1 in d72386a com.wind.ggbond.classtime.debug/com.wind.ggbond.classtime.MainActivity with event MotionEvent(deviceId=-1, eventTime=88465449000000, source=MOUSE, displayId=0, action=HOVER_EXIT, actionButton=0x00000000, flags=0x00000000, metaState=0x00000000, buttonState=0x00000000, classification=NONE, edgeFlags=0x00000000, xPrecision=1.0, yPrecision=1.0, xCursorPosition=1086.0, yCursorPosition=2264.0, pointers=[0: (1086.0, 2264.0)]), policyFlags=0x6b000000
2026-04-06 14:00:18.670  3369-4352  InputDispatcher         system_server                        W  channel d72386a com.wind.ggbond.classtime.debug/com.wind.ggbond.classtime.MainActivity~ dropping inconsistent event: DispatchEntry{resolvedFlags=0, targetFlags=0x0, transform=transform (ROT_0) (IDENTITY)
                                                                                                    } original: MotionEvent(deviceId=-1, eventTime=88465449000000, source=TOUCHSCREEN | STYLUS, displayId=0, action=HOVER_EXIT, actionButton=0x00000000, flags=0x00000000, metaState=0x00000000, buttonState=0x00000000, classification=NONE, edgeFlags=0x00000000, xPrecision=1.0, yPrecision=1.0, xCursorPosition=nan, yCursorPosition=nan, pointers=[0: (1086.0, 2264.0)]), policyFlags=0x6b000000
2026-04-06 14:00:18.676 26920-26920 DynamicFra...peedAware] com.wind.ggbond.classtime.debug      I  onEventHandled: info: InputEventInfo: mX = 0, mY = 0, mAction = 0, mVsyncTime = 88465455, mIsMoving = true, mUpdated = true
2026-04-06 14:00:18.676 26920-26920 IJankManager            com.wind.ggbond.classtime.debug      E  slideSceneEnd unknown scene 1000 mScene:-1
2026-04-06 14:00:18.750 26920-26920 DynamicFra...peedAware] com.wind.ggbond.classtime.debug      I  onEventHandled: info: InputEventInfo: mX = 0, mY = 0, mAction = 1, mVsyncTime = 88465529, mIsMoving = false, mUpdated = true
2026-04-06 14:00:18.752 26920-26920 Vibrator                com.wind.ggbond.classtime.debug      D  SystemVibrator Created
2026-04-06 14:00:18.752  3369-6338  VibratorMa...iceExtImpl system_server                        I  vibrate is uid=10534, pid=0, opPkg=com.wind.ggbond.classtime.debug, effect=Mono{mEffect=Composed{segments=[OplusVibrationEffectSegment{mEffectId=0, mEffectStrength=-1, mRingtonePath=''}], repeat=-1}}, attributes=VibrationAttributes{mUsage=TOUCH, mAudioUsage= USAGE_UNKNOWN, mFlags=0}, reason=performHapticFeedback(constant=9): ViewRootImpl#performHapticFeedback, token=172223579
2026-04-06 14:00:18.754 26920-26920 ViewRootImplExtImpl     com.wind.ggbond.classtime.debug      D  the up motion event handled by client, just return
2026-04-06 14:00:18.760 26920-26920 MainContent             com.wind.ggbond.classtime.debug      D  [TransparencySetting] 半透明效果设置: glassEffectEnabled=false | showBottomBar=false | currentRoute=background_settings
2026-04-06 14:00:18.762 26920-26920 MainContent             com.wind.ggbond.classtime.debug      D  [TransparencySetting] ✗ 隐藏底部导航栏 (currentRoute不在BottomNavItem.routes中)
2026-04-06 14:00:18.799 26920-26920 BgSettingsVM            com.wind.ggbond.classtime.debug      D  [init] ViewModel initialized
2026-04-06 14:00:18.799 26920-26920 BgSettingsVM            com.wind.ggbond.classtime.debug      D  [loadCurrentSettings] START
2026-04-06 14:00:18.802 26920-26920 BgSettingsVM            com.wind.ggbond.classtime.debug      D  [loadCurrentSettings] END: Started collecting data
2026-04-06 14:00:18.804 26920-26920 BackgroundThemeManager  com.wind.ggbond.classtime.debug      D  [observeCourseColors] START: saturationLevel=STANDARD
2026-04-06 14:00:18.806 26920-26920 BackgroundThemeManager  com.wind.ggbond.classtime.debug      D  [observeCourseColors] START: saturationLevel=STANDARD
2026-04-06 14:00:18.866 26920-26920 BackgroundThemeManager  com.wind.ggbond.classtime.debug      D  [observeCourseColors] Generating palette with seedColor=#ff707830
2026-04-06 14:00:18.874 26920-26920 BackgroundThemeManager  com.wind.ggbond.classtime.debug      D  [getAllBackgroundSchemes] json = ["{\"id\":\"7011aac5-b659-462e-9249-1b423867f294\",\"name\":\"图片背景 1\",\"uri\":\"file:\\\/\\\/\\\/data\\\/user\\\/0\\\/com.wind.ggbond.classtime.debug\\\/files\\\/backgrounds\\\/be07c343-9d1f-46b8-81ae-c97f7bd91726.jpg\",\"type\":\"image\",\"seedColor\":-9406416,\"blurRadius\":0,\"dimAmount\":40,\"createdAt\":1775454950339}"]
2026-04-06 14:00:18.874 26920-26920 BackgroundScheme        com.wind.ggbond.classtime.debug      D  [fromJsonArray] Input json = ["{\"id\":\"7011aac5-b659-462e-9249-1b423867f294\",\"name\":\"图片背景 1\",\"uri\":\"file:\\\/\\\/\\\/data\\\/user\\\/0\\\/com.wind.ggbond.classtime.debug\\\/files\\\/backgrounds\\\/be07c343-9d1f-46b8-81ae-c97f7bd91726.jpg\",\"type\":\"image\",\"seedColor\":-9406416,\"blurRadius\":0,\"dimAmount\":40,\"createdAt\":1775454950339}"]
2026-04-06 14:00:18.874 26920-26920 BackgroundScheme        com.wind.ggbond.classtime.debug      D  [fromJsonArray] JSON array length = 1
2026-04-06 14:00:18.874 26920-26920 BackgroundScheme        com.wind.ggbond.classtime.debug      D  [fromJsonArray] Parsing item 0: {"id":"7011aac5-b659-462e-9249-1b423867f294","name":"图片背景 1","uri":"file:\/\/\/data\/user\/0\/com.wind.ggbond.classtime.debug\/files\/backgrounds\/be07c343-9d1f-46b8-81ae-c97f7bd91726.jpg","type":"image","seedColor":-9406416,"blurRadius":0,"dimAmount":40,"createdAt":1775454950339}
2026-04-06 14:00:18.874 26920-26920 BackgroundScheme        com.wind.ggbond.classtime.debug      D  [fromJsonArray] Parsed 1 schemes
